<html>
<body>
<pre>
<h1>µVision Build Log</h1>
<h2>Tool Versions:</h2>
IDE-Version: ¦ÌVision V5.30.0.0
Copyright (C) 2020 ARM Ltd and ARM Germany GmbH. All rights reserved.
License Information: 1 crabull@163.com, 2, LIC=ATTRA-1DCBX-2ZBW4-FXN23-EHBE5-T78TJ
 
Tool Versions:
Toolchain:       MDK-ARM Plus  Version: 5.30.0.0
Toolchain Path:  C:\Keil_v5\ARM\ARMCC\Bin
C Compiler:      Armcc.exe V5.06 update 6 (build 750)
Assembler:       Armasm.exe V5.06 update 6 (build 750)
Linker/Locator:  ArmLink.exe V5.06 update 6 (build 750)
Library Manager: ArmAr.exe V5.06 update 6 (build 750)
Hex Converter:   FromElf.exe V5.06 update 6 (build 750)
CPU DLL:         SARMCM3.DLL V5.30.0.0
Dialog DLL:      DARMCM1.DLL V1.19.3.0
Target DLL:      UL2CM3.DLL V1.163.3.0
Dialog DLL:      TARMCM1.DLL V1.14.2.0
 
<h2>Project:</h2>
D:\work\git_work\XC6xx\XC6xx_ble_sdk\Proj\HID_Demo\mdk\Xinc_ble_sdk.uvprojx
Project File Date:  01/26/2022

<h2>Output:</h2>
*** Using Compiler 'V5.06 update 6 (build 750)', folder: 'C:\Keil_v5\ARM\ARMCC\Bin'
Build target 'ble-fullstack'
compiling nrf_strerror.c...
compiling app_util_poatform.c...
..\..\..\Bsp\fds\app_util_poatform.c(121): warning:  #177-D: variable "irq_type"  was declared but never referenced
          int32_t irq_type = ((int32_t)isr_vector_num - EXTERNAL_INT_VECTOR_OFFSET);
..\..\..\Bsp\fds\app_util_poatform.c: 1 warning, 0 errors
compiling nrf_atomic.c...
compiling nrf_atfifo.c...
..\..\..\Bsp\fds\nrf_atfifo.c(130): warning:  #111-D: statement is unreachable
      NRF_LOG_INST_WARNING(p_fifo->p_log, "Allocation failed - no space.");
..\..\..\Bsp\fds\nrf_atfifo.c(181): warning:  #111-D: statement is unreachable
      NRF_LOG_INST_WARNING(p_fifo->p_log, "Get failed - no item in the FIFO.");
..\..\..\Bsp\fds\nrf_atfifo.c: 2 warnings, 0 errors
compiling xinc_fstorage_flash.c...
compiling cfc_flash.c...
..\..\..\Bsp\fds\cfc_flash.c(92): warning:  #177-D: variable "i"  was declared but never referenced
      uint32_t i;
..\..\..\Bsp\fds\cfc_flash.c: 1 warning, 0 errors
compiling app_button.c...
..\..\..\modules\nrfx\hal\nrf_gpio.h(538): warning:  #186-D: pointless comparison of unsigned integer with zero
  			if(pin_number >= 0 && pin_number <= 4)
..\..\..\components\libraries\button\app_button.c: 1 warning, 0 errors
compiling bsp_gpio.c...
..\..\..\modules\nrfx\hal/nrf_gpio.h(538): warning:  #186-D: pointless comparison of unsigned integer with zero
  			if(pin_number >= 0 && pin_number <= 4)
..\..\..\Bsp\bsp_gpio.c(327): warning:  #186-D: pointless comparison of unsigned integer with zero
  		if(num>=0 && num<=4)
..\..\..\Bsp\bsp_gpio.c: 2 warnings, 0 errors
compiling nrfx_gpiote.c...
..\..\..\modules\nrfx\hal/nrf_gpio.h(538): warning:  #186-D: pointless comparison of unsigned integer with zero
  			if(pin_number >= 0 && pin_number <= 4)
..\..\..\modules\nrfx\drivers\src\nrfx_gpiote.c(501): warning:  #188-D: enumerated type mixed with another type
  							handler(i, 0);
..\..\..\modules\nrfx\drivers\src\nrfx_gpiote.c(446): warning:  #177-D: function "input_read_and_check"  was declared but never referenced
  static bool input_read_and_check(uint32_t * input, uint32_t * pins_to_check)
..\..\..\modules\nrfx\drivers\src\nrfx_gpiote.c: 3 warnings, 0 errors
compiling fds.c...
..\..\..\Bsp\fds\fds.c(1686): warning:  #177-D: variable "flash_size"  was declared but never referenced
      uint32_t flash_size  = (FDS_PHY_PAGES * FDS_PHY_PAGE_SIZE * sizeof(uint32_t));
..\..\..\Bsp\fds\fds.c(1664): warning:  #177-D: function "flash_end_addr"  was declared but never referenced
  static uint32_t flash_end_addr(void)
..\..\..\Bsp\fds\fds.c: 2 warnings, 0 errors
compiling main.c...
..\..\..\modules\nrfx\hal\nrf_gpio.h(538): warning:  #186-D: pointless comparison of unsigned integer with zero
  			if(pin_number >= 0 && pin_number <= 4)
..\app\main.c(288): warning:  #177-D: variable "key_dump"  was declared but never referenced
  	static uint8_t key_dump = 0;
..\app\main.c(291): warning:  #550-D: variable "led_value"  was set but never used
  	uint8_t led_value = 0;
..\app\main.c(292): warning:  #550-D: variable "led_value1"  was set but never used
  	uint8_t led_value1 = 0;
..\app\main.c(388): warning:  #177-D: variable "codesize"  was declared but never referenced
  	int codesize = 0;
..\app\main.c(389): warning:  #177-D: variable "inp"  was declared but never referenced
  	unsigned char *inp, *outp;
..\app\main.c(389): warning:  #177-D: variable "outp"  was declared but never referenced
  	unsigned char *inp, *outp;
..\app\main.c(390): warning:  #177-D: variable "encoded"  was declared but never referenced
  	ssize_t encoded;
..\app\main.c(391): warning:  #177-D: variable "decoded"  was declared but never referenced
  	size_t decoded;
..\app\main.c(392): warning:  #177-D: variable "len"  was declared but never referenced
  	ssize_t len;
..\app\main.c(393): warning:  #177-D: variable "outp_len"  was declared but never referenced
  	ssize_t outp_len;
..\app\main.c(394): warning:  #177-D: variable "framelen"  was declared but never referenced
  	int framelen;
..\app\main.c(405): warning:  #177-D: variable "idx"  was declared but never referenced
  		uint32_t idx = 0;
..\app\main.c(407): warning:  #177-D: variable "value"  was declared but never referenced
  	uint32_t value ;
..\app\main.c(465): warning:  #177-D: variable "j"  was declared but never referenced
  	int i = 0, j = 0;
..\app\main.c(43): warning:  #177-D: function "app_get_connect_state"  was declared but never referenced
  static int app_get_connect_state(void)
..\app\main.c(266): warning:  #177-D: variable "input"  was declared but never referenced
  static unsigned char input[BUF_SIZE]; 
..\app\main.c: 17 warnings, 0 errors
compiling app_error.c...
compiling app_gpiote.c...
compiling app_error_weak.c...
compiling app_scheduler.c...
compiling boards.c...
..\..\..\modules\nrfx\hal\nrf_gpio.h(538): warning:  #186-D: pointless comparison of unsigned integer with zero
  			if(pin_number >= 0 && pin_number <= 4)
..\..\..\components\boards\boards.c(48): warning:  #1278-D: excess initializers are ignored
  static const uint8_t m_board_led_list[LEDS_NUMBER] = LEDS_LIST;
..\..\..\components\boards\boards.c(52): warning:  #1278-D: excess initializers are ignored
  static const uint8_t m_board_btn_list[BUTTONS_NUMBER] = BUTTONS_LIST;
..\..\..\components\boards\boards.c: 3 warnings, 0 errors
compiling bsp.c...
..\..\..\modules\nrfx\hal\nrf_gpio.h(538): warning:  #186-D: pointless comparison of unsigned integer with zero
  			if(pin_number >= 0 && pin_number <= 4)
..\..\..\components\libraries\bsp\bsp.c(119): warning:  #1278-D: excess initializers are ignored
      {BSP_BUTTON_2, false, BUTTON_PULL, bsp_button_event_handler},
..\..\..\components\libraries\bsp\bsp.c(657): warning:  #188-D: enumerated type mixed with another type
              err_code = bsp_event_to_button_action_assign(num, BSP_BUTTON_ACTION_PUSH, BSP_EVENT_KEY_0 + num * 3);
..\..\..\components\libraries\bsp\bsp.c(658): warning:  #188-D: enumerated type mixed with another type
  					  err_code =  bsp_event_to_button_action_assign(num, BSP_BUTTON_ACTION_LONG_PUSH, BSP_EVENT_KEY_1+ num * 3);
..\..\..\components\libraries\bsp\bsp.c(659): warning:  #188-D: enumerated type mixed with another type
  					  err_code = bsp_event_to_button_action_assign(num, BSP_BUTTON_ACTION_RELEASE, BSP_EVENT_KEY_2 + num * 3);
..\..\..\components\libraries\bsp\bsp.c: 5 warnings, 0 errors
compiling app_timer.c...
..\..\..\components\libraries\timer\app_timer.c(930): warning:  #550-D: variable "val"  was set but never used
  	uint32_t val=0;
..\..\..\components\libraries\timer\app_timer.c: 1 warning, 0 errors
linking...
Program Size: Code=85020 RO-data=7268 RW-data=1028 ZI-data=18332  
After Build - User command #1: fromelf --bin --output=s.bin .\Objects\Xinc_ble_sdk.axf
After Build - User command #2: Xincboot_tool s.bin download.bin
Xinc v3.1 build Mar 19 2019 23:08:55
USAGE: [Xincboot_tool] <input FILE> <output FILE> 
Input: s.bin download.bin 
Input file "s.bin" raw size = 0x1698c byte 
 -): 
".\Objects\Xinc_ble_sdk.axf" - 0 Error(s), 38 Warning(s).

<h2>Software Packages used:</h2>

Package Vendor: ARM
                http://www.keil.com/pack/ARM.CMSIS.5.8.0.pack
                ARM.CMSIS.5.8.0
                CMSIS (Common Microcontroller Software Interface Standard)

<h2>Collection of Component include folders:</h2>
  .\RTE\_ble-fullstack
  C:\Users\crabu\AppData\Local\Arm\Packs\ARM\CMSIS\5.8.0\Device\ARM\ARMCM0\Include

<h2>Collection of Component Files used:</h2>
Build Time Elapsed:  00:00:04
</pre>
</body>
</html>
