<html>
<body>
<pre>
<h1>µVision Build Log</h1>
<h2>Tool Versions:</h2>
IDE-Version: ¦ÌVision V5.30.0.0
Copyright (C) 2020 ARM Ltd and ARM Germany GmbH. All rights reserved.
License Information: 1 crabull@163.com, 2, LIC=ATTRA-1DCBX-2ZBW4-FXN23-EHBE5-T78TJ
 
Tool Versions:
Toolchain:       MDK-ARM Plus  Version: 5.30.0.0
Toolchain Path:  C:\Keil_v5\ARM\ARMCC\Bin
C Compiler:      Armcc.exe V5.06 update 6 (build 750)
Assembler:       Armasm.exe V5.06 update 6 (build 750)
Linker/Locator:  ArmLink.exe V5.06 update 6 (build 750)
Library Manager: ArmAr.exe V5.06 update 6 (build 750)
Hex Converter:   FromElf.exe V5.06 update 6 (build 750)
CPU DLL:         SARMCM3.DLL V5.30.0.0
Dialog DLL:      DARMCM1.DLL V1.19.3.0
Target DLL:      UL2CM3.DLL V1.163.3.0
Dialog DLL:      TARMCM1.DLL V1.14.2.0
 
<h2>Project:</h2>
D:\work\git_work\XC6xx\XC6xx_ble_sdk\Proj\HID_Demo\mdk\Xinc_ble_sdk.uvprojx
Project File Date:  03/03/2022

<h2>Output:</h2>
*** Using Compiler 'V5.06 update 6 (build 750)', folder: 'C:\Keil_v5\ARM\ARMCC\Bin'
Build target 'ble-fullstack'
compiling nrfx_timer.c...
..\..\..\modules\nrfx\hal/nrf_timer.h(321): warning:  #188-D: enumerated type mixed with another type
     event = p_reg->TIC;
..\..\..\modules\nrfx\hal/nrf_timer.h(319): warning:  #550-D: parameter "event"  was set but never used
  __STATIC_INLINE void nrf_timer_int_clear(NRF_TIMER_Type * p_reg,nrf_timer_int_event_t event)
..\..\..\modules\nrfx\hal/nrf_timer.h(365): warning:  #188-D: enumerated type mixed with another type
    return (nrf_timer_mode_t)(p_reg->TCR & 0x02) >> 1;
..\..\..\modules\nrfx\hal/nrf_timer.h(405): warning:  #177-D: variable "clk_src"  was declared but never referenced
  	nrf_timer_clk_src_t clk_src;
..\..\..\modules\nrfx\hal/nrf_timer.h(457): warning:  #188-D: enumerated type mixed with another type
      nrf_timer_clk_src_t clk_src  = (frequency >> 28) & 0x07;
..\..\..\modules\nrfx\hal/nrf_timer.h(500): warning:  #188-D: enumerated type mixed with another type
  		nrf_timer_clk_src_t clk_src  = (frequency >> 28) & 0x07;
..\..\..\modules\nrfx\drivers\src\nrfx_timer.c(132): warning:  #188-D: enumerated type mixed with another type
    nrf_timer_int_clear(p_instance->p_reg,1);
..\..\..\modules\nrfx\drivers\src\nrfx_timer.c(135): warning:  #188-D: enumerated type mixed with another type
  	NRFX_IRQ_PRIORITY_SET(TIMER0_IRQn + p_instance->id,
..\..\..\modules\nrfx\drivers\src\nrfx_timer.c(137): warning:  #188-D: enumerated type mixed with another type
    NRFX_IRQ_ENABLE(TIMER0_IRQn + p_instance->id);
..\..\..\modules\nrfx\drivers\src\nrfx_timer.c(197): warning:  #188-D: enumerated type mixed with another type
      nrf_timer_int_mask_t timer_int = 0x01 << 2;
..\..\..\modules\nrfx\drivers\src\nrfx_timer.c(201): warning:  #188-D: enumerated type mixed with another type
          nrf_timer_int_clear(p_instance->p_reg,1);
..\..\..\modules\nrfx\drivers\src\nrfx_timer.c(244): warning:  #188-D: enumerated type mixed with another type
          nrf_timer_int_mask_t int_mask = 0x01 << 2;
..\..\..\modules\nrfx\drivers\src\nrfx_timer.c(240): warning:  #177-D: variable "i"  was declared but never referenced
      uint8_t i;
..\..\..\modules\nrfx\drivers\src\nrfx_timer.c: 13 warnings, 0 errors
compiling main.c...
..\..\..\modules\nrfx\hal\nrf_gpio.h(538): warning:  #186-D: pointless comparison of unsigned integer with zero
  			if(pin_number >= 0 && pin_number <= 4)
..\..\..\integration\nrfx\xinc_drv_spi.h(477): warning:  #177-D: variable "tx_length"  was declared but never referenced
  	  uint16_t tx_length = 0;
..\..\..\modules\nrfx\hal/nrf_timer.h(321): warning:  #188-D: enumerated type mixed with another type
     event = p_reg->TIC;
..\..\..\modules\nrfx\hal/nrf_timer.h(319): warning:  #550-D: parameter "event"  was set but never used
  __STATIC_INLINE void nrf_timer_int_clear(NRF_TIMER_Type * p_reg,nrf_timer_int_event_t event)
..\..\..\modules\nrfx\hal/nrf_timer.h(365): warning:  #188-D: enumerated type mixed with another type
    return (nrf_timer_mode_t)(p_reg->TCR & 0x02) >> 1;
..\..\..\modules\nrfx\hal/nrf_timer.h(405): warning:  #177-D: variable "clk_src"  was declared but never referenced
  	nrf_timer_clk_src_t clk_src;
..\..\..\modules\nrfx\hal/nrf_timer.h(457): warning:  #188-D: enumerated type mixed with another type
      nrf_timer_clk_src_t clk_src  = (frequency >> 28) & 0x07;
..\..\..\modules\nrfx\hal/nrf_timer.h(500): warning:  #188-D: enumerated type mixed with another type
  		nrf_timer_clk_src_t clk_src  = (frequency >> 28) & 0x07;
..\..\..\modules\nrfx\hal/nrf_uart.h(224): warning:  #111-D: statement is unreachable
  			}break;
..\..\..\modules\nrfx\hal/nrf_uart.h(229): warning:  #111-D: statement is unreachable
  			}break;
..\..\..\modules\nrfx\hal/nrf_uart.h(234): warning:  #111-D: statement is unreachable
  			}break;
..\app\main.c(581): warning:  #550-D: variable "err_code"  was set but never used
      uint32_t err_code;
..\app\main.c(644): warning:  #550-D: variable "err_code"  was set but never used
  	uint32_t err_code;
..\app\main.c(657): warning:  #177-D: variable "i"  was declared but never referenced
      static uint32_t i = 0;
..\app\main.c(686): warning:  #550-D: variable "err_code"  was set but never used
      uint32_t err_code = NRF_SUCCESS;
..\app\main.c(812): warning:  #177-D: variable "gadc_val"  was declared but never referenced
  			 int16_t gadc_val;
..\app\main.c(51): warning:  #177-D: function "app_get_connect_state"  was declared but never referenced
  static int app_get_connect_state(void)
..\app\main.c(274): warning:  #177-D: variable "input"  was declared but never referenced
  static unsigned char input[BUF_SIZE]; 
..\app\main.c(360): warning:  #177-D: variable "app_buttons"  was declared but never referenced
  static const app_button_cfg_t app_buttons[BUTTONS_NUMBER] =
..\app\main.c(490): warning:  #177-D: function "log_init"  was declared but never referenced
  static void log_init(void)
..\app\main.c(502): warning:  #177-D: variable "m_adc_evt_counter"  was declared but never referenced
  static uint32_t              m_adc_evt_counter;
..\app\main.c(544): warning:  #177-D: function "adc_config"  was declared but never referenced
  static void adc_config(void)
..\app\main.c(579): warning:  #177-D: function "rtc_config"  was declared but never referenced
  static void rtc_config(void)
..\app\main.c(604): warning:  #177-D: function "bsp_evt_handler"  was declared but never referenced
  static void bsp_evt_handler(bsp_event_t event)
..\app\main.c: 24 warnings, 0 errors
linking...
Program Size: Code=76972 RO-data=7204 RW-data=928 ZI-data=18048  
After Build - User command #1: fromelf --bin --output=s.bin .\Objects\Xinc_ble_sdk.axf
After Build - User command #2: Xincboot_tool s.bin download.bin
Xinc v3.1 build Mar 19 2019 23:08:55
USAGE: [Xincboot_tool] <input FILE> <output FILE> 
Input: s.bin download.bin 
Input file "s.bin" raw size = 0x149d8 byte 
 -): 
".\Objects\Xinc_ble_sdk.axf" - 0 Error(s), 37 Warning(s).

<h2>Software Packages used:</h2>

Package Vendor: ARM
                http://www.keil.com/pack/ARM.CMSIS.5.8.0.pack
                ARM.CMSIS.5.8.0
                CMSIS (Common Microcontroller Software Interface Standard)

<h2>Collection of Component include folders:</h2>
  .\RTE\_ble-fullstack
  C:\Users\crabu\AppData\Local\Arm\Packs\ARM\CMSIS\5.8.0\Device\ARM\ARMCM0\Include

<h2>Collection of Component Files used:</h2>
Build Time Elapsed:  00:00:04
</pre>
</body>
</html>
