<html>
<body>
<pre>
<h1>µVision Build Log</h1>
<h2>Tool Versions:</h2>
IDE-Version: ¦ÌVision V5.30.0.0
Copyright (C) 2020 ARM Ltd and ARM Germany GmbH. All rights reserved.
License Information: 1 crabull@163.com, 2, LIC=ATTRA-1DCBX-2ZBW4-FXN23-EHBE5-T78TJ
 
Tool Versions:
Toolchain:       MDK-ARM Plus  Version: 5.30.0.0
Toolchain Path:  C:\Keil_v5\ARM\ARMCC\Bin
C Compiler:      Armcc.exe V5.06 update 6 (build 750)
Assembler:       Armasm.exe V5.06 update 6 (build 750)
Linker/Locator:  ArmLink.exe V5.06 update 6 (build 750)
Library Manager: ArmAr.exe V5.06 update 6 (build 750)
Hex Converter:   FromElf.exe V5.06 update 6 (build 750)
CPU DLL:         SARMCM3.DLL V5.30.0.0
Dialog DLL:      DARMCM1.DLL V1.19.3.0
Target DLL:      UL2CM3.DLL V1.163.3.0
Dialog DLL:      TARMCM1.DLL V1.14.2.0
 
<h2>Project:</h2>
D:\work\git_work\XC6xx\XC6xx_ble_sdk\Proj\HID_Demo\mdk\Xinc_ble_sdk.uvprojx
Project File Date:  03/01/2022

<h2>Output:</h2>
*** Using Compiler 'V5.06 update 6 (build 750)', folder: 'C:\Keil_v5\ARM\ARMCC\Bin'
Build target 'ble-fullstack'
compiling xincx_saadc.c...
..\..\..\modules\nrfx\drivers\src\xincx_saadc.c(102): warning:  #68-D: integer conversion resulted in a change of sign
      if(0 == add_cnt) return -1;
..\..\..\modules\nrfx\drivers\src\xincx_saadc.c(389): warning:  #177-D: variable "val"  was declared but never referenced
  	uint32_t val;
..\..\..\modules\nrfx\drivers\src\xincx_saadc.c: 2 warnings, 0 errors
linking...
.\Objects\Xinc_ble_sdk.axf: Warning: L6330W: Undefined symbol log_const_data$$Base (referred from nrf_cli_uart.o). Unused section has been removed.
Program Size: Code=96864 RO-data=10180 RW-data=1160 ZI-data=20572  
Finished: 0 information, 1 warning and 0 error messages.
After Build - User command #1: fromelf --bin --output=s.bin .\Objects\Xinc_ble_sdk.axf
After Build - User command #2: Xincboot_tool s.bin download.bin
Xinc v3.1 build Mar 19 2019 23:08:55
USAGE: [Xincboot_tool] <input FILE> <output FILE> 
Input: s.bin download.bin 
Input file "s.bin" raw size = 0x1a37c byte 
 -): 
".\Objects\Xinc_ble_sdk.axf" - 0 Error(s), 3 Warning(s).

<h2>Software Packages used:</h2>

Package Vendor: ARM
                http://www.keil.com/pack/ARM.CMSIS.5.8.0.pack
                ARM.CMSIS.5.8.0
                CMSIS (Common Microcontroller Software Interface Standard)

<h2>Collection of Component include folders:</h2>
  .\RTE\_ble-fullstack
  C:\Users\crabu\AppData\Local\Arm\Packs\ARM\CMSIS\5.8.0\Device\ARM\ARMCM0\Include

<h2>Collection of Component Files used:</h2>
Build Time Elapsed:  00:00:03
</pre>
</body>
</html>
