<html>
<body>
<pre>
<h1>µVision Build Log</h1>
<h2>Tool Versions:</h2>
IDE-Version: ¦ÌVision V5.30.0.0
Copyright (C) 2020 ARM Ltd and ARM Germany GmbH. All rights reserved.
License Information: 1 crabull@163.com, 2, LIC=ATTRA-1DCBX-2ZBW4-FXN23-EHBE5-T78TJ
 
Tool Versions:
Toolchain:       MDK-ARM Plus  Version: 5.30.0.0
Toolchain Path:  C:\Keil_v5\ARM\ARMCC\Bin
C Compiler:      Armcc.exe V5.06 update 6 (build 750)
Assembler:       Armasm.exe V5.06 update 6 (build 750)
Linker/Locator:  ArmLink.exe V5.06 update 6 (build 750)
Library Manager: ArmAr.exe V5.06 update 6 (build 750)
Hex Converter:   FromElf.exe V5.06 update 6 (build 750)
CPU DLL:         SARMCM3.DLL V5.30.0.0
Dialog DLL:      DARMCM1.DLL V1.19.3.0
Target DLL:      UL2CM3.DLL V1.163.3.0
Dialog DLL:      TARMCM1.DLL V1.14.2.0
 
<h2>Project:</h2>
D:\work\git_work\XC6xx\XC6xx_ble_sdk\Proj\HID_Demo\mdk\Xinc_ble_sdk.uvprojx
Project File Date:  02/18/2022

<h2>Output:</h2>
*** Using Compiler 'V5.06 update 6 (build 750)', folder: 'C:\Keil_v5\ARM\ARMCC\Bin'
Build target 'ble-fullstack'
compiling nrf_drv_spi.c...
compiling main.c...
..\..\..\modules\nrfx\hal\nrf_gpio.h(538): warning:  #186-D: pointless comparison of unsigned integer with zero
  			if(pin_number >= 0 && pin_number <= 4)
..\..\..\modules\nrfx\hal/nrf_uart.h(341): warning:  #111-D: statement is unreachable
  			}break;
..\..\..\modules\nrfx\hal/nrf_uart.h(346): warning:  #111-D: statement is unreachable
  			}break;
..\..\..\modules\nrfx\hal/nrf_uart.h(351): warning:  #111-D: statement is unreachable
  			}break;
..\app\main.c(405): warning:  #188-D: enumerated type mixed with another type
  		uart_config.baudrate = UART_BAUDRATE_BAUDRATE_Baud115200;
..\app\main.c(494): warning:  #177-D: variable "tx_data"  was declared but never referenced
  	const uint8_t *tx_data = p_event->data.done.p_tx_buffer;
..\app\main.c(578): warning:  #550-D: variable "err_code"  was set but never used
  		ret_code_t err_code;
..\app\main.c(49): warning:  #177-D: function "app_get_connect_state"  was declared but never referenced
  static int app_get_connect_state(void)
..\app\main.c(272): warning:  #177-D: variable "input"  was declared but never referenced
  static unsigned char input[BUF_SIZE]; 
..\app\main.c: 9 warnings, 0 errors
linking...
Program Size: Code=92972 RO-data=8440 RW-data=1116 ZI-data=19760  
After Build - User command #1: fromelf --bin --output=s.bin .\Objects\Xinc_ble_sdk.axf
After Build - User command #2: Xincboot_tool s.bin download.bin
Xinc v3.1 build Mar 19 2019 23:08:55
USAGE: [Xincboot_tool] <input FILE> <output FILE> 
Input: s.bin download.bin 
Input file "s.bin" raw size = 0x18d48 byte 
 -): 
".\Objects\Xinc_ble_sdk.axf" - 0 Error(s), 9 Warning(s).

<h2>Software Packages used:</h2>

Package Vendor: ARM
                http://www.keil.com/pack/ARM.CMSIS.5.8.0.pack
                ARM.CMSIS.5.8.0
                CMSIS (Common Microcontroller Software Interface Standard)

<h2>Collection of Component include folders:</h2>
  .\RTE\_ble-fullstack
  C:\Users\crabu\AppData\Local\Arm\Packs\ARM\CMSIS\5.8.0\Device\ARM\ARMCM0\Include

<h2>Collection of Component Files used:</h2>
Build Time Elapsed:  00:00:03
</pre>
</body>
</html>
