<!doctype html public "-//w3c//dtd html 4.0 transitional//en">
<html><head>
<title>Static Call Graph - [.\Objects\Xinc_ble_sdk.axf]</title></head>
<body><HR>
<H1>Static Call Graph for image .\Objects\Xinc_ble_sdk.axf</H1><HR>
<BR><P>#&#060CALLGRAPH&#062# ARM Linker, 5060750: Last Updated: Tue Mar 01 15:24:31 2022
<BR><P>
<H3>Maximum Stack Usage =        508 bytes + Unknown(Functions without stacksize, Cycles, Untraceable Function Pointers)</H3><H3>
Call chain for Maximum Stack Depth:</H3>
att_packet_handler &rArr; att_server_handle_can_send_now &rArr; att_server_process_validated_request &rArr; sm_request_pairing &rArr; sm_send_security_request_for_connection &rArr; sm_run &rArr; btstack_crypto_aes128_encrypt &rArr; btstack_crypto_run &rArr; btstack_crypto_cmac_start &rArr; btstack_crypto_cmac_handle_aes_engine_ready &rArr; btstack_crypto_aes128_start &rArr; hci_send_cmd &rArr; hci_send_cmd_va_arg &rArr; hci_emit_transport_packet_sent &rArr; hci_emit_event &rArr; hci_dump_packet &rArr; printf_hexdump &rArr; char_for_high_nibble
<P>
<H3>
Functions with no stack information
</H3><UL>
 <LI><a href="#[fc]">__user_initial_stackheap</a>
</UL>
</UL>
<P>
<H3>
Mutually Recursive functions
</H3> <LI><a href="#[19]">NMI_Handler</a>&nbsp;&nbsp;&nbsp;&rArr;&nbsp;&nbsp;&nbsp;<a href="#[19]">NMI_Handler</a><BR>
 <LI><a href="#[1a]">HardFault_Handler</a>&nbsp;&nbsp;&nbsp;&rArr;&nbsp;&nbsp;&nbsp;<a href="#[1a]">HardFault_Handler</a><BR>
 <LI><a href="#[1b]">MemManage_Handler</a>&nbsp;&nbsp;&nbsp;&rArr;&nbsp;&nbsp;&nbsp;<a href="#[1b]">MemManage_Handler</a><BR>
 <LI><a href="#[1c]">BusFault_Handler</a>&nbsp;&nbsp;&nbsp;&rArr;&nbsp;&nbsp;&nbsp;<a href="#[1c]">BusFault_Handler</a><BR>
 <LI><a href="#[1d]">UsageFault_Handler</a>&nbsp;&nbsp;&nbsp;&rArr;&nbsp;&nbsp;&nbsp;<a href="#[1d]">UsageFault_Handler</a><BR>
 <LI><a href="#[1e]">SVC_Handler</a>&nbsp;&nbsp;&nbsp;&rArr;&nbsp;&nbsp;&nbsp;<a href="#[1e]">SVC_Handler</a><BR>
 <LI><a href="#[1f]">DebugMon_Handler</a>&nbsp;&nbsp;&nbsp;&rArr;&nbsp;&nbsp;&nbsp;<a href="#[1f]">DebugMon_Handler</a><BR>
 <LI><a href="#[35]">AES_Handler</a>&nbsp;&nbsp;&nbsp;&rArr;&nbsp;&nbsp;&nbsp;<a href="#[35]">AES_Handler</a><BR>
 <LI><a href="#[130]">HCeg_Generate_Event</a>&nbsp;&nbsp;&nbsp;&rArr;&nbsp;&nbsp;&nbsp;<a href="#[12f]">BTq_Enqueue</a><BR>
 <LI><a href="#[436]">sm_start_calculating_ltk_from_ediv_and_rand</a>&nbsp;&nbsp;&nbsp;&rArr;&nbsp;&nbsp;&nbsp;<a href="#[426]">sm_run</a><BR>
 <LI><a href="#[3d4]">nrf_log_frontend_dequeue</a>&nbsp;&nbsp;&nbsp;&rArr;&nbsp;&nbsp;&nbsp;<a href="#[31c]">nrf_log_frontend_std_0</a><BR>
 <LI><a href="#[c6]">_sys_exit</a>&nbsp;&nbsp;&nbsp;&rArr;&nbsp;&nbsp;&nbsp;<a href="#[c6]">_sys_exit</a><BR>
</UL>
<P>
<H3>
Function Pointers
</H3><UL>
 <LI><a href="#[35]">AES_Handler</a> from startup_xinc.o(.text) referenced from startup_xinc.o(RESET)
 <LI><a href="#[22]">BLE_Handler</a> from sys_irq.o(i.BLE_Handler) referenced from startup_xinc.o(RESET)
 <LI><a href="#[1c]">BusFault_Handler</a> from startup_xinc.o(.text) referenced from startup_xinc.o(RESET)
 <LI><a href="#[24]">CPR_Handler</a> from startup_xinc.o(.text) referenced from startup_xinc.o(RESET)
 <LI><a href="#[23]">DMAS_Handler</a> from startup_xinc.o(.text) referenced from startup_xinc.o(RESET)
 <LI><a href="#[1f]">DebugMon_Handler</a> from startup_xinc.o(.text) referenced from startup_xinc.o(RESET)
 <LI><a href="#[33]">GADC_Handler</a> from xincx_saadc.o(i.GADC_Handler) referenced from startup_xinc.o(RESET)
 <LI><a href="#[25]">GPIO_Handler</a> from bsp_gpio.o(i.GPIO_Handler) referenced from startup_xinc.o(RESET)
 <LI><a href="#[3c]">HCI_Generic_register_hcit</a> from sys_main.o(i.HCI_Generic_register_hcit) referenced from sys_main.o(i.SYS_Main_Initialise)
 <LI><a href="#[1a]">HardFault_Handler</a> from startup_xinc.o(.text) referenced from startup_xinc.o(RESET)
 <LI><a href="#[2c]">I2C_Handler</a> from xincx_i2c.o(i.I2C_Handler) referenced from startup_xinc.o(RESET)
 <LI><a href="#[31]">KBS_Handler</a> from xc_kbs_event.o(i.KBS_Handler) referenced from startup_xinc.o(RESET)
 <LI><a href="#[9]">LE_LL_Connection_Update_Req</a> from le_link_layer.o(i.LE_LL_Connection_Update_Req) referenced 2 times from le_link_layer.o(.data)
 <LI><a href="#[c]">LE_LL_Enc_Req</a> from le_link_layer.o(i.LE_LL_Enc_Req) referenced 2 times from le_link_layer.o(.data)
 <LI><a href="#[10]">LE_LL_Feature_Req</a> from le_link_layer.o(i.LE_LL_Feature_Req) referenced 2 times from le_link_layer.o(.data)
 <LI><a href="#[11]">LE_LL_Pause_Enc_Req</a> from le_link_layer.o(i.LE_LL_Pause_Enc_Req) referenced 2 times from le_link_layer.o(.data)
 <LI><a href="#[12]">LE_LL_Pause_Enc_Rsp</a> from le_link_layer.o(i.LE_LL_Pause_Enc_Rsp) referenced 2 times from le_link_layer.o(.data)
 <LI><a href="#[14]">LE_LL_Reject_Ind</a> from le_link_layer.o(i.LE_LL_Reject_Ind) referenced 2 times from le_link_layer.o(.data)
 <LI><a href="#[e]">LE_LL_Start_Enc_Rsp</a> from le_link_layer.o(i.LE_LL_Start_Enc_Rsp) referenced 2 times from le_link_layer.o(.data)
 <LI><a href="#[b]">LE_LL_Terminate_Ind</a> from le_link_layer.o(i.LE_LL_Terminate_Ind) referenced 2 times from le_link_layer.o(.data)
 <LI><a href="#[d]">LE_LL_UnSupported_Pdu</a> from le_link_layer.o(i.LE_LL_UnSupported_Pdu) referenced 6 times from le_link_layer.o(.data)
 <LI><a href="#[f]">LE_LL_Unknown_Rsp</a> from le_link_layer.o(i.LE_LL_Unknown_Rsp) referenced 2 times from le_link_layer.o(.data)
 <LI><a href="#[13]">LE_LL_Version_Ind</a> from le_link_layer.o(i.LE_LL_Version_Ind) referenced 2 times from le_link_layer.o(.data)
 <LI><a href="#[a]">LEfreq_Update_Channel_Map_Req</a> from le_frequency.o(i.LEfreq_Update_Channel_Map_Req) referenced 2 times from le_link_layer.o(.data)
 <LI><a href="#[1b]">MemManage_Handler</a> from startup_xinc.o(.text) referenced from startup_xinc.o(RESET)
 <LI><a href="#[19]">NMI_Handler</a> from startup_xinc.o(.text) referenced from startup_xinc.o(RESET)
 <LI><a href="#[20]">PendSV_Handler</a> from app_timer.o(i.PendSV_Handler) referenced from startup_xinc.o(RESET)
 <LI><a href="#[32]">QDEC_Handler</a> from startup_xinc.o(.text) referenced from startup_xinc.o(RESET)
 <LI><a href="#[26]">RTC_Handler</a> from startup_xinc.o(.text) referenced from startup_xinc.o(RESET)
 <LI><a href="#[18]">Reset_Handler</a> from startup_xinc.o(.text) referenced from startup_xinc.o(RESET)
 <LI><a href="#[34]">SIM_Handler</a> from startup_xinc.o(.text) referenced from startup_xinc.o(RESET)
 <LI><a href="#[2f]">SPI0_Handler</a> from nrfx_spim.o(i.SPI0_Handler) referenced from startup_xinc.o(RESET)
 <LI><a href="#[30]">SPI1_Handler</a> from nrfx_spim.o(i.SPI1_Handler) referenced from startup_xinc.o(RESET)
 <LI><a href="#[1e]">SVC_Handler</a> from startup_xinc.o(.text) referenced from startup_xinc.o(RESET)
 <LI><a href="#[21]">SysTick_Handler</a> from bsp_systick.o(i.SysTick_Handler) referenced from startup_xinc.o(RESET)
 <LI><a href="#[36]">SystemInit</a> from system_xinc.o(i.SystemInit) referenced from startup_xinc.o(.text)
 <LI><a href="#[27]">TIMER0_Handler</a> from bsp_timer.o(i.TIMER0_Handler) referenced from startup_xinc.o(RESET)
 <LI><a href="#[28]">TIMER1_Handler</a> from bsp_timer.o(i.TIMER1_Handler) referenced from startup_xinc.o(RESET)
 <LI><a href="#[29]">TIMER2_Handler</a> from app_timer.o(i.TIMER2_Handler) referenced from startup_xinc.o(RESET)
 <LI><a href="#[2a]">TIMER3_Handler</a> from startup_xinc.o(.text) referenced from startup_xinc.o(RESET)
 <LI><a href="#[15]">TRAhcit_Generic_Dispatcher</a> from tra_hcit.o(i.TRAhcit_Generic_Dispatcher) referenced 2 times from tra_hcit.o(.data)
 <LI><a href="#[2d]">UART0_Handler</a> from bsp_uart.o(i.UART0_Handler) referenced from startup_xinc.o(RESET)
 <LI><a href="#[2e]">UART1_Handler</a> from bsp_uart.o(i.UART1_Handler) referenced from startup_xinc.o(RESET)
 <LI><a href="#[1d]">UsageFault_Handler</a> from startup_xinc.o(.text) referenced from startup_xinc.o(RESET)
 <LI><a href="#[2b]">WDT_Handler</a> from startup_xinc.o(.text) referenced from startup_xinc.o(RESET)
 <LI><a href="#[a0]">_Dispatch_HC_BB_Command</a> from hc_cmd_disp.o(i._Dispatch_HC_BB_Command) referenced from hc_cmd_disp.o(.constdata)
 <LI><a href="#[a1]">_Dispatch_Info_Command</a> from hc_cmd_disp.o(i._Dispatch_Info_Command) referenced from hc_cmd_disp.o(.constdata)
 <LI><a href="#[9d]">_Dispatch_Invalid_OGF_Command</a> from hc_cmd_disp.o(i._Dispatch_Invalid_OGF_Command) referenced 2 times from hc_cmd_disp.o(.constdata)
 <LI><a href="#[a4]">_Dispatch_LE_Command</a> from hc_cmd_disp.o(i._Dispatch_LE_Command) referenced from hc_cmd_disp.o(.constdata)
 <LI><a href="#[9e]">_Dispatch_Link_Control_Command</a> from hc_cmd_disp.o(i._Dispatch_Link_Control_Command) referenced from hc_cmd_disp.o(.constdata)
 <LI><a href="#[9f]">_Dispatch_Link_Policy_Command</a> from hc_cmd_disp.o(i._Dispatch_Link_Policy_Command) referenced from hc_cmd_disp.o(.constdata)
 <LI><a href="#[a2]">_Dispatch_Local_Status_Command</a> from hc_cmd_disp.o(i._Dispatch_Local_Status_Command) referenced from hc_cmd_disp.o(.constdata)
 <LI><a href="#[a3]">_Dispatch_Test_Command</a> from hc_cmd_disp.o(i._Dispatch_Test_Command) referenced from hc_cmd_disp.o(.constdata)
 <LI><a href="#[a5]">__main</a> from __main.o(!!!main) referenced from startup_xinc.o(.text)
 <LI><a href="#[38]">_get_lc_ctype</a> from lc_ctype_c.o(locale$$code) referenced from rt_ctype_table.o(.text)
 <LI><a href="#[78]">_printf_fp_dec_real</a> from _printf_fp_dec.o(.text) referenced from printf1.o(x$fpl$printf1)
 <LI><a href="#[3a]">_printf_input_char</a> from _printf_char_common.o(.text) referenced from _printf_char_common.o(.text)
 <LI><a href="#[3e]">att_event_packet_handler</a> from att_server.o(i.att_event_packet_handler) referenced from att_server.o(i.att_server_init)
 <LI><a href="#[3d]">att_packet_handler</a> from att_dispatch.o(i.att_packet_handler) referenced from att_dispatch.o(i.att_dispatch_register_server)
 <LI><a href="#[3f]">att_packet_handler</a> from att_server.o(i.att_packet_handler) referenced from att_server.o(i.att_server_init)
 <LI><a href="#[44]">att_packet_handler</a> from btstack.o(i.att_packet_handler) referenced from btstack.o(i.ble_stack_init)
 <LI><a href="#[79]">att_read_callback</a> from main.o(i.att_read_callback) referenced from main.o(.constdata)
 <LI><a href="#[4a]">att_read_callback</a> from ff10_service_server.o(i.att_read_callback) referenced from ff10_service_server.o(i.ff10_service_server_init)
 <LI><a href="#[52]">att_read_callback</a> from hids_device_skyworth.o(i.att_read_callback) referenced from hids_device_skyworth.o(i.hids_device_init)
 <LI><a href="#[40]">att_server_read_callback</a> from att_server.o(i.att_server_read_callback) referenced from att_server.o(i.att_server_init)
 <LI><a href="#[41]">att_server_write_callback</a> from att_server.o(i.att_server_write_callback) referenced from att_server.o(i.att_server_init)
 <LI><a href="#[7a]">att_write_callback</a> from main.o(i.att_write_callback) referenced from main.o(.constdata)
 <LI><a href="#[4b]">att_write_callback</a> from ff10_service_server.o(i.att_write_callback) referenced from ff10_service_server.o(i.ff10_service_server_init)
 <LI><a href="#[53]">att_write_callback</a> from hids_device_skyworth.o(i.att_write_callback) referenced from hids_device_skyworth.o(i.hids_device_init)
 <LI><a href="#[42]">battery_service_read_callback</a> from battery_service_server.o(i.battery_service_read_callback) referenced from battery_service_server.o(i.battery_service_server_init)
 <LI><a href="#[43]">battery_service_write_callback</a> from battery_service_server.o(i.battery_service_write_callback) referenced from battery_service_server.o(i.battery_service_server_init)
 <LI><a href="#[3b]">ble_firmware_exit_lowpower</a> from le_power.o(i.ble_firmware_exit_lowpower) referenced from le_power.o(i.Adv_Enter_LowPower)
 <LI><a href="#[3b]">ble_firmware_exit_lowpower</a> from le_power.o(i.ble_firmware_exit_lowpower) referenced from le_power.o(i.do_Connection_Enter_LowPower)
 <LI><a href="#[45]">btstack_crypto_event_handler</a> from btstack_crypto.o(i.btstack_crypto_event_handler) referenced from btstack_crypto.o(i.btstack_crypto_init)
 <LI><a href="#[50]">btstack_embedded_process</a> from hci_transport_ram.o(i.btstack_embedded_process) referenced from hci_transport_ram.o(i.hci_transport_ram_open)
 <LI><a href="#[8e]">btstack_run_loop_embedded_add_data_source</a> from btstack_run_loop_embedded.o(i.btstack_run_loop_embedded_add_data_source) referenced from btstack_run_loop_embedded.o(.constdata)
 <LI><a href="#[93]">btstack_run_loop_embedded_add_timer</a> from btstack_run_loop_embedded.o(i.btstack_run_loop_embedded_add_timer) referenced from btstack_run_loop_embedded.o(.constdata)
 <LI><a href="#[91]">btstack_run_loop_embedded_disable_data_source_callbacks</a> from btstack_run_loop_embedded.o(i.btstack_run_loop_embedded_disable_data_source_callbacks) referenced from btstack_run_loop_embedded.o(.constdata)
 <LI><a href="#[96]">btstack_run_loop_embedded_dump_timer</a> from btstack_run_loop_embedded.o(i.btstack_run_loop_embedded_dump_timer) referenced from btstack_run_loop_embedded.o(.constdata)
 <LI><a href="#[90]">btstack_run_loop_embedded_enable_data_source_callbacks</a> from btstack_run_loop_embedded.o(i.btstack_run_loop_embedded_enable_data_source_callbacks) referenced from btstack_run_loop_embedded.o(.constdata)
 <LI><a href="#[95]">btstack_run_loop_embedded_execute</a> from btstack_run_loop_embedded.o(i.btstack_run_loop_embedded_execute) referenced from btstack_run_loop_embedded.o(.constdata)
 <LI><a href="#[97]">btstack_run_loop_embedded_get_time_ms</a> from btstack_run_loop_embedded.o(i.btstack_run_loop_embedded_get_time_ms) referenced from btstack_run_loop_embedded.o(.constdata)
 <LI><a href="#[8d]">btstack_run_loop_embedded_init</a> from btstack_run_loop_embedded.o(i.btstack_run_loop_embedded_init) referenced from btstack_run_loop_embedded.o(.constdata)
 <LI><a href="#[8f]">btstack_run_loop_embedded_remove_data_source</a> from btstack_run_loop_embedded.o(i.btstack_run_loop_embedded_remove_data_source) referenced from btstack_run_loop_embedded.o(.constdata)
 <LI><a href="#[94]">btstack_run_loop_embedded_remove_timer</a> from btstack_run_loop_embedded.o(i.btstack_run_loop_embedded_remove_timer) referenced from btstack_run_loop_embedded.o(.constdata)
 <LI><a href="#[92]">btstack_run_loop_embedded_set_timer</a> from btstack_run_loop_embedded.o(i.btstack_run_loop_embedded_set_timer) referenced from btstack_run_loop_embedded.o(.constdata)
 <LI><a href="#[46]">btstack_run_loop_embedded_tick_handler</a> from btstack_run_loop_embedded.o(i.btstack_run_loop_embedded_tick_handler) referenced from btstack_run_loop_embedded.o(i.btstack_run_loop_embedded_init)
 <LI><a href="#[87]">cli_uart_enable</a> from nrf_cli_uart.o(i.cli_uart_enable) referenced from nrf_cli_uart.o(.constdata)
 <LI><a href="#[85]">cli_uart_init</a> from nrf_cli_uart.o(i.cli_uart_init) referenced from nrf_cli_uart.o(.constdata)
 <LI><a href="#[89]">cli_uart_read</a> from nrf_cli_uart.o(i.cli_uart_read) referenced from nrf_cli_uart.o(.constdata)
 <LI><a href="#[86]">cli_uart_uninit</a> from nrf_cli_uart.o(i.cli_uart_uninit) referenced from nrf_cli_uart.o(.constdata)
 <LI><a href="#[88]">cli_uart_write</a> from nrf_cli_uart.o(i.cli_uart_write) referenced from nrf_cli_uart.o(.constdata)
 <LI><a href="#[82]">cmd_app_size</a> from cli_utils_cmds.o(i.cmd_app_size) referenced from cli_utils_cmds.o(.constdata)
 <LI><a href="#[81]">cmd_error</a> from cli_utils_cmds.o(i.cmd_error) referenced from cli_utils_cmds.o(.constdata)
 <LI><a href="#[83]">cmd_log_msg_error</a> from cli_utils_cmds.o(i.cmd_log_msg_error) referenced from cli_utils_cmds.o(.constdata)
 <LI><a href="#[84]">cmd_log_msg_warning</a> from cli_utils_cmds.o(i.cmd_log_msg_warning) referenced from cli_utils_cmds.o(.constdata)
 <LI><a href="#[80]">cmd_reset</a> from cli_utils_cmds.o(i.cmd_reset) referenced from cli_utils_cmds.o(.constdata)
 <LI><a href="#[49]">device_information_service_read_callback</a> from device_information_service_server.o(i.device_information_service_read_callback) referenced from device_information_service_server.o(i.device_information_service_server_init)
 <LI><a href="#[8]">dummy_handler</a> from btstack_tick.o(i.dummy_handler) referenced 4 times from btstack_tick.o(.data)
 <LI><a href="#[8]">dummy_handler</a> from btstack_tick.o(i.dummy_handler) referenced from btstack_tick.o(i.hal_tick_set_handler)
 <LI><a href="#[4c]">ff11_can_send_now</a> from ff10_service_server.o(i.ff11_can_send_now) referenced from ff10_service_server.o(i.ff11_char_send_report)
 <LI><a href="#[39]">fputc</a> from bsp_retarget.o(i.fputc) referenced from _printf_char_file.o(.text)
 <LI><a href="#[17]">fs_event_handler</a> from fds.o(i.fs_event_handler) referenced 2 times from fds.o(fs_data)
 <LI><a href="#[4f]">hci_halting_timeout_handler</a> from hci.o(i.hci_halting_timeout_handler) referenced from hci.o(i.hci_run)
 <LI><a href="#[4e]">hci_initialization_timeout_handler</a> from hci.o(i.hci_initialization_timeout_handler) referenced from hci.o(i.hci_initializing_run)
 <LI><a href="#[9b]">hci_transport_ram_can_send_now</a> from hci_transport_ram.o(i.hci_transport_ram_can_send_now) referenced from hci_transport_ram.o(.constdata)
 <LI><a href="#[99]">hci_transport_ram_close</a> from hci_transport_ram.o(i.hci_transport_ram_close) referenced from hci_transport_ram.o(.constdata)
 <LI><a href="#[98]">hci_transport_ram_open</a> from hci_transport_ram.o(i.hci_transport_ram_open) referenced from hci_transport_ram.o(.constdata)
 <LI><a href="#[51]">hci_transport_ram_receive_packet</a> from hci_transport_ram.o(i.hci_transport_ram_receive_packet) referenced from hci_transport_ram.o(i.hci_transport_ram_open)
 <LI><a href="#[9a]">hci_transport_ram_register_packet_handler</a> from hci_transport_ram.o(i.hci_transport_ram_register_packet_handler) referenced from hci_transport_ram.o(.constdata)
 <LI><a href="#[9c]">hci_transport_ram_send_packet</a> from hci_transport_ram.o(i.hci_transport_ram_send_packet) referenced from hci_transport_ram.o(.constdata)
 <LI><a href="#[54]">hids_device_can_send_now</a> from hids_device_skyworth.o(i.hids_device_can_send_now) referenced from hids_device_skyworth.o(i.hids_device_request_can_send_now_event)
 <LI><a href="#[55]">hids_device_voice_can_send_now</a> from hids_device_skyworth.o(i.hids_device_voice_can_send_now) referenced from hids_device_skyworth.o(i.hids_device_request_voice_can_send_now_event)
 <LI><a href="#[56]">key_event_process</a> from xc_kbs_event.o(i.key_event_process) referenced from xc_kbs_event.o(i.kbs_key_event_push)
 <LI><a href="#[58]">l2cap_acl_handler</a> from l2cap.o(i.l2cap_acl_handler) referenced from l2cap.o(i.l2cap_init)
 <LI><a href="#[57]">l2cap_hci_event_handler</a> from l2cap.o(i.l2cap_hci_event_handler) referenced from l2cap.o(i.l2cap_init)
 <LI><a href="#[7e]">nrf_cli_cmd_led</a> from app_cli.o(i.nrf_cli_cmd_led) referenced from app_cli.o(.constdata)
 <LI><a href="#[7c]">nrf_cli_cmd_led_off</a> from app_cli.o(i.nrf_cli_cmd_led_off) referenced from app_cli.o(.constdata)
 <LI><a href="#[7d]">nrf_cli_cmd_led_on</a> from app_cli.o(i.nrf_cli_cmd_led_on) referenced from app_cli.o(.constdata)
 <LI><a href="#[7f]">nrf_cli_cmd_xinc</a> from app_cli.o(i.nrf_cli_cmd_xinc) referenced from app_cli.o(.constdata)
 <LI><a href="#[7]">nrf_cli_print_stream</a> from nrf_cli.o(i.nrf_cli_print_stream) referenced 2 times from main.o(.data)
 <LI><a href="#[8c]">nrf_log_backend_uart_flush</a> from nrf_log_backend_uart.o(i.nrf_log_backend_uart_flush) referenced from nrf_log_backend_uart.o(.constdata)
 <LI><a href="#[8b]">nrf_log_backend_uart_panic_set</a> from nrf_log_backend_uart.o(i.nrf_log_backend_uart_panic_set) referenced from nrf_log_backend_uart.o(.constdata)
 <LI><a href="#[8a]">nrf_log_backend_uart_put</a> from nrf_log_backend_uart.o(i.nrf_log_backend_uart_put) referenced from nrf_log_backend_uart.o(.constdata)
 <LI><a href="#[7b]">packet_handler</a> from main.o(i.packet_handler) referenced from main.o(.constdata)
 <LI><a href="#[4d]">packet_handler</a> from hci.o(i.packet_handler) referenced from hci.o(i.hci_init)
 <LI><a href="#[59]">packet_handler</a> from skyworth_rc_demo.o(i.packet_handler) referenced from skyworth_rc_demo.o(i.le_keyboard_setup)
 <LI><a href="#[5d]">saadc_callback</a> from main.o(i.saadc_callback) referenced from main.o(i.saadc_init)
 <LI><a href="#[5c]">serial_tx</a> from nrf_log_backend_uart.o(i.serial_tx) referenced from nrf_log_backend_uart.o(i.nrf_log_backend_uart_put)
 <LI><a href="#[67]">sm_event_packet_handler</a> from sm.o(i.sm_event_packet_handler) referenced from sm.o(i.sm_init)
 <LI><a href="#[6e]">sm_handle_encryption_result_address_resolution</a> from sm.o(i.sm_handle_encryption_result_address_resolution) referenced from sm.o(i.sm_run)
 <LI><a href="#[6b]">sm_handle_encryption_result_dkg_dhk</a> from sm.o(i.sm_handle_encryption_result_dkg_dhk) referenced from sm.o(i.sm_run)
 <LI><a href="#[6a]">sm_handle_encryption_result_dkg_irk</a> from sm.o(i.sm_handle_encryption_result_dkg_irk) referenced from sm.o(i.sm_run)
 <LI><a href="#[70]">sm_handle_encryption_result_enc_a</a> from sm.o(i.sm_handle_encryption_result_enc_a) referenced from sm.o(i.sm_run)
 <LI><a href="#[60]">sm_handle_encryption_result_enc_b</a> from sm.o(i.sm_handle_encryption_result_enc_b) referenced from sm.o(i.sm_handle_encryption_result_enc_a)
 <LI><a href="#[71]">sm_handle_encryption_result_enc_c</a> from sm.o(i.sm_handle_encryption_result_enc_c) referenced from sm.o(i.sm_run)
 <LI><a href="#[62]">sm_handle_encryption_result_enc_csrk</a> from sm.o(i.sm_handle_encryption_result_enc_csrk) referenced from sm.o(i.sm_handle_encryption_result_enc_ph3_ltk)
 <LI><a href="#[61]">sm_handle_encryption_result_enc_d</a> from sm.o(i.sm_handle_encryption_result_enc_d) referenced from sm.o(i.sm_handle_encryption_result_enc_c)
 <LI><a href="#[63]">sm_handle_encryption_result_enc_ph3_ltk</a> from sm.o(i.sm_handle_encryption_result_enc_ph3_ltk) referenced from sm.o(i.sm_handle_encryption_result_enc_ph3_y)
 <LI><a href="#[73]">sm_handle_encryption_result_enc_ph3_y</a> from sm.o(i.sm_handle_encryption_result_enc_ph3_y) referenced from sm.o(i.sm_run)
 <LI><a href="#[64]">sm_handle_encryption_result_enc_ph4_ltk</a> from sm.o(i.sm_handle_encryption_result_enc_ph4_ltk) referenced from sm.o(i.sm_handle_encryption_result_enc_ph4_y)
 <LI><a href="#[74]">sm_handle_encryption_result_enc_ph4_y</a> from sm.o(i.sm_handle_encryption_result_enc_ph4_y) referenced from sm.o(i.sm_run)
 <LI><a href="#[72]">sm_handle_encryption_result_enc_stk</a> from sm.o(i.sm_handle_encryption_result_enc_stk) referenced from sm.o(i.sm_run)
 <LI><a href="#[6d]">sm_handle_encryption_result_rau</a> from sm.o(i.sm_handle_encryption_result_rau) referenced from sm.o(i.sm_run)
 <LI><a href="#[5e]">sm_handle_random_result_er</a> from sm.o(i.sm_handle_random_result_er) referenced from sm.o(i.sm_event_packet_handler)
 <LI><a href="#[65]">sm_handle_random_result_ir</a> from sm.o(i.sm_handle_random_result_ir) referenced from sm.o(i.sm_handle_random_result_er)
 <LI><a href="#[69]">sm_handle_random_result_ph2_random</a> from sm.o(i.sm_handle_random_result_ph2_random) referenced from sm.o(i.sm_just_works_confirm)
 <LI><a href="#[69]">sm_handle_random_result_ph2_random</a> from sm.o(i.sm_handle_random_result_ph2_random) referenced from sm.o(i.sm_pdu_handler)
 <LI><a href="#[6f]">sm_handle_random_result_ph2_tk</a> from sm.o(i.sm_handle_random_result_ph2_tk) referenced from sm.o(i.sm_run)
 <LI><a href="#[66]">sm_handle_random_result_ph3_div</a> from sm.o(i.sm_handle_random_result_ph3_div) referenced from sm.o(i.sm_handle_random_result_ph3_random)
 <LI><a href="#[5f]">sm_handle_random_result_ph3_random</a> from sm.o(i.sm_handle_random_result_ph3_random) referenced from sm.o(i.sm_event_packet_handler)
 <LI><a href="#[6c]">sm_handle_random_result_rau</a> from sm.o(i.sm_handle_random_result_rau) referenced from sm.o(i.sm_run)
 <LI><a href="#[68]">sm_pdu_handler</a> from sm.o(i.sm_pdu_handler) referenced from sm.o(i.sm_init)
 <LI><a href="#[75]">sm_timeout_handler</a> from sm.o(i.sm_timeout_handler) referenced from sm.o(i.sm_timeout_start)
 <LI><a href="#[5a]">system_run_timer_handler</a> from main.o(i.system_run_timer_handler) referenced from main.o(i.main)
 <LI><a href="#[76]">timeout_handler_scheduled_exec</a> from app_timer.o(i.timeout_handler_scheduled_exec) referenced from app_timer.o(i.timer_timeouts_check)
 <LI><a href="#[47]">timer_handler</a> from nrf_cli_uart.o(i.timer_handler) referenced from nrf_cli_uart.o(i.cli_uart_enable)
 <LI><a href="#[48]">uart_event_handler</a> from nrf_cli_uart.o(i.uart_event_handler) referenced from nrf_cli_uart.o(i.cli_uart_init)
 <LI><a href="#[5b]">uart_evt_handler</a> from nrf_drv_uart.o(i.uart_evt_handler) referenced from nrf_drv_uart.o(i.nrf_drv_uart_init)
 <LI><a href="#[77]">uart_evt_handler</a> from nrf_log_backend_uart.o(i.uart_evt_handler) referenced from nrf_log_backend_uart.o(i.uart_init)
</UL>
<P>
<H3>
Global Symbols
</H3>
<P><STRONG><a name="[a5]"></a>__main</STRONG> (Thumb, 8 bytes, Stack size 0 bytes, __main.o(!!!main))
<BR><BR>[Calls]<UL><LI><a href="#[a8]">&gt;&gt;</a>&nbsp;&nbsp;&nbsp;__rt_entry
<LI><a href="#[a7]">&gt;&gt;</a>&nbsp;&nbsp;&nbsp;__scatterload
</UL>

<P><STRONG><a name="[a7]"></a>__scatterload</STRONG> (Thumb, 0 bytes, Stack size unknown bytes, __scatter.o(!!!scatter))
<BR><BR>[Called By]<UL><LI><a href="#[a5]">&gt;&gt;</a>&nbsp;&nbsp;&nbsp;__main
</UL>

<P><STRONG><a name="[a9]"></a>__scatterload_rt2</STRONG> (Thumb, 52 bytes, Stack size unknown bytes, __scatter.o(!!!scatter), UNUSED)
<BR><BR>[Calls]<UL><LI><a href="#[a8]">&gt;&gt;</a>&nbsp;&nbsp;&nbsp;__rt_entry
</UL>

<P><STRONG><a name="[450]"></a>__scatterload_rt2_thumb_only</STRONG> (Thumb, 0 bytes, Stack size unknown bytes, __scatter.o(!!!scatter), UNUSED)

<P><STRONG><a name="[451]"></a>__scatterload_null</STRONG> (Thumb, 0 bytes, Stack size unknown bytes, __scatter.o(!!!scatter), UNUSED)

<P><STRONG><a name="[aa]"></a>__scatterload_copy</STRONG> (Thumb, 26 bytes, Stack size unknown bytes, __scatter_copy.o(!!handler_copy), UNUSED)
<BR><BR>[Calls]<UL><LI><a href="#[aa]">&gt;&gt;</a>&nbsp;&nbsp;&nbsp;__scatterload_copy
</UL>
<BR>[Called By]<UL><LI><a href="#[aa]">&gt;&gt;</a>&nbsp;&nbsp;&nbsp;__scatterload_copy
</UL>

<P><STRONG><a name="[452]"></a>__scatterload_zeroinit</STRONG> (Thumb, 28 bytes, Stack size unknown bytes, __scatter_zi.o(!!handler_zi), UNUSED)

<P><STRONG><a name="[d4]"></a>_printf_percent</STRONG> (Thumb, 0 bytes, Stack size unknown bytes, _printf_percent.o(.ARM.Collect$$_printf_percent$$00000000))
<BR><BR>[Called By]<UL><LI><a href="#[d2]">&gt;&gt;</a>&nbsp;&nbsp;&nbsp;__printf
</UL>

<P><STRONG><a name="[ab]"></a>_printf_p</STRONG> (Thumb, 0 bytes, Stack size unknown bytes, _printf_p.o(.ARM.Collect$$_printf_percent$$00000002))
<BR><BR>[Stack]<UL><LI>Max Depth = 88 + Unknown Stack Size
<LI>Call Chain = _printf_p &rArr; _printf_f &rArr; _printf_d &rArr; _printf_u &rArr; _printf_x &rArr; _printf_int_hex &rArr; _printf_longlong_hex &rArr; _printf_int_common &rArr; _printf_post_padding
</UL>
<BR>[Calls]<UL><LI><a href="#[ac]">&gt;&gt;</a>&nbsp;&nbsp;&nbsp;_printf_f
<LI><a href="#[ad]">&gt;&gt;</a>&nbsp;&nbsp;&nbsp;_printf_hex_ptr
</UL>

<P><STRONG><a name="[ac]"></a>_printf_f</STRONG> (Thumb, 0 bytes, Stack size unknown bytes, _printf_f.o(.ARM.Collect$$_printf_percent$$00000003))
<BR><BR>[Stack]<UL><LI>Max Depth = 88 + Unknown Stack Size
<LI>Call Chain = _printf_f &rArr; _printf_d &rArr; _printf_u &rArr; _printf_x &rArr; _printf_int_hex &rArr; _printf_longlong_hex &rArr; _printf_int_common &rArr; _printf_post_padding
</UL>
<BR>[Calls]<UL><LI><a href="#[af]">&gt;&gt;</a>&nbsp;&nbsp;&nbsp;_printf_fp_dec
<LI><a href="#[ae]">&gt;&gt;</a>&nbsp;&nbsp;&nbsp;_printf_d
</UL>
<BR>[Called By]<UL><LI><a href="#[ab]">&gt;&gt;</a>&nbsp;&nbsp;&nbsp;_printf_p
</UL>

<P><STRONG><a name="[ae]"></a>_printf_d</STRONG> (Thumb, 0 bytes, Stack size unknown bytes, _printf_d.o(.ARM.Collect$$_printf_percent$$00000009))
<BR><BR>[Stack]<UL><LI>Max Depth = 88 + Unknown Stack Size
<LI>Call Chain = _printf_d &rArr; _printf_u &rArr; _printf_x &rArr; _printf_int_hex &rArr; _printf_longlong_hex &rArr; _printf_int_common &rArr; _printf_post_padding
</UL>
<BR>[Calls]<UL><LI><a href="#[b0]">&gt;&gt;</a>&nbsp;&nbsp;&nbsp;_printf_u
<LI><a href="#[b1]">&gt;&gt;</a>&nbsp;&nbsp;&nbsp;_printf_int_dec
</UL>
<BR>[Called By]<UL><LI><a href="#[ac]">&gt;&gt;</a>&nbsp;&nbsp;&nbsp;_printf_f
</UL>

<P><STRONG><a name="[b0]"></a>_printf_u</STRONG> (Thumb, 0 bytes, Stack size unknown bytes, _printf_u.o(.ARM.Collect$$_printf_percent$$0000000A))
<BR><BR>[Stack]<UL><LI>Max Depth = 88 + Unknown Stack Size
<LI>Call Chain = _printf_u &rArr; _printf_x &rArr; _printf_int_hex &rArr; _printf_longlong_hex &rArr; _printf_int_common &rArr; _printf_post_padding
</UL>
<BR>[Calls]<UL><LI><a href="#[b2]">&gt;&gt;</a>&nbsp;&nbsp;&nbsp;_printf_x
<LI><a href="#[b1]">&gt;&gt;</a>&nbsp;&nbsp;&nbsp;_printf_int_dec
</UL>
<BR>[Called By]<UL><LI><a href="#[ae]">&gt;&gt;</a>&nbsp;&nbsp;&nbsp;_printf_d
</UL>

<P><STRONG><a name="[b2]"></a>_printf_x</STRONG> (Thumb, 0 bytes, Stack size unknown bytes, _printf_x.o(.ARM.Collect$$_printf_percent$$0000000C))
<BR><BR>[Stack]<UL><LI>Max Depth = 88 + Unknown Stack Size
<LI>Call Chain = _printf_x &rArr; _printf_int_hex &rArr; _printf_longlong_hex &rArr; _printf_int_common &rArr; _printf_post_padding
</UL>
<BR>[Calls]<UL><LI><a href="#[b3]">&gt;&gt;</a>&nbsp;&nbsp;&nbsp;_printf_s
<LI><a href="#[b4]">&gt;&gt;</a>&nbsp;&nbsp;&nbsp;_printf_int_hex
</UL>
<BR>[Called By]<UL><LI><a href="#[b0]">&gt;&gt;</a>&nbsp;&nbsp;&nbsp;_printf_u
</UL>

<P><STRONG><a name="[b3]"></a>_printf_s</STRONG> (Thumb, 0 bytes, Stack size unknown bytes, _printf_s.o(.ARM.Collect$$_printf_percent$$00000014))
<BR><BR>[Stack]<UL><LI>Max Depth = 40 + Unknown Stack Size
<LI>Call Chain = _printf_s &rArr; _printf_string &rArr; _printf_cs_common &rArr; _printf_str &rArr; _printf_post_padding
</UL>
<BR>[Calls]<UL><LI><a href="#[b5]">&gt;&gt;</a>&nbsp;&nbsp;&nbsp;_printf_percent_end
<LI><a href="#[b6]">&gt;&gt;</a>&nbsp;&nbsp;&nbsp;_printf_string
</UL>
<BR>[Called By]<UL><LI><a href="#[b2]">&gt;&gt;</a>&nbsp;&nbsp;&nbsp;_printf_x
</UL>

<P><STRONG><a name="[b5]"></a>_printf_percent_end</STRONG> (Thumb, 0 bytes, Stack size unknown bytes, _printf_percent_end.o(.ARM.Collect$$_printf_percent$$00000017))
<BR><BR>[Called By]<UL><LI><a href="#[b3]">&gt;&gt;</a>&nbsp;&nbsp;&nbsp;_printf_s
</UL>

<P><STRONG><a name="[bf]"></a>__rt_lib_init</STRONG> (Thumb, 0 bytes, Stack size unknown bytes, libinit.o(.ARM.Collect$$libinit$$00000000))
<BR><BR>[Called By]<UL><LI><a href="#[be]">&gt;&gt;</a>&nbsp;&nbsp;&nbsp;__rt_entry_li
</UL>

<P><STRONG><a name="[453]"></a>__rt_lib_init_fp_1</STRONG> (Thumb, 0 bytes, Stack size unknown bytes, libinit2.o(.ARM.Collect$$libinit$$00000002))

<P><STRONG><a name="[454]"></a>__rt_lib_init_heap_1</STRONG> (Thumb, 0 bytes, Stack size unknown bytes, libinit2.o(.ARM.Collect$$libinit$$0000000A))

<P><STRONG><a name="[b7]"></a>__rt_lib_init_lc_common</STRONG> (Thumb, 0 bytes, Stack size unknown bytes, libinit2.o(.ARM.Collect$$libinit$$0000000F))
<BR><BR>[Calls]<UL><LI><a href="#[b8]">&gt;&gt;</a>&nbsp;&nbsp;&nbsp;__rt_locale
</UL>

<P><STRONG><a name="[455]"></a>__rt_lib_init_preinit_1</STRONG> (Thumb, 0 bytes, Stack size unknown bytes, libinit2.o(.ARM.Collect$$libinit$$00000004))

<P><STRONG><a name="[456]"></a>__rt_lib_init_rand_1</STRONG> (Thumb, 0 bytes, Stack size unknown bytes, libinit2.o(.ARM.Collect$$libinit$$0000000E))

<P><STRONG><a name="[457]"></a>__rt_lib_init_user_alloc_1</STRONG> (Thumb, 0 bytes, Stack size unknown bytes, libinit2.o(.ARM.Collect$$libinit$$0000000C))

<P><STRONG><a name="[458]"></a>__rt_lib_init_lc_collate_1</STRONG> (Thumb, 0 bytes, Stack size unknown bytes, libinit2.o(.ARM.Collect$$libinit$$00000011))

<P><STRONG><a name="[b9]"></a>__rt_lib_init_lc_ctype_2</STRONG> (Thumb, 0 bytes, Stack size unknown bytes, libinit2.o(.ARM.Collect$$libinit$$00000012))
<BR><BR>[Stack]<UL><LI>Max Depth = 24 + Unknown Stack Size
<LI>Call Chain = __rt_lib_init_lc_ctype_2 &rArr; _get_lc_ctype &rArr; strcmp
</UL>
<BR>[Calls]<UL><LI><a href="#[38]">&gt;&gt;</a>&nbsp;&nbsp;&nbsp;_get_lc_ctype
</UL>

<P><STRONG><a name="[459]"></a>__rt_lib_init_lc_ctype_1</STRONG> (Thumb, 0 bytes, Stack size unknown bytes, libinit2.o(.ARM.Collect$$libinit$$00000013))

<P><STRONG><a name="[45a]"></a>__rt_lib_init_lc_monetary_1</STRONG> (Thumb, 0 bytes, Stack size unknown bytes, libinit2.o(.ARM.Collect$$libinit$$00000015))

<P><STRONG><a name="[ba]"></a>__rt_lib_init_lc_numeric_2</STRONG> (Thumb, 0 bytes, Stack size unknown bytes, libinit2.o(.ARM.Collect$$libinit$$00000016))
<BR><BR>[Stack]<UL><LI>Max Depth = 24 + Unknown Stack Size
<LI>Call Chain = __rt_lib_init_lc_numeric_2 &rArr; _get_lc_numeric &rArr; strcmp
</UL>
<BR>[Calls]<UL><LI><a href="#[bb]">&gt;&gt;</a>&nbsp;&nbsp;&nbsp;_get_lc_numeric
</UL>

<P><STRONG><a name="[45b]"></a>__rt_lib_init_alloca_1</STRONG> (Thumb, 0 bytes, Stack size unknown bytes, libinit2.o(.ARM.Collect$$libinit$$0000002E))

<P><STRONG><a name="[45c]"></a>__rt_lib_init_argv_1</STRONG> (Thumb, 0 bytes, Stack size unknown bytes, libinit2.o(.ARM.Collect$$libinit$$0000002C))

<P><STRONG><a name="[45d]"></a>__rt_lib_init_atexit_1</STRONG> (Thumb, 0 bytes, Stack size unknown bytes, libinit2.o(.ARM.Collect$$libinit$$0000001B))

<P><STRONG><a name="[45e]"></a>__rt_lib_init_clock_1</STRONG> (Thumb, 0 bytes, Stack size unknown bytes, libinit2.o(.ARM.Collect$$libinit$$00000021))

<P><STRONG><a name="[45f]"></a>__rt_lib_init_cpp_1</STRONG> (Thumb, 0 bytes, Stack size unknown bytes, libinit2.o(.ARM.Collect$$libinit$$00000032))

<P><STRONG><a name="[460]"></a>__rt_lib_init_exceptions_1</STRONG> (Thumb, 0 bytes, Stack size unknown bytes, libinit2.o(.ARM.Collect$$libinit$$00000030))

<P><STRONG><a name="[461]"></a>__rt_lib_init_fp_trap_1</STRONG> (Thumb, 0 bytes, Stack size unknown bytes, libinit2.o(.ARM.Collect$$libinit$$0000001F))

<P><STRONG><a name="[462]"></a>__rt_lib_init_getenv_1</STRONG> (Thumb, 0 bytes, Stack size unknown bytes, libinit2.o(.ARM.Collect$$libinit$$00000023))

<P><STRONG><a name="[463]"></a>__rt_lib_init_lc_numeric_1</STRONG> (Thumb, 0 bytes, Stack size unknown bytes, libinit2.o(.ARM.Collect$$libinit$$00000017))

<P><STRONG><a name="[464]"></a>__rt_lib_init_lc_time_1</STRONG> (Thumb, 0 bytes, Stack size unknown bytes, libinit2.o(.ARM.Collect$$libinit$$00000019))

<P><STRONG><a name="[465]"></a>__rt_lib_init_return</STRONG> (Thumb, 0 bytes, Stack size unknown bytes, libinit2.o(.ARM.Collect$$libinit$$00000033))

<P><STRONG><a name="[466]"></a>__rt_lib_init_signal_1</STRONG> (Thumb, 0 bytes, Stack size unknown bytes, libinit2.o(.ARM.Collect$$libinit$$0000001D))

<P><STRONG><a name="[467]"></a>__rt_lib_init_stdio_1</STRONG> (Thumb, 0 bytes, Stack size unknown bytes, libinit2.o(.ARM.Collect$$libinit$$00000025))

<P><STRONG><a name="[c4]"></a>__rt_lib_shutdown</STRONG> (Thumb, 0 bytes, Stack size unknown bytes, libshutdown.o(.ARM.Collect$$libshutdown$$00000000))
<BR><BR>[Called By]<UL><LI><a href="#[c3]">&gt;&gt;</a>&nbsp;&nbsp;&nbsp;__rt_exit_ls
</UL>

<P><STRONG><a name="[468]"></a>__rt_lib_shutdown_cpp_1</STRONG> (Thumb, 0 bytes, Stack size unknown bytes, libshutdown2.o(.ARM.Collect$$libshutdown$$00000002))

<P><STRONG><a name="[469]"></a>__rt_lib_shutdown_fp_trap_1</STRONG> (Thumb, 0 bytes, Stack size unknown bytes, libshutdown2.o(.ARM.Collect$$libshutdown$$00000007))

<P><STRONG><a name="[46a]"></a>__rt_lib_shutdown_heap_1</STRONG> (Thumb, 0 bytes, Stack size unknown bytes, libshutdown2.o(.ARM.Collect$$libshutdown$$0000000F))

<P><STRONG><a name="[46b]"></a>__rt_lib_shutdown_return</STRONG> (Thumb, 0 bytes, Stack size unknown bytes, libshutdown2.o(.ARM.Collect$$libshutdown$$00000010))

<P><STRONG><a name="[46c]"></a>__rt_lib_shutdown_signal_1</STRONG> (Thumb, 0 bytes, Stack size unknown bytes, libshutdown2.o(.ARM.Collect$$libshutdown$$0000000A))

<P><STRONG><a name="[46d]"></a>__rt_lib_shutdown_stdio_1</STRONG> (Thumb, 0 bytes, Stack size unknown bytes, libshutdown2.o(.ARM.Collect$$libshutdown$$00000004))

<P><STRONG><a name="[46e]"></a>__rt_lib_shutdown_user_alloc_1</STRONG> (Thumb, 0 bytes, Stack size unknown bytes, libshutdown2.o(.ARM.Collect$$libshutdown$$0000000C))

<P><STRONG><a name="[a8]"></a>__rt_entry</STRONG> (Thumb, 0 bytes, Stack size unknown bytes, __rtentry.o(.ARM.Collect$$rtentry$$00000000))
<BR><BR>[Called By]<UL><LI><a href="#[a5]">&gt;&gt;</a>&nbsp;&nbsp;&nbsp;__main
<LI><a href="#[a9]">&gt;&gt;</a>&nbsp;&nbsp;&nbsp;__scatterload_rt2
</UL>

<P><STRONG><a name="[46f]"></a>__rt_entry_presh_1</STRONG> (Thumb, 0 bytes, Stack size unknown bytes, __rtentry2.o(.ARM.Collect$$rtentry$$00000002))

<P><STRONG><a name="[bc]"></a>__rt_entry_sh</STRONG> (Thumb, 0 bytes, Stack size unknown bytes, __rtentry4.o(.ARM.Collect$$rtentry$$00000004))
<BR><BR>[Stack]<UL><LI>Max Depth = 8 + Unknown Stack Size
<LI>Call Chain = __rt_entry_sh &rArr; __user_setup_stackheap
</UL>
<BR>[Calls]<UL><LI><a href="#[bd]">&gt;&gt;</a>&nbsp;&nbsp;&nbsp;__user_setup_stackheap
</UL>

<P><STRONG><a name="[be]"></a>__rt_entry_li</STRONG> (Thumb, 0 bytes, Stack size unknown bytes, __rtentry2.o(.ARM.Collect$$rtentry$$0000000A))
<BR><BR>[Calls]<UL><LI><a href="#[bf]">&gt;&gt;</a>&nbsp;&nbsp;&nbsp;__rt_lib_init
</UL>

<P><STRONG><a name="[470]"></a>__rt_entry_postsh_1</STRONG> (Thumb, 0 bytes, Stack size unknown bytes, __rtentry2.o(.ARM.Collect$$rtentry$$00000009))

<P><STRONG><a name="[c0]"></a>__rt_entry_main</STRONG> (Thumb, 0 bytes, Stack size unknown bytes, __rtentry2.o(.ARM.Collect$$rtentry$$0000000D))
<BR><BR>[Stack]<UL><LI>Max Depth = 440 + Unknown Stack Size
<LI>Call Chain = __rt_entry_main &rArr; main &rArr; ble_mainloop &rArr; ble_linklayer_schedule &rArr; BTms_Sched &rArr; LE_LL_Check_For_Pending_Connection_Completes &rArr; LEllc_Encode_PDU &rArr; HCeg_Hardware_Error_Event &rArr; HCeg_Prevent_HCI_Event_Queue_from_Overfill &rArr; HCeg_Generate_Event &rArr;  BTq_Enqueue (Cycle)
</UL>
<BR>[Calls]<UL><LI><a href="#[c1]">&gt;&gt;</a>&nbsp;&nbsp;&nbsp;main
<LI><a href="#[c2]">&gt;&gt;</a>&nbsp;&nbsp;&nbsp;exit
</UL>

<P><STRONG><a name="[471]"></a>__rt_entry_postli_1</STRONG> (Thumb, 0 bytes, Stack size unknown bytes, __rtentry2.o(.ARM.Collect$$rtentry$$0000000C))

<P><STRONG><a name="[fe]"></a>__rt_exit</STRONG> (Thumb, 0 bytes, Stack size unknown bytes, rtexit.o(.ARM.Collect$$rtexit$$00000000))
<BR><BR>[Called By]<UL><LI><a href="#[c2]">&gt;&gt;</a>&nbsp;&nbsp;&nbsp;exit
</UL>

<P><STRONG><a name="[c3]"></a>__rt_exit_ls</STRONG> (Thumb, 0 bytes, Stack size unknown bytes, rtexit2.o(.ARM.Collect$$rtexit$$00000003))
<BR><BR>[Calls]<UL><LI><a href="#[c4]">&gt;&gt;</a>&nbsp;&nbsp;&nbsp;__rt_lib_shutdown
</UL>

<P><STRONG><a name="[472]"></a>__rt_exit_prels_1</STRONG> (Thumb, 0 bytes, Stack size unknown bytes, rtexit2.o(.ARM.Collect$$rtexit$$00000002))

<P><STRONG><a name="[c5]"></a>__rt_exit_exit</STRONG> (Thumb, 0 bytes, Stack size unknown bytes, rtexit2.o(.ARM.Collect$$rtexit$$00000004))
<BR><BR>[Calls]<UL><LI><a href="#[c6]">&gt;&gt;</a>&nbsp;&nbsp;&nbsp;_sys_exit
</UL>

<P><STRONG><a name="[d6]"></a>__aeabi_memcpy4</STRONG> (Thumb, 56 bytes, Stack size 0 bytes, rt_memcpy.o(.emb_text))
<BR><BR>[Called By]<UL><LI><a href="#[400]">&gt;&gt;</a>&nbsp;&nbsp;&nbsp;sky_keyEvt_can_send_now
<LI><a href="#[59]">&gt;&gt;</a>&nbsp;&nbsp;&nbsp;packet_handler
<LI><a href="#[319]">&gt;&gt;</a>&nbsp;&nbsp;&nbsp;nrf_drv_uart_init
<LI><a href="#[85]">&gt;&gt;</a>&nbsp;&nbsp;&nbsp;cli_uart_init
<LI><a href="#[3eb]">&gt;&gt;</a>&nbsp;&nbsp;&nbsp;uart_init
<LI><a href="#[39c]">&gt;&gt;</a>&nbsp;&nbsp;&nbsp;i2c_irq_handler
<LI><a href="#[1aa]">&gt;&gt;</a>&nbsp;&nbsp;&nbsp;LEll_Decode_Advertising_ChannelPDU
<LI><a href="#[d7]">&gt;&gt;</a>&nbsp;&nbsp;&nbsp;__aeabi_memmove4
<LI><a href="#[d5]">&gt;&gt;</a>&nbsp;&nbsp;&nbsp;__aeabi_memcpy
</UL>

<P><STRONG><a name="[473]"></a>__aeabi_memcpy8</STRONG> (Thumb, 0 bytes, Stack size 0 bytes, rt_memcpy.o(.emb_text), UNUSED)

<P><STRONG><a name="[18]"></a>Reset_Handler</STRONG> (Thumb, 14 bytes, Stack size 0 bytes, startup_xinc.o(.text))
<BR>[Address Reference Count : 1]<UL><LI> startup_xinc.o(RESET)
</UL>
<P><STRONG><a name="[19]"></a>NMI_Handler</STRONG> (Thumb, 2 bytes, Stack size 0 bytes, startup_xinc.o(.text))
<BR><BR>[Calls]<UL><LI><a href="#[19]">&gt;&gt;</a>&nbsp;&nbsp;&nbsp;NMI_Handler
</UL>
<BR>[Called By]<UL><LI><a href="#[19]">&gt;&gt;</a>&nbsp;&nbsp;&nbsp;NMI_Handler
</UL>
<BR>[Address Reference Count : 1]<UL><LI> startup_xinc.o(RESET)
</UL>
<P><STRONG><a name="[1a]"></a>HardFault_Handler</STRONG> (Thumb, 2 bytes, Stack size 0 bytes, startup_xinc.o(.text))
<BR><BR>[Calls]<UL><LI><a href="#[1a]">&gt;&gt;</a>&nbsp;&nbsp;&nbsp;HardFault_Handler
</UL>
<BR>[Called By]<UL><LI><a href="#[1a]">&gt;&gt;</a>&nbsp;&nbsp;&nbsp;HardFault_Handler
</UL>
<BR>[Address Reference Count : 1]<UL><LI> startup_xinc.o(RESET)
</UL>
<P><STRONG><a name="[1b]"></a>MemManage_Handler</STRONG> (Thumb, 2 bytes, Stack size 0 bytes, startup_xinc.o(.text))
<BR><BR>[Calls]<UL><LI><a href="#[1b]">&gt;&gt;</a>&nbsp;&nbsp;&nbsp;MemManage_Handler
</UL>
<BR>[Called By]<UL><LI><a href="#[1b]">&gt;&gt;</a>&nbsp;&nbsp;&nbsp;MemManage_Handler
</UL>
<BR>[Address Reference Count : 1]<UL><LI> startup_xinc.o(RESET)
</UL>
<P><STRONG><a name="[1c]"></a>BusFault_Handler</STRONG> (Thumb, 2 bytes, Stack size 0 bytes, startup_xinc.o(.text))
<BR><BR>[Calls]<UL><LI><a href="#[1c]">&gt;&gt;</a>&nbsp;&nbsp;&nbsp;BusFault_Handler
</UL>
<BR>[Called By]<UL><LI><a href="#[1c]">&gt;&gt;</a>&nbsp;&nbsp;&nbsp;BusFault_Handler
</UL>
<BR>[Address Reference Count : 1]<UL><LI> startup_xinc.o(RESET)
</UL>
<P><STRONG><a name="[1d]"></a>UsageFault_Handler</STRONG> (Thumb, 2 bytes, Stack size 0 bytes, startup_xinc.o(.text))
<BR><BR>[Calls]<UL><LI><a href="#[1d]">&gt;&gt;</a>&nbsp;&nbsp;&nbsp;UsageFault_Handler
</UL>
<BR>[Called By]<UL><LI><a href="#[1d]">&gt;&gt;</a>&nbsp;&nbsp;&nbsp;UsageFault_Handler
</UL>
<BR>[Address Reference Count : 1]<UL><LI> startup_xinc.o(RESET)
</UL>
<P><STRONG><a name="[1e]"></a>SVC_Handler</STRONG> (Thumb, 2 bytes, Stack size 0 bytes, startup_xinc.o(.text))
<BR><BR>[Calls]<UL><LI><a href="#[1e]">&gt;&gt;</a>&nbsp;&nbsp;&nbsp;SVC_Handler
</UL>
<BR>[Called By]<UL><LI><a href="#[1e]">&gt;&gt;</a>&nbsp;&nbsp;&nbsp;SVC_Handler
</UL>
<BR>[Address Reference Count : 1]<UL><LI> startup_xinc.o(RESET)
</UL>
<P><STRONG><a name="[1f]"></a>DebugMon_Handler</STRONG> (Thumb, 2 bytes, Stack size 0 bytes, startup_xinc.o(.text))
<BR><BR>[Calls]<UL><LI><a href="#[1f]">&gt;&gt;</a>&nbsp;&nbsp;&nbsp;DebugMon_Handler
</UL>
<BR>[Called By]<UL><LI><a href="#[1f]">&gt;&gt;</a>&nbsp;&nbsp;&nbsp;DebugMon_Handler
</UL>
<BR>[Address Reference Count : 1]<UL><LI> startup_xinc.o(RESET)
</UL>
<P><STRONG><a name="[35]"></a>AES_Handler</STRONG> (Thumb, 0 bytes, Stack size 0 bytes, startup_xinc.o(.text))
<BR><BR>[Calls]<UL><LI><a href="#[35]">&gt;&gt;</a>&nbsp;&nbsp;&nbsp;AES_Handler
</UL>
<BR>[Called By]<UL><LI><a href="#[35]">&gt;&gt;</a>&nbsp;&nbsp;&nbsp;AES_Handler
</UL>
<BR>[Address Reference Count : 1]<UL><LI> startup_xinc.o(RESET)
</UL>
<P><STRONG><a name="[24]"></a>CPR_Handler</STRONG> (Thumb, 0 bytes, Stack size 0 bytes, startup_xinc.o(.text))
<BR>[Address Reference Count : 1]<UL><LI> startup_xinc.o(RESET)
</UL>
<P><STRONG><a name="[23]"></a>DMAS_Handler</STRONG> (Thumb, 0 bytes, Stack size 0 bytes, startup_xinc.o(.text))
<BR>[Address Reference Count : 1]<UL><LI> startup_xinc.o(RESET)
</UL>
<P><STRONG><a name="[32]"></a>QDEC_Handler</STRONG> (Thumb, 0 bytes, Stack size 0 bytes, startup_xinc.o(.text))
<BR>[Address Reference Count : 1]<UL><LI> startup_xinc.o(RESET)
</UL>
<P><STRONG><a name="[26]"></a>RTC_Handler</STRONG> (Thumb, 0 bytes, Stack size 0 bytes, startup_xinc.o(.text))
<BR>[Address Reference Count : 1]<UL><LI> startup_xinc.o(RESET)
</UL>
<P><STRONG><a name="[34]"></a>SIM_Handler</STRONG> (Thumb, 0 bytes, Stack size 0 bytes, startup_xinc.o(.text))
<BR>[Address Reference Count : 1]<UL><LI> startup_xinc.o(RESET)
</UL>
<P><STRONG><a name="[2a]"></a>TIMER3_Handler</STRONG> (Thumb, 0 bytes, Stack size 0 bytes, startup_xinc.o(.text))
<BR>[Address Reference Count : 1]<UL><LI> startup_xinc.o(RESET)
</UL>
<P><STRONG><a name="[2b]"></a>WDT_Handler</STRONG> (Thumb, 0 bytes, Stack size 0 bytes, startup_xinc.o(.text))
<BR>[Address Reference Count : 1]<UL><LI> startup_xinc.o(RESET)
</UL>
<P><STRONG><a name="[fc]"></a>__user_initial_stackheap</STRONG> (Thumb, 0 bytes, Stack size unknown bytes, startup_xinc.o(.text))
<BR><BR>[Called By]<UL><LI><a href="#[bd]">&gt;&gt;</a>&nbsp;&nbsp;&nbsp;__user_setup_stackheap
</UL>

<P><STRONG><a name="[474]"></a>__I$use$semihosting</STRONG> (Thumb, 0 bytes, Stack size 0 bytes, use_no_semi.o(.text), UNUSED)

<P><STRONG><a name="[475]"></a>__use_no_semihosting_swi</STRONG> (Thumb, 2 bytes, Stack size 0 bytes, use_no_semi.o(.text), UNUSED)

<P><STRONG><a name="[c7]"></a>__rt_ctype_table</STRONG> (Thumb, 16 bytes, Stack size 8 bytes, rt_ctype_table.o(.text))
<BR><BR>[Stack]<UL><LI>Max Depth = 8<LI>Call Chain = __rt_ctype_table
</UL>
<BR>[Calls]<UL><LI><a href="#[b8]">&gt;&gt;</a>&nbsp;&nbsp;&nbsp;__rt_locale
</UL>
<BR>[Called By]<UL><LI><a href="#[358]">&gt;&gt;</a>&nbsp;&nbsp;&nbsp;format_offset_string_print
<LI><a href="#[3e9]">&gt;&gt;</a>&nbsp;&nbsp;&nbsp;nrf_log_hexdump_entry_process
</UL>

<P><STRONG><a name="[15e]"></a>__aeabi_uldivmod</STRONG> (Thumb, 258 bytes, Stack size 32 bytes, lludiv.o(.text))
<BR><BR>[Stack]<UL><LI>Max Depth = 32<LI>Call Chain = __aeabi_uldivmod
</UL>
<BR>[Called By]<UL><LI><a href="#[113]">&gt;&gt;</a>&nbsp;&nbsp;&nbsp;HWdelay_Calibrate
</UL>

<P><STRONG><a name="[476]"></a>_ll_udiv</STRONG> (Thumb, 0 bytes, Stack size 32 bytes, lludiv.o(.text), UNUSED)

<P><STRONG><a name="[c8]"></a>__2printf</STRONG> (Thumb, 22 bytes, Stack size 24 bytes, noretval__2printf.o(.text))
<BR><BR>[Stack]<UL><LI>Max Depth = 136 + Unknown Stack Size
<LI>Call Chain = __2printf &rArr; _printf_char_file &rArr; _printf_char_common &rArr; __printf
</UL>
<BR>[Calls]<UL><LI><a href="#[c9]">&gt;&gt;</a>&nbsp;&nbsp;&nbsp;_printf_char_file
</UL>
<BR>[Called By]<UL><LI><a href="#[414]">&gt;&gt;</a>&nbsp;&nbsp;&nbsp;xincx_saadc_channel_init
<LI><a href="#[3d2]">&gt;&gt;</a>&nbsp;&nbsp;&nbsp;saadc_init
<LI><a href="#[5d]">&gt;&gt;</a>&nbsp;&nbsp;&nbsp;saadc_callback
<LI><a href="#[c1]">&gt;&gt;</a>&nbsp;&nbsp;&nbsp;main
<LI><a href="#[7b]">&gt;&gt;</a>&nbsp;&nbsp;&nbsp;packet_handler
<LI><a href="#[7a]">&gt;&gt;</a>&nbsp;&nbsp;&nbsp;att_write_callback
<LI><a href="#[79]">&gt;&gt;</a>&nbsp;&nbsp;&nbsp;att_read_callback
<LI><a href="#[214]">&gt;&gt;</a>&nbsp;&nbsp;&nbsp;retarget_init
<LI><a href="#[7f]">&gt;&gt;</a>&nbsp;&nbsp;&nbsp;nrf_cli_cmd_xinc
<LI><a href="#[7d]">&gt;&gt;</a>&nbsp;&nbsp;&nbsp;nrf_cli_cmd_led_on
<LI><a href="#[7c]">&gt;&gt;</a>&nbsp;&nbsp;&nbsp;nrf_cli_cmd_led_off
<LI><a href="#[7e]">&gt;&gt;</a>&nbsp;&nbsp;&nbsp;nrf_cli_cmd_led
<LI><a href="#[416]">&gt;&gt;</a>&nbsp;&nbsp;&nbsp;send_media_report
<LI><a href="#[404]">&gt;&gt;</a>&nbsp;&nbsp;&nbsp;send_keyboard_report
<LI><a href="#[400]">&gt;&gt;</a>&nbsp;&nbsp;&nbsp;sky_keyEvt_can_send_now
<LI><a href="#[59]">&gt;&gt;</a>&nbsp;&nbsp;&nbsp;packet_handler
<LI><a href="#[39b]">&gt;&gt;</a>&nbsp;&nbsp;&nbsp;hids_device_send_media_report
<LI><a href="#[397]">&gt;&gt;</a>&nbsp;&nbsp;&nbsp;hids_device_init
<LI><a href="#[53]">&gt;&gt;</a>&nbsp;&nbsp;&nbsp;att_write_callback
<LI><a href="#[52]">&gt;&gt;</a>&nbsp;&nbsp;&nbsp;att_read_callback
<LI><a href="#[353]">&gt;&gt;</a>&nbsp;&nbsp;&nbsp;ff10_service_server_init
<LI><a href="#[4b]">&gt;&gt;</a>&nbsp;&nbsp;&nbsp;att_write_callback
<LI><a href="#[4a]">&gt;&gt;</a>&nbsp;&nbsp;&nbsp;att_read_callback
<LI><a href="#[372]">&gt;&gt;</a>&nbsp;&nbsp;&nbsp;nrf_fstorage_write
<LI><a href="#[80]">&gt;&gt;</a>&nbsp;&nbsp;&nbsp;cmd_reset
<LI><a href="#[81]">&gt;&gt;</a>&nbsp;&nbsp;&nbsp;cmd_error
<LI><a href="#[319]">&gt;&gt;</a>&nbsp;&nbsp;&nbsp;nrf_drv_uart_init
<LI><a href="#[328]">&gt;&gt;</a>&nbsp;&nbsp;&nbsp;compare_reg_update
<LI><a href="#[24a]">&gt;&gt;</a>&nbsp;&nbsp;&nbsp;apply_config
<LI><a href="#[3e1]">&gt;&gt;</a>&nbsp;&nbsp;&nbsp;nrfx_uart_init
<LI><a href="#[3f4]">&gt;&gt;</a>&nbsp;&nbsp;&nbsp;nrf_ringbuf_alloc
<LI><a href="#[85]">&gt;&gt;</a>&nbsp;&nbsp;&nbsp;cli_uart_init
<LI><a href="#[87]">&gt;&gt;</a>&nbsp;&nbsp;&nbsp;cli_uart_enable
</UL>

<P><STRONG><a name="[cb]"></a>_printf_pre_padding</STRONG> (Thumb, 44 bytes, Stack size 16 bytes, _printf_pad.o(.text))
<BR><BR>[Stack]<UL><LI>Max Depth = 16<LI>Call Chain = _printf_pre_padding
</UL>
<BR>[Called By]<UL><LI><a href="#[ef]">&gt;&gt;</a>&nbsp;&nbsp;&nbsp;_printf_fp_infnan
<LI><a href="#[78]">&gt;&gt;</a>&nbsp;&nbsp;&nbsp;_printf_fp_dec_real
<LI><a href="#[d0]">&gt;&gt;</a>&nbsp;&nbsp;&nbsp;_printf_int_common
<LI><a href="#[ca]">&gt;&gt;</a>&nbsp;&nbsp;&nbsp;_printf_str
</UL>

<P><STRONG><a name="[cc]"></a>_printf_post_padding</STRONG> (Thumb, 34 bytes, Stack size 16 bytes, _printf_pad.o(.text))
<BR><BR>[Stack]<UL><LI>Max Depth = 16<LI>Call Chain = _printf_post_padding
</UL>
<BR>[Called By]<UL><LI><a href="#[ef]">&gt;&gt;</a>&nbsp;&nbsp;&nbsp;_printf_fp_infnan
<LI><a href="#[78]">&gt;&gt;</a>&nbsp;&nbsp;&nbsp;_printf_fp_dec_real
<LI><a href="#[d0]">&gt;&gt;</a>&nbsp;&nbsp;&nbsp;_printf_int_common
<LI><a href="#[ca]">&gt;&gt;</a>&nbsp;&nbsp;&nbsp;_printf_str
</UL>

<P><STRONG><a name="[ca]"></a>_printf_str</STRONG> (Thumb, 82 bytes, Stack size 16 bytes, _printf_str.o(.text))
<BR><BR>[Stack]<UL><LI>Max Depth = 32<LI>Call Chain = _printf_str &rArr; _printf_post_padding
</UL>
<BR>[Calls]<UL><LI><a href="#[cc]">&gt;&gt;</a>&nbsp;&nbsp;&nbsp;_printf_post_padding
<LI><a href="#[cb]">&gt;&gt;</a>&nbsp;&nbsp;&nbsp;_printf_pre_padding
</UL>
<BR>[Called By]<UL><LI><a href="#[f0]">&gt;&gt;</a>&nbsp;&nbsp;&nbsp;_printf_cs_common
</UL>

<P><STRONG><a name="[b1]"></a>_printf_int_dec</STRONG> (Thumb, 90 bytes, Stack size 32 bytes, _printf_dec.o(.text))
<BR><BR>[Stack]<UL><LI>Max Depth = 88<LI>Call Chain = _printf_int_dec &rArr; _printf_int_common &rArr; _printf_post_padding
</UL>
<BR>[Calls]<UL><LI><a href="#[cf]">&gt;&gt;</a>&nbsp;&nbsp;&nbsp;__rt_udiv10
<LI><a href="#[d0]">&gt;&gt;</a>&nbsp;&nbsp;&nbsp;_printf_int_common
<LI><a href="#[ce]">&gt;&gt;</a>&nbsp;&nbsp;&nbsp;_printf_truncate_unsigned (Weak Reference)
<LI><a href="#[cd]">&gt;&gt;</a>&nbsp;&nbsp;&nbsp;_printf_truncate_signed (Weak Reference)
</UL>
<BR>[Called By]<UL><LI><a href="#[b0]">&gt;&gt;</a>&nbsp;&nbsp;&nbsp;_printf_u
<LI><a href="#[ae]">&gt;&gt;</a>&nbsp;&nbsp;&nbsp;_printf_d
</UL>

<P><STRONG><a name="[d1]"></a>_printf_longlong_hex</STRONG> (Thumb, 80 bytes, Stack size 16 bytes, _printf_hex_int_ptr.o(.text))
<BR><BR>[Stack]<UL><LI>Max Depth = 72<LI>Call Chain = _printf_longlong_hex &rArr; _printf_int_common &rArr; _printf_post_padding
</UL>
<BR>[Calls]<UL><LI><a href="#[d0]">&gt;&gt;</a>&nbsp;&nbsp;&nbsp;_printf_int_common
</UL>
<BR>[Called By]<UL><LI><a href="#[ad]">&gt;&gt;</a>&nbsp;&nbsp;&nbsp;_printf_hex_ptr
<LI><a href="#[b4]">&gt;&gt;</a>&nbsp;&nbsp;&nbsp;_printf_int_hex
</UL>

<P><STRONG><a name="[b4]"></a>_printf_int_hex</STRONG> (Thumb, 26 bytes, Stack size 16 bytes, _printf_hex_int_ptr.o(.text))
<BR><BR>[Stack]<UL><LI>Max Depth = 88<LI>Call Chain = _printf_int_hex &rArr; _printf_longlong_hex &rArr; _printf_int_common &rArr; _printf_post_padding
</UL>
<BR>[Calls]<UL><LI><a href="#[d1]">&gt;&gt;</a>&nbsp;&nbsp;&nbsp;_printf_longlong_hex
<LI><a href="#[ce]">&gt;&gt;</a>&nbsp;&nbsp;&nbsp;_printf_truncate_unsigned (Weak Reference)
</UL>
<BR>[Called By]<UL><LI><a href="#[b2]">&gt;&gt;</a>&nbsp;&nbsp;&nbsp;_printf_x
</UL>

<P><STRONG><a name="[ad]"></a>_printf_hex_ptr</STRONG> (Thumb, 20 bytes, Stack size 8 bytes, _printf_hex_int_ptr.o(.text))
<BR><BR>[Stack]<UL><LI>Max Depth = 80<LI>Call Chain = _printf_hex_ptr &rArr; _printf_longlong_hex &rArr; _printf_int_common &rArr; _printf_post_padding
</UL>
<BR>[Calls]<UL><LI><a href="#[d1]">&gt;&gt;</a>&nbsp;&nbsp;&nbsp;_printf_longlong_hex
</UL>
<BR>[Called By]<UL><LI><a href="#[ab]">&gt;&gt;</a>&nbsp;&nbsp;&nbsp;_printf_p
</UL>

<P><STRONG><a name="[d2]"></a>__printf</STRONG> (Thumb, 306 bytes, Stack size 32 bytes, __printf_flags_wp.o(.text))
<BR><BR>[Stack]<UL><LI>Max Depth = 32 + Unknown Stack Size
<LI>Call Chain = __printf
</UL>
<BR>[Calls]<UL><LI><a href="#[d4]">&gt;&gt;</a>&nbsp;&nbsp;&nbsp;_printf_percent
<LI><a href="#[d3]">&gt;&gt;</a>&nbsp;&nbsp;&nbsp;_is_digit
</UL>
<BR>[Called By]<UL><LI><a href="#[f3]">&gt;&gt;</a>&nbsp;&nbsp;&nbsp;_printf_char_common
</UL>

<P><STRONG><a name="[27b]"></a>memcmp</STRONG> (Thumb, 90 bytes, Stack size 8 bytes, memcmp.o(.text))
<BR><BR>[Stack]<UL><LI>Max Depth = 8<LI>Call Chain = memcmp
</UL>
<BR>[Called By]<UL><LI><a href="#[2ac]">&gt;&gt;</a>&nbsp;&nbsp;&nbsp;gatt_server_get_get_handle_range_for_service_with_uuid16
<LI><a href="#[354]">&gt;&gt;</a>&nbsp;&nbsp;&nbsp;gatt_server_get_get_handle_range_for_service_with_uuid128
<LI><a href="#[426]">&gt;&gt;</a>&nbsp;&nbsp;&nbsp;sm_run
<LI><a href="#[42d]">&gt;&gt;</a>&nbsp;&nbsp;&nbsp;sm_key_distribution_handle_all_received
<LI><a href="#[61]">&gt;&gt;</a>&nbsp;&nbsp;&nbsp;sm_handle_encryption_result_enc_d
<LI><a href="#[6e]">&gt;&gt;</a>&nbsp;&nbsp;&nbsp;sm_handle_encryption_result_address_resolution
<LI><a href="#[27d]">&gt;&gt;</a>&nbsp;&nbsp;&nbsp;is_Bluetooth_Base_UUID
<LI><a href="#[26d]">&gt;&gt;</a>&nbsp;&nbsp;&nbsp;handle_find_by_type_value_request2
<LI><a href="#[27a]">&gt;&gt;</a>&nbsp;&nbsp;&nbsp;att_iterator_match_uuid
<LI><a href="#[348]">&gt;&gt;</a>&nbsp;&nbsp;&nbsp;hci_connection_for_bd_addr_and_type
<LI><a href="#[38f]">&gt;&gt;</a>&nbsp;&nbsp;&nbsp;hci_replace_bd_addr_placeholder
</UL>

<P><STRONG><a name="[317]"></a>strlen</STRONG> (Thumb, 62 bytes, Stack size 12 bytes, strlen.o(.text))
<BR><BR>[Stack]<UL><LI>Max Depth = 12<LI>Call Chain = strlen
</UL>
<BR>[Called By]<UL><LI><a href="#[2ba]">&gt;&gt;</a>&nbsp;&nbsp;&nbsp;wbit
<LI><a href="#[3ba]">&gt;&gt;</a>&nbsp;&nbsp;&nbsp;w_regbit
<LI><a href="#[316]">&gt;&gt;</a>&nbsp;&nbsp;&nbsp;cli_strlen
<LI><a href="#[3e0]">&gt;&gt;</a>&nbsp;&nbsp;&nbsp;nrf_fprintf_fmt
<LI><a href="#[37c]">&gt;&gt;</a>&nbsp;&nbsp;&nbsp;hci_cmd_create_from_template
</UL>

<P><STRONG><a name="[d5]"></a>__aeabi_memcpy</STRONG> (Thumb, 130 bytes, Stack size 24 bytes, rt_memcpy.o(.text))
<BR><BR>[Stack]<UL><LI>Max Depth = 24<LI>Call Chain = __aeabi_memcpy
</UL>
<BR>[Calls]<UL><LI><a href="#[d6]">&gt;&gt;</a>&nbsp;&nbsp;&nbsp;__aeabi_memcpy4
</UL>
<BR>[Called By]<UL><LI><a href="#[79]">&gt;&gt;</a>&nbsp;&nbsp;&nbsp;att_read_callback
<LI><a href="#[49]">&gt;&gt;</a>&nbsp;&nbsp;&nbsp;device_information_service_read_callback
<LI><a href="#[2a9]">&gt;&gt;</a>&nbsp;&nbsp;&nbsp;hids_device_emit_event_with_buff
<LI><a href="#[53]">&gt;&gt;</a>&nbsp;&nbsp;&nbsp;att_write_callback
<LI><a href="#[283]">&gt;&gt;</a>&nbsp;&nbsp;&nbsp;att_read_callback_handle_blob
<LI><a href="#[4b]">&gt;&gt;</a>&nbsp;&nbsp;&nbsp;att_write_callback
<LI><a href="#[2f3]">&gt;&gt;</a>&nbsp;&nbsp;&nbsp;btstack_ring_buffer_write
<LI><a href="#[2f2]">&gt;&gt;</a>&nbsp;&nbsp;&nbsp;btstack_ring_buffer_read
<LI><a href="#[23d]">&gt;&gt;</a>&nbsp;&nbsp;&nbsp;app_sched_event_put
<LI><a href="#[3d6]">&gt;&gt;</a>&nbsp;&nbsp;&nbsp;memobj_op
<LI><a href="#[31f]">&gt;&gt;</a>&nbsp;&nbsp;&nbsp;nrf_ringbuf_cpy_put
<LI><a href="#[31e]">&gt;&gt;</a>&nbsp;&nbsp;&nbsp;nrf_ringbuf_cpy_get
<LI><a href="#[3b8]">&gt;&gt;</a>&nbsp;&nbsp;&nbsp;l2cap_send_connectionless
<LI><a href="#[362]">&gt;&gt;</a>&nbsp;&nbsp;&nbsp;hci_le_advertisements_set_params
<LI><a href="#[365]">&gt;&gt;</a>&nbsp;&nbsp;&nbsp;gap_local_bd_addr
<LI><a href="#[364]">&gt;&gt;</a>&nbsp;&nbsp;&nbsp;gap_le_get_own_address
<LI><a href="#[436]">&gt;&gt;</a>&nbsp;&nbsp;&nbsp;sm_start_calculating_ltk_from_ediv_and_rand
<LI><a href="#[426]">&gt;&gt;</a>&nbsp;&nbsp;&nbsp;sm_run
<LI><a href="#[68]">&gt;&gt;</a>&nbsp;&nbsp;&nbsp;sm_pdu_handler
<LI><a href="#[42a]">&gt;&gt;</a>&nbsp;&nbsp;&nbsp;sm_init_setup
<LI><a href="#[6d]">&gt;&gt;</a>&nbsp;&nbsp;&nbsp;sm_handle_encryption_result_rau
<LI><a href="#[420]">&gt;&gt;</a>&nbsp;&nbsp;&nbsp;sm_dm_r_prime
<LI><a href="#[41d]">&gt;&gt;</a>&nbsp;&nbsp;&nbsp;sm_c1_t3
<LI><a href="#[41b]">&gt;&gt;</a>&nbsp;&nbsp;&nbsp;sm_ah_r_prime
<LI><a href="#[41a]">&gt;&gt;</a>&nbsp;&nbsp;&nbsp;sm_address_resolution_start_lookup
<LI><a href="#[3be]">&gt;&gt;</a>&nbsp;&nbsp;&nbsp;le_device_db_info
<LI><a href="#[3bd]">&gt;&gt;</a>&nbsp;&nbsp;&nbsp;le_device_db_encryption_set
<LI><a href="#[3bb]">&gt;&gt;</a>&nbsp;&nbsp;&nbsp;le_device_db_add
<LI><a href="#[3f]">&gt;&gt;</a>&nbsp;&nbsp;&nbsp;att_packet_handler
<LI><a href="#[282]">&gt;&gt;</a>&nbsp;&nbsp;&nbsp;prepare_handle_value
<LI><a href="#[272]">&gt;&gt;</a>&nbsp;&nbsp;&nbsp;handle_read_by_group_type_request2
<LI><a href="#[274]">&gt;&gt;</a>&nbsp;&nbsp;&nbsp;handle_prepare_write_request
<LI><a href="#[26c]">&gt;&gt;</a>&nbsp;&nbsp;&nbsp;handle_find_information_request2
<LI><a href="#[24c]">&gt;&gt;</a>&nbsp;&nbsp;&nbsp;att_copy_value
<LI><a href="#[3ac]">&gt;&gt;</a>&nbsp;&nbsp;&nbsp;l2cap_le_signaling_handler_dispatch
<LI><a href="#[3aa]">&gt;&gt;</a>&nbsp;&nbsp;&nbsp;l2cap_run
<LI><a href="#[37c]">&gt;&gt;</a>&nbsp;&nbsp;&nbsp;hci_cmd_create_from_template
<LI><a href="#[34a]">&gt;&gt;</a>&nbsp;&nbsp;&nbsp;gap_get_connection_parameter_range
<LI><a href="#[23a]">&gt;&gt;</a>&nbsp;&nbsp;&nbsp;hci_run
<LI><a href="#[38f]">&gt;&gt;</a>&nbsp;&nbsp;&nbsp;hci_replace_bd_addr_placeholder
<LI><a href="#[340]">&gt;&gt;</a>&nbsp;&nbsp;&nbsp;event_handler
<LI><a href="#[234]">&gt;&gt;</a>&nbsp;&nbsp;&nbsp;acl_handler
<LI><a href="#[2af]">&gt;&gt;</a>&nbsp;&nbsp;&nbsp;bd_addr_copy
<LI><a href="#[3ae]">&gt;&gt;</a>&nbsp;&nbsp;&nbsp;l2cap_create_signaling_internal
<LI><a href="#[2cb]">&gt;&gt;</a>&nbsp;&nbsp;&nbsp;btstack_crypto_run
<LI><a href="#[45]">&gt;&gt;</a>&nbsp;&nbsp;&nbsp;btstack_crypto_event_handler
<LI><a href="#[2de]">&gt;&gt;</a>&nbsp;&nbsp;&nbsp;btstack_crypto_cmac_start
<LI><a href="#[2da]">&gt;&gt;</a>&nbsp;&nbsp;&nbsp;btstack_crypto_cmac_handle_encryption_result
<LI><a href="#[2d5]">&gt;&gt;</a>&nbsp;&nbsp;&nbsp;btstack_crypto_ccm_setup_a_i
<LI><a href="#[d8]">&gt;&gt;</a>&nbsp;&nbsp;&nbsp;__aeabi_memmove
<LI><a href="#[9c]">&gt;&gt;</a>&nbsp;&nbsp;&nbsp;hci_transport_ram_send_packet
<LI><a href="#[51]">&gt;&gt;</a>&nbsp;&nbsp;&nbsp;hci_transport_ram_receive_packet
</UL>

<P><STRONG><a name="[477]"></a>__rt_memcpy</STRONG> (Thumb, 0 bytes, Stack size 24 bytes, rt_memcpy.o(.text), UNUSED)

<P><STRONG><a name="[d7]"></a>__aeabi_memmove4</STRONG> (Thumb, 70 bytes, Stack size 16 bytes, rt_memmove.o(.text), UNUSED)
<BR><BR>[Calls]<UL><LI><a href="#[d6]">&gt;&gt;</a>&nbsp;&nbsp;&nbsp;__aeabi_memcpy4
</UL>
<BR>[Called By]<UL><LI><a href="#[d8]">&gt;&gt;</a>&nbsp;&nbsp;&nbsp;__aeabi_memmove
</UL>

<P><STRONG><a name="[478]"></a>__aeabi_memmove8</STRONG> (Thumb, 0 bytes, Stack size 16 bytes, rt_memmove.o(.text), UNUSED)

<P><STRONG><a name="[d8]"></a>__aeabi_memmove</STRONG> (Thumb, 80 bytes, Stack size 24 bytes, rt_memmove.o(.text), UNUSED)
<BR><BR>[Calls]<UL><LI><a href="#[d7]">&gt;&gt;</a>&nbsp;&nbsp;&nbsp;__aeabi_memmove4
<LI><a href="#[d5]">&gt;&gt;</a>&nbsp;&nbsp;&nbsp;__aeabi_memcpy
</UL>
<BR>[Called By]<UL><LI><a href="#[308]">&gt;&gt;</a>&nbsp;&nbsp;&nbsp;char_insert
</UL>

<P><STRONG><a name="[479]"></a>__rt_memmove</STRONG> (Thumb, 0 bytes, Stack size 24 bytes, rt_memmove.o(.text), UNUSED)

<P><STRONG><a name="[d9]"></a>__aeabi_memset</STRONG> (Thumb, 18 bytes, Stack size 8 bytes, aeabi_memset.o(.text))
<BR><BR>[Stack]<UL><LI>Max Depth = 8<LI>Call Chain = __aeabi_memset
</UL>
<BR>[Calls]<UL><LI><a href="#[da]">&gt;&gt;</a>&nbsp;&nbsp;&nbsp;_memset
</UL>
<BR>[Called By]<UL><LI><a href="#[426]">&gt;&gt;</a>&nbsp;&nbsp;&nbsp;sm_run
</UL>

<P><STRONG><a name="[db]"></a>_memset_w</STRONG> (Thumb, 26 bytes, Stack size 0 bytes, rt_memclr.o(.text))
<BR><BR>[Called By]<UL><LI><a href="#[dd]">&gt;&gt;</a>&nbsp;&nbsp;&nbsp;__rt_memclr_w
<LI><a href="#[da]">&gt;&gt;</a>&nbsp;&nbsp;&nbsp;_memset
</UL>

<P><STRONG><a name="[da]"></a>_memset</STRONG> (Thumb, 30 bytes, Stack size 0 bytes, rt_memclr.o(.text))
<BR><BR>[Calls]<UL><LI><a href="#[db]">&gt;&gt;</a>&nbsp;&nbsp;&nbsp;_memset_w
</UL>
<BR>[Called By]<UL><LI><a href="#[dc]">&gt;&gt;</a>&nbsp;&nbsp;&nbsp;__aeabi_memclr
<LI><a href="#[d9]">&gt;&gt;</a>&nbsp;&nbsp;&nbsp;__aeabi_memset
</UL>

<P><STRONG><a name="[dc]"></a>__aeabi_memclr</STRONG> (Thumb, 4 bytes, Stack size 0 bytes, rt_memclr.o(.text))
<BR><BR>[Calls]<UL><LI><a href="#[da]">&gt;&gt;</a>&nbsp;&nbsp;&nbsp;_memset
</UL>
<BR>[Called By]<UL><LI><a href="#[353]">&gt;&gt;</a>&nbsp;&nbsp;&nbsp;ff10_service_server_init
<LI><a href="#[420]">&gt;&gt;</a>&nbsp;&nbsp;&nbsp;sm_dm_r_prime
<LI><a href="#[41e]">&gt;&gt;</a>&nbsp;&nbsp;&nbsp;sm_d1_d_prime
<LI><a href="#[41b]">&gt;&gt;</a>&nbsp;&nbsp;&nbsp;sm_ah_r_prime
<LI><a href="#[37c]">&gt;&gt;</a>&nbsp;&nbsp;&nbsp;hci_cmd_create_from_template
<LI><a href="#[387]">&gt;&gt;</a>&nbsp;&nbsp;&nbsp;hci_state_reset
<LI><a href="#[2ea]">&gt;&gt;</a>&nbsp;&nbsp;&nbsp;btstack_memory_hci_connection_get
<LI><a href="#[2de]">&gt;&gt;</a>&nbsp;&nbsp;&nbsp;btstack_crypto_cmac_start
</UL>

<P><STRONG><a name="[47a]"></a>__rt_memclr</STRONG> (Thumb, 0 bytes, Stack size 0 bytes, rt_memclr.o(.text), UNUSED)

<P><STRONG><a name="[1c0]"></a>__aeabi_memclr4</STRONG> (Thumb, 0 bytes, Stack size 0 bytes, rt_memclr.o(.text))
<BR><BR>[Called By]<UL><LI><a href="#[353]">&gt;&gt;</a>&nbsp;&nbsp;&nbsp;ff10_service_server_init
<LI><a href="#[35d]">&gt;&gt;</a>&nbsp;&nbsp;&nbsp;queue_process
<LI><a href="#[3e5]">&gt;&gt;</a>&nbsp;&nbsp;&nbsp;nrf_log_backend_serial_put
<LI><a href="#[17c]">&gt;&gt;</a>&nbsp;&nbsp;&nbsp;LEllc_Encode_PDU
<LI><a href="#[1c7]">&gt;&gt;</a>&nbsp;&nbsp;&nbsp;LEconnection_Encrypt_Payload
<LI><a href="#[1bf]">&gt;&gt;</a>&nbsp;&nbsp;&nbsp;LEconnection_Decrypt_Incoming_Pdu
<LI><a href="#[2c1]">&gt;&gt;</a>&nbsp;&nbsp;&nbsp;hci_init
<LI><a href="#[23a]">&gt;&gt;</a>&nbsp;&nbsp;&nbsp;hci_run
<LI><a href="#[1e8]">&gt;&gt;</a>&nbsp;&nbsp;&nbsp;LEsecurity_HW_aes_encrypt_128
</UL>

<P><STRONG><a name="[47b]"></a>__aeabi_memclr8</STRONG> (Thumb, 0 bytes, Stack size 0 bytes, rt_memclr.o(.text), UNUSED)

<P><STRONG><a name="[dd]"></a>__rt_memclr_w</STRONG> (Thumb, 4 bytes, Stack size 0 bytes, rt_memclr.o(.text), UNUSED)
<BR><BR>[Calls]<UL><LI><a href="#[db]">&gt;&gt;</a>&nbsp;&nbsp;&nbsp;_memset_w
</UL>

<P><STRONG><a name="[327]"></a>strcmp</STRONG> (Thumb, 132 bytes, Stack size 16 bytes, strcmp.o(.text))
<BR><BR>[Stack]<UL><LI>Max Depth = 16<LI>Call Chain = strcmp
</UL>
<BR>[Called By]<UL><LI><a href="#[326]">&gt;&gt;</a>&nbsp;&nbsp;&nbsp;cmd_get
<LI><a href="#[bb]">&gt;&gt;</a>&nbsp;&nbsp;&nbsp;_get_lc_numeric
<LI><a href="#[38]">&gt;&gt;</a>&nbsp;&nbsp;&nbsp;_get_lc_ctype
</UL>

<P><STRONG><a name="[3c8]"></a>__aeabi_uread4</STRONG> (Thumb, 34 bytes, Stack size 0 bytes, uread4.o(.text))
<BR><BR>[Called By]<UL><LI><a href="#[3c7]">&gt;&gt;</a>&nbsp;&nbsp;&nbsp;little_endian_read_32
</UL>

<P><STRONG><a name="[47c]"></a>__rt_uread4</STRONG> (Thumb, 0 bytes, Stack size 0 bytes, uread4.o(.text), UNUSED)

<P><STRONG><a name="[47d]"></a>__aeabi_uidiv</STRONG> (Thumb, 0 bytes, Stack size 0 bytes, aeabi_sdiv.o(.text), UNUSED)

<P><STRONG><a name="[15c]"></a>__aeabi_uidivmod</STRONG> (Thumb, 20 bytes, Stack size 0 bytes, aeabi_sdiv.o(.text))
<BR><BR>[Called By]<UL><LI><a href="#[c1]">&gt;&gt;</a>&nbsp;&nbsp;&nbsp;main
<LI><a href="#[37f]">&gt;&gt;</a>&nbsp;&nbsp;&nbsp;hci_dump_packet
<LI><a href="#[372]">&gt;&gt;</a>&nbsp;&nbsp;&nbsp;nrf_fstorage_write
<LI><a href="#[309]">&gt;&gt;</a>&nbsp;&nbsp;&nbsp;multiline_console_data_check
<LI><a href="#[312]">&gt;&gt;</a>&nbsp;&nbsp;&nbsp;full_line_cmd
<LI><a href="#[310]">&gt;&gt;</a>&nbsp;&nbsp;&nbsp;cursor_in_empty_line
<LI><a href="#[3ed]">&gt;&gt;</a>&nbsp;&nbsp;&nbsp;nrf_memobj_alloc
<LI><a href="#[3d6]">&gt;&gt;</a>&nbsp;&nbsp;&nbsp;memobj_op
<LI><a href="#[3df]">&gt;&gt;</a>&nbsp;&nbsp;&nbsp;nrf_balloc_free
<LI><a href="#[3a4]">&gt;&gt;</a>&nbsp;&nbsp;&nbsp;unsigned_print
<LI><a href="#[357]">&gt;&gt;</a>&nbsp;&nbsp;&nbsp;fix_data_average
<LI><a href="#[1cc]">&gt;&gt;</a>&nbsp;&nbsp;&nbsp;LEfreq_Get_Next_Data_Channel_Frequency
<LI><a href="#[186]">&gt;&gt;</a>&nbsp;&nbsp;&nbsp;_LEconnection_Determine_Window_Widening_In_Frames
<LI><a href="#[194]">&gt;&gt;</a>&nbsp;&nbsp;&nbsp;LEconnection_Handle_Connection_Event
<LI><a href="#[205]">&gt;&gt;</a>&nbsp;&nbsp;&nbsp;do_Connection_Exit_LowPower
<LI><a href="#[204]">&gt;&gt;</a>&nbsp;&nbsp;&nbsp;do_Connection_Enter_LowPower
<LI><a href="#[15d]">&gt;&gt;</a>&nbsp;&nbsp;&nbsp;HWdelay_Wait_For_ms
<LI><a href="#[113]">&gt;&gt;</a>&nbsp;&nbsp;&nbsp;HWdelay_Calibrate
<LI><a href="#[15f]">&gt;&gt;</a>&nbsp;&nbsp;&nbsp;HWdelay_Calibrate_
<LI><a href="#[2fd]">&gt;&gt;</a>&nbsp;&nbsp;&nbsp;btstack_run_loop_embedded_ticks_for_ms
<LI><a href="#[146]">&gt;&gt;</a>&nbsp;&nbsp;&nbsp;restore_sleep_clk
<LI><a href="#[334]">&gt;&gt;</a>&nbsp;&nbsp;&nbsp;rc32k_calib_finish
<LI><a href="#[143]">&gt;&gt;</a>&nbsp;&nbsp;&nbsp;rc32k_calib_find_count
<LI><a href="#[9]">&gt;&gt;</a>&nbsp;&nbsp;&nbsp;LE_LL_Connection_Update_Req
</UL>

<P><STRONG><a name="[47e]"></a>__aeabi_idiv</STRONG> (Thumb, 0 bytes, Stack size 8 bytes, aeabi_sdiv.o(.text), UNUSED)

<P><STRONG><a name="[f5]"></a>__aeabi_idivmod</STRONG> (Thumb, 326 bytes, Stack size 8 bytes, aeabi_sdiv.o(.text))
<BR><BR>[Stack]<UL><LI>Max Depth = 8<LI>Call Chain = __aeabi_idivmod
</UL>
<BR>[Called By]<UL><LI><a href="#[3a3]">&gt;&gt;</a>&nbsp;&nbsp;&nbsp;int_print
<LI><a href="#[e9]">&gt;&gt;</a>&nbsp;&nbsp;&nbsp;_btod_etento
</UL>

<P><STRONG><a name="[47f]"></a>__use_two_region_memory</STRONG> (Thumb, 2 bytes, Stack size 0 bytes, heapauxi.o(.text), UNUSED)

<P><STRONG><a name="[480]"></a>__rt_heap_escrow$2region</STRONG> (Thumb, 2 bytes, Stack size 0 bytes, heapauxi.o(.text), UNUSED)

<P><STRONG><a name="[481]"></a>__rt_heap_expand$2region</STRONG> (Thumb, 2 bytes, Stack size 0 bytes, heapauxi.o(.text), UNUSED)

<P><STRONG><a name="[338]"></a>__aeabi_ddiv</STRONG> (Thumb, 0 bytes, Stack size 64 bytes, ddiv.o(.text))
<BR><BR>[Stack]<UL><LI>Max Depth = 64<LI>Call Chain = __aeabi_ddiv
</UL>
<BR>[Called By]<UL><LI><a href="#[204]">&gt;&gt;</a>&nbsp;&nbsp;&nbsp;do_Connection_Enter_LowPower
</UL>

<P><STRONG><a name="[df]"></a>_ddiv</STRONG> (Thumb, 1072 bytes, Stack size 64 bytes, ddiv.o(.text), UNUSED)
<BR><BR>[Called By]<UL><LI><a href="#[de]">&gt;&gt;</a>&nbsp;&nbsp;&nbsp;_drdiv
</UL>

<P><STRONG><a name="[de]"></a>_drdiv</STRONG> (Thumb, 20 bytes, Stack size 16 bytes, ddiv.o(.text), UNUSED)
<BR><BR>[Calls]<UL><LI><a href="#[df]">&gt;&gt;</a>&nbsp;&nbsp;&nbsp;_ddiv
</UL>

<P><STRONG><a name="[339]"></a>__aeabi_d2uiz</STRONG> (Thumb, 0 bytes, Stack size 8 bytes, dfixui.o(.text))
<BR><BR>[Stack]<UL><LI>Max Depth = 8<LI>Call Chain = __aeabi_d2uiz
</UL>
<BR>[Called By]<UL><LI><a href="#[204]">&gt;&gt;</a>&nbsp;&nbsp;&nbsp;do_Connection_Enter_LowPower
<LI><a href="#[334]">&gt;&gt;</a>&nbsp;&nbsp;&nbsp;rc32k_calib_finish
</UL>

<P><STRONG><a name="[482]"></a>_dfixu</STRONG> (Thumb, 68 bytes, Stack size 8 bytes, dfixui.o(.text), UNUSED)

<P><STRONG><a name="[e1]"></a>__aeabi_i2d_normalise</STRONG> (Thumb, 66 bytes, Stack size 0 bytes, dflti.o(.text))
<BR><BR>[Called By]<UL><LI><a href="#[e2]">&gt;&gt;</a>&nbsp;&nbsp;&nbsp;__aeabi_ui2d
<LI><a href="#[e0]">&gt;&gt;</a>&nbsp;&nbsp;&nbsp;__aeabi_i2d
</UL>

<P><STRONG><a name="[e0]"></a>__aeabi_i2d</STRONG> (Thumb, 16 bytes, Stack size 0 bytes, dflti.o(.text), UNUSED)
<BR><BR>[Calls]<UL><LI><a href="#[e1]">&gt;&gt;</a>&nbsp;&nbsp;&nbsp;__aeabi_i2d_normalise
</UL>

<P><STRONG><a name="[483]"></a>_dflt</STRONG> (Thumb, 0 bytes, Stack size 0 bytes, dflti.o(.text), UNUSED)

<P><STRONG><a name="[e2]"></a>__aeabi_ui2d</STRONG> (Thumb, 6 bytes, Stack size 0 bytes, dflti.o(.text))
<BR><BR>[Calls]<UL><LI><a href="#[e1]">&gt;&gt;</a>&nbsp;&nbsp;&nbsp;__aeabi_i2d_normalise
</UL>
<BR>[Called By]<UL><LI><a href="#[5d]">&gt;&gt;</a>&nbsp;&nbsp;&nbsp;saadc_callback
<LI><a href="#[204]">&gt;&gt;</a>&nbsp;&nbsp;&nbsp;do_Connection_Enter_LowPower
<LI><a href="#[334]">&gt;&gt;</a>&nbsp;&nbsp;&nbsp;rc32k_calib_finish
</UL>

<P><STRONG><a name="[484]"></a>_dfltu</STRONG> (Thumb, 0 bytes, Stack size 0 bytes, dflti.o(.text), UNUSED)

<P><STRONG><a name="[337]"></a>__aeabi_dmul</STRONG> (Thumb, 0 bytes, Stack size 56 bytes, dmul.o(.text))
<BR><BR>[Stack]<UL><LI>Max Depth = 56<LI>Call Chain = __aeabi_dmul
</UL>
<BR>[Called By]<UL><LI><a href="#[5d]">&gt;&gt;</a>&nbsp;&nbsp;&nbsp;saadc_callback
<LI><a href="#[204]">&gt;&gt;</a>&nbsp;&nbsp;&nbsp;do_Connection_Enter_LowPower
<LI><a href="#[334]">&gt;&gt;</a>&nbsp;&nbsp;&nbsp;rc32k_calib_finish
</UL>

<P><STRONG><a name="[485]"></a>_dmul</STRONG> (Thumb, 558 bytes, Stack size 56 bytes, dmul.o(.text), UNUSED)

<P><STRONG><a name="[412]"></a>__ARM_scalbn</STRONG> (Thumb, 84 bytes, Stack size 16 bytes, dscalbn.o(.text))
<BR><BR>[Stack]<UL><LI>Max Depth = 16<LI>Call Chain = __ARM_scalbn
</UL>
<BR>[Called By]<UL><LI><a href="#[5d]">&gt;&gt;</a>&nbsp;&nbsp;&nbsp;saadc_callback
</UL>

<P><STRONG><a name="[336]"></a>__aeabi_f2d</STRONG> (Thumb, 0 bytes, Stack size 0 bytes, f2d.o(.text))
<BR><BR>[Called By]<UL><LI><a href="#[204]">&gt;&gt;</a>&nbsp;&nbsp;&nbsp;do_Connection_Enter_LowPower
</UL>

<P><STRONG><a name="[486]"></a>_f2d</STRONG> (Thumb, 80 bytes, Stack size 0 bytes, f2d.o(.text), UNUSED)

<P><STRONG><a name="[335]"></a>__aeabi_fdiv</STRONG> (Thumb, 0 bytes, Stack size 20 bytes, fdiv.o(.text))
<BR><BR>[Stack]<UL><LI>Max Depth = 20<LI>Call Chain = __aeabi_fdiv
</UL>
<BR>[Called By]<UL><LI><a href="#[204]">&gt;&gt;</a>&nbsp;&nbsp;&nbsp;do_Connection_Enter_LowPower
</UL>

<P><STRONG><a name="[e4]"></a>_fdiv</STRONG> (Thumb, 334 bytes, Stack size 20 bytes, fdiv.o(.text), UNUSED)
<BR><BR>[Called By]<UL><LI><a href="#[e3]">&gt;&gt;</a>&nbsp;&nbsp;&nbsp;_frdiv
</UL>

<P><STRONG><a name="[e3]"></a>_frdiv</STRONG> (Thumb, 8 bytes, Stack size 0 bytes, fdiv.o(.text), UNUSED)
<BR><BR>[Calls]<UL><LI><a href="#[e4]">&gt;&gt;</a>&nbsp;&nbsp;&nbsp;_fdiv
</UL>

<P><STRONG><a name="[33c]"></a>__aeabi_f2uiz</STRONG> (Thumb, 0 bytes, Stack size 0 bytes, ffixui.o(.text))
<BR><BR>[Called By]<UL><LI><a href="#[204]">&gt;&gt;</a>&nbsp;&nbsp;&nbsp;do_Connection_Enter_LowPower
</UL>

<P><STRONG><a name="[487]"></a>_ffixu</STRONG> (Thumb, 48 bytes, Stack size 0 bytes, ffixui.o(.text), UNUSED)

<P><STRONG><a name="[e6]"></a>__aeabi_i2f_normalise</STRONG> (Thumb, 72 bytes, Stack size 0 bytes, fflti.o(.text))
<BR><BR>[Called By]<UL><LI><a href="#[e7]">&gt;&gt;</a>&nbsp;&nbsp;&nbsp;__aeabi_ui2f
<LI><a href="#[e5]">&gt;&gt;</a>&nbsp;&nbsp;&nbsp;__aeabi_i2f
</UL>

<P><STRONG><a name="[e5]"></a>__aeabi_i2f</STRONG> (Thumb, 16 bytes, Stack size 0 bytes, fflti.o(.text), UNUSED)
<BR><BR>[Calls]<UL><LI><a href="#[e6]">&gt;&gt;</a>&nbsp;&nbsp;&nbsp;__aeabi_i2f_normalise
</UL>

<P><STRONG><a name="[488]"></a>_fflt</STRONG> (Thumb, 0 bytes, Stack size 0 bytes, fflti.o(.text), UNUSED)

<P><STRONG><a name="[e7]"></a>__aeabi_ui2f</STRONG> (Thumb, 6 bytes, Stack size 0 bytes, fflti.o(.text))
<BR><BR>[Calls]<UL><LI><a href="#[e6]">&gt;&gt;</a>&nbsp;&nbsp;&nbsp;__aeabi_i2f_normalise
</UL>
<BR>[Called By]<UL><LI><a href="#[204]">&gt;&gt;</a>&nbsp;&nbsp;&nbsp;do_Connection_Enter_LowPower
</UL>

<P><STRONG><a name="[489]"></a>_ffltu</STRONG> (Thumb, 0 bytes, Stack size 0 bytes, fflti.o(.text), UNUSED)

<P><STRONG><a name="[b8]"></a>__rt_locale</STRONG> (Thumb, 8 bytes, Stack size 0 bytes, rt_locale_intlibspace.o(.text))
<BR><BR>[Called By]<UL><LI><a href="#[78]">&gt;&gt;</a>&nbsp;&nbsp;&nbsp;_printf_fp_dec_real
<LI><a href="#[c7]">&gt;&gt;</a>&nbsp;&nbsp;&nbsp;__rt_ctype_table
<LI><a href="#[b7]">&gt;&gt;</a>&nbsp;&nbsp;&nbsp;__rt_lib_init_lc_common
</UL>

<P><STRONG><a name="[d0]"></a>_printf_int_common</STRONG> (Thumb, 176 bytes, Stack size 40 bytes, _printf_intcommon.o(.text))
<BR><BR>[Stack]<UL><LI>Max Depth = 56<LI>Call Chain = _printf_int_common &rArr; _printf_post_padding
</UL>
<BR>[Calls]<UL><LI><a href="#[cc]">&gt;&gt;</a>&nbsp;&nbsp;&nbsp;_printf_post_padding
<LI><a href="#[cb]">&gt;&gt;</a>&nbsp;&nbsp;&nbsp;_printf_pre_padding
</UL>
<BR>[Called By]<UL><LI><a href="#[d1]">&gt;&gt;</a>&nbsp;&nbsp;&nbsp;_printf_longlong_hex
<LI><a href="#[b1]">&gt;&gt;</a>&nbsp;&nbsp;&nbsp;_printf_int_dec
</UL>

<P><STRONG><a name="[48a]"></a>__lib_sel_fp_printf</STRONG> (Thumb, 2 bytes, Stack size 0 bytes, _printf_fp_dec.o(.text), UNUSED)

<P><STRONG><a name="[78]"></a>_printf_fp_dec_real</STRONG> (Thumb, 620 bytes, Stack size 96 bytes, _printf_fp_dec.o(.text))
<BR><BR>[Stack]<UL><LI>Max Depth = 368<LI>Call Chain = _printf_fp_dec_real &rArr; _fp_digits &rArr; _btod_etento &rArr; _btod_emul &rArr; btod_internal_mul &rArr; __ARM_common_ll_muluu
</UL>
<BR>[Calls]<UL><LI><a href="#[ef]">&gt;&gt;</a>&nbsp;&nbsp;&nbsp;_printf_fp_infnan
<LI><a href="#[cf]">&gt;&gt;</a>&nbsp;&nbsp;&nbsp;__rt_udiv10
<LI><a href="#[e8]">&gt;&gt;</a>&nbsp;&nbsp;&nbsp;_fp_digits
<LI><a href="#[b8]">&gt;&gt;</a>&nbsp;&nbsp;&nbsp;__rt_locale
<LI><a href="#[cc]">&gt;&gt;</a>&nbsp;&nbsp;&nbsp;_printf_post_padding
<LI><a href="#[cb]">&gt;&gt;</a>&nbsp;&nbsp;&nbsp;_printf_pre_padding
<LI><a href="#[ee]">&gt;&gt;</a>&nbsp;&nbsp;&nbsp;__ARM_fpclassify
</UL>
<BR>[Address Reference Count : 1]<UL><LI> printf1.o(x$fpl$printf1)
</UL>
<P><STRONG><a name="[f0]"></a>_printf_cs_common</STRONG> (Thumb, 22 bytes, Stack size 8 bytes, _printf_char.o(.text))
<BR><BR>[Stack]<UL><LI>Max Depth = 40<LI>Call Chain = _printf_cs_common &rArr; _printf_str &rArr; _printf_post_padding
</UL>
<BR>[Calls]<UL><LI><a href="#[f1]">&gt;&gt;</a>&nbsp;&nbsp;&nbsp;_printf_mbtowc (Weak Reference)
<LI><a href="#[ca]">&gt;&gt;</a>&nbsp;&nbsp;&nbsp;_printf_str
</UL>
<BR>[Called By]<UL><LI><a href="#[b6]">&gt;&gt;</a>&nbsp;&nbsp;&nbsp;_printf_string
<LI><a href="#[f2]">&gt;&gt;</a>&nbsp;&nbsp;&nbsp;_printf_char
</UL>

<P><STRONG><a name="[f2]"></a>_printf_char</STRONG> (Thumb, 16 bytes, Stack size 0 bytes, _printf_char.o(.text), UNUSED)
<BR><BR>[Calls]<UL><LI><a href="#[f0]">&gt;&gt;</a>&nbsp;&nbsp;&nbsp;_printf_cs_common
</UL>

<P><STRONG><a name="[b6]"></a>_printf_string</STRONG> (Thumb, 8 bytes, Stack size 0 bytes, _printf_char.o(.text))
<BR><BR>[Stack]<UL><LI>Max Depth = 40<LI>Call Chain = _printf_string &rArr; _printf_cs_common &rArr; _printf_str &rArr; _printf_post_padding
</UL>
<BR>[Calls]<UL><LI><a href="#[f0]">&gt;&gt;</a>&nbsp;&nbsp;&nbsp;_printf_cs_common
</UL>
<BR>[Called By]<UL><LI><a href="#[b3]">&gt;&gt;</a>&nbsp;&nbsp;&nbsp;_printf_s
</UL>

<P><STRONG><a name="[c9]"></a>_printf_char_file</STRONG> (Thumb, 34 bytes, Stack size 16 bytes, _printf_char_file.o(.text))
<BR><BR>[Stack]<UL><LI>Max Depth = 112 + Unknown Stack Size
<LI>Call Chain = _printf_char_file &rArr; _printf_char_common &rArr; __printf
</UL>
<BR>[Calls]<UL><LI><a href="#[f4]">&gt;&gt;</a>&nbsp;&nbsp;&nbsp;ferror
<LI><a href="#[f3]">&gt;&gt;</a>&nbsp;&nbsp;&nbsp;_printf_char_common
</UL>
<BR>[Called By]<UL><LI><a href="#[c8]">&gt;&gt;</a>&nbsp;&nbsp;&nbsp;__2printf
</UL>

<P><STRONG><a name="[cf]"></a>__rt_udiv10</STRONG> (Thumb, 40 bytes, Stack size 0 bytes, rtudiv10.o(.text))
<BR><BR>[Called By]<UL><LI><a href="#[78]">&gt;&gt;</a>&nbsp;&nbsp;&nbsp;_printf_fp_dec_real
<LI><a href="#[b1]">&gt;&gt;</a>&nbsp;&nbsp;&nbsp;_printf_int_dec
</UL>

<P><STRONG><a name="[48b]"></a>__user_libspace</STRONG> (Thumb, 8 bytes, Stack size 0 bytes, libspace.o(.text), UNUSED)

<P><STRONG><a name="[fb]"></a>__user_perproc_libspace</STRONG> (Thumb, 0 bytes, Stack size 0 bytes, libspace.o(.text))
<BR><BR>[Called By]<UL><LI><a href="#[bd]">&gt;&gt;</a>&nbsp;&nbsp;&nbsp;__user_setup_stackheap
</UL>

<P><STRONG><a name="[48c]"></a>__user_perthread_libspace</STRONG> (Thumb, 0 bytes, Stack size 0 bytes, libspace.o(.text), UNUSED)

<P><STRONG><a name="[ed]"></a>_ll_udiv10</STRONG> (Thumb, 122 bytes, Stack size 16 bytes, lludiv10.o(.text))
<BR><BR>[Stack]<UL><LI>Max Depth = 16<LI>Call Chain = _ll_udiv10
</UL>
<BR>[Called By]<UL><LI><a href="#[e8]">&gt;&gt;</a>&nbsp;&nbsp;&nbsp;_fp_digits
</UL>

<P><STRONG><a name="[f3]"></a>_printf_char_common</STRONG> (Thumb, 32 bytes, Stack size 64 bytes, _printf_char_common.o(.text))
<BR><BR>[Stack]<UL><LI>Max Depth = 96 + Unknown Stack Size
<LI>Call Chain = _printf_char_common &rArr; __printf
</UL>
<BR>[Calls]<UL><LI><a href="#[d2]">&gt;&gt;</a>&nbsp;&nbsp;&nbsp;__printf
</UL>
<BR>[Called By]<UL><LI><a href="#[c9]">&gt;&gt;</a>&nbsp;&nbsp;&nbsp;_printf_char_file
</UL>

<P><STRONG><a name="[ef]"></a>_printf_fp_infnan</STRONG> (Thumb, 120 bytes, Stack size 24 bytes, _printf_fp_infnan.o(.text))
<BR><BR>[Stack]<UL><LI>Max Depth = 40<LI>Call Chain = _printf_fp_infnan &rArr; _printf_post_padding
</UL>
<BR>[Calls]<UL><LI><a href="#[cc]">&gt;&gt;</a>&nbsp;&nbsp;&nbsp;_printf_post_padding
<LI><a href="#[cb]">&gt;&gt;</a>&nbsp;&nbsp;&nbsp;_printf_pre_padding
</UL>
<BR>[Called By]<UL><LI><a href="#[78]">&gt;&gt;</a>&nbsp;&nbsp;&nbsp;_printf_fp_dec_real
</UL>

<P><STRONG><a name="[e9]"></a>_btod_etento</STRONG> (Thumb, 210 bytes, Stack size 72 bytes, bigflt0.o(.text))
<BR><BR>[Stack]<UL><LI>Max Depth = 176<LI>Call Chain = _btod_etento &rArr; _btod_emul &rArr; btod_internal_mul &rArr; __ARM_common_ll_muluu
</UL>
<BR>[Calls]<UL><LI><a href="#[eb]">&gt;&gt;</a>&nbsp;&nbsp;&nbsp;_btod_ediv
<LI><a href="#[ec]">&gt;&gt;</a>&nbsp;&nbsp;&nbsp;_btod_emul
<LI><a href="#[f5]">&gt;&gt;</a>&nbsp;&nbsp;&nbsp;__aeabi_idivmod
</UL>
<BR>[Called By]<UL><LI><a href="#[e8]">&gt;&gt;</a>&nbsp;&nbsp;&nbsp;_fp_digits
</UL>

<P><STRONG><a name="[ea]"></a>_btod_d2e</STRONG> (Thumb, 64 bytes, Stack size 8 bytes, btod.o(.text))
<BR><BR>[Stack]<UL><LI>Max Depth = 8<LI>Call Chain = _btod_d2e
</UL>
<BR>[Called By]<UL><LI><a href="#[e8]">&gt;&gt;</a>&nbsp;&nbsp;&nbsp;_fp_digits
</UL>

<P><STRONG><a name="[ec]"></a>_btod_emul</STRONG> (Thumb, 28 bytes, Stack size 24 bytes, btod.o(.text))
<BR><BR>[Stack]<UL><LI>Max Depth = 104<LI>Call Chain = _btod_emul &rArr; btod_internal_mul &rArr; __ARM_common_ll_muluu
</UL>
<BR>[Calls]<UL><LI><a href="#[f6]">&gt;&gt;</a>&nbsp;&nbsp;&nbsp;btod_internal_mul
</UL>
<BR>[Called By]<UL><LI><a href="#[e9]">&gt;&gt;</a>&nbsp;&nbsp;&nbsp;_btod_etento
<LI><a href="#[e8]">&gt;&gt;</a>&nbsp;&nbsp;&nbsp;_fp_digits
</UL>

<P><STRONG><a name="[f8]"></a>_btod_emuld</STRONG> (Thumb, 144 bytes, Stack size 56 bytes, btod.o(.text), UNUSED)
<BR><BR>[Calls]<UL><LI><a href="#[f6]">&gt;&gt;</a>&nbsp;&nbsp;&nbsp;btod_internal_mul
</UL>

<P><STRONG><a name="[eb]"></a>_btod_ediv</STRONG> (Thumb, 26 bytes, Stack size 24 bytes, btod.o(.text))
<BR><BR>[Stack]<UL><LI>Max Depth = 88<LI>Call Chain = _btod_ediv &rArr; btod_internal_div
</UL>
<BR>[Calls]<UL><LI><a href="#[f9]">&gt;&gt;</a>&nbsp;&nbsp;&nbsp;btod_internal_div
</UL>
<BR>[Called By]<UL><LI><a href="#[e9]">&gt;&gt;</a>&nbsp;&nbsp;&nbsp;_btod_etento
<LI><a href="#[e8]">&gt;&gt;</a>&nbsp;&nbsp;&nbsp;_fp_digits
</UL>

<P><STRONG><a name="[fa]"></a>_btod_edivd</STRONG> (Thumb, 124 bytes, Stack size 56 bytes, btod.o(.text), UNUSED)
<BR><BR>[Calls]<UL><LI><a href="#[f9]">&gt;&gt;</a>&nbsp;&nbsp;&nbsp;btod_internal_div
</UL>

<P><STRONG><a name="[bd]"></a>__user_setup_stackheap</STRONG> (Thumb, 62 bytes, Stack size 8 bytes, sys_stackheap_outer.o(.text))
<BR><BR>[Stack]<UL><LI>Max Depth = 8 + Unknown Stack Size
<LI>Call Chain = __user_setup_stackheap
</UL>
<BR>[Calls]<UL><LI><a href="#[fc]">&gt;&gt;</a>&nbsp;&nbsp;&nbsp;__user_initial_stackheap
<LI><a href="#[fb]">&gt;&gt;</a>&nbsp;&nbsp;&nbsp;__user_perproc_libspace
</UL>
<BR>[Called By]<UL><LI><a href="#[bc]">&gt;&gt;</a>&nbsp;&nbsp;&nbsp;__rt_entry_sh
</UL>

<P><STRONG><a name="[c2]"></a>exit</STRONG> (Thumb, 16 bytes, Stack size 8 bytes, exit.o(.text))
<BR><BR>[Stack]<UL><LI>Max Depth = 8 + Unknown Stack Size
<LI>Call Chain = exit
</UL>
<BR>[Calls]<UL><LI><a href="#[fe]">&gt;&gt;</a>&nbsp;&nbsp;&nbsp;__rt_exit
<LI><a href="#[fd]">&gt;&gt;</a>&nbsp;&nbsp;&nbsp;_call_atexit_fns (Weak Reference)
</UL>
[...]
<LI><a href="#[2d1]">&gt;&gt;</a>&nbsp;&nbsp;&nbsp;btstack_crypto_done
<LI><a href="#[2da]">&gt;&gt;</a>&nbsp;&nbsp;&nbsp;btstack_crypto_cmac_handle_encryption_result
<LI><a href="#[2d4]">&gt;&gt;</a>&nbsp;&nbsp;&nbsp;btstack_crypto_ccm_next_block
<LI><a href="#[2d3]">&gt;&gt;</a>&nbsp;&nbsp;&nbsp;btstack_crypto_ccm_handle_sn
<LI><a href="#[2d2]">&gt;&gt;</a>&nbsp;&nbsp;&nbsp;btstack_crypto_ccm_handle_s0
</UL>
<BR>[Called By]<UL><LI><a href="#[45]">&gt;&gt;</a>&nbsp;&nbsp;&nbsp;btstack_crypto_event_handler
</UL>

<P><STRONG><a name="[2cb]"></a>btstack_crypto_run</STRONG> (Thumb, 304 bytes, Stack size 40 bytes, btstack_crypto.o(i.btstack_crypto_run))
<BR><BR>[Stack]<UL><LI>Max Depth = 300<LI>Call Chain = btstack_crypto_run &rArr; btstack_crypto_cmac_start &rArr; btstack_crypto_cmac_handle_aes_engine_ready &rArr; btstack_crypto_aes128_start &rArr; hci_send_cmd &rArr; hci_send_cmd_va_arg &rArr; hci_emit_transport_packet_sent &rArr; hci_emit_event &rArr; hci_dump_packet &rArr; printf_hexdump &rArr; char_for_high_nibble
</UL>
<BR>[Calls]<UL><LI><a href="#[286]">&gt;&gt;</a>&nbsp;&nbsp;&nbsp;btstack_min
<LI><a href="#[14d]">&gt;&gt;</a>&nbsp;&nbsp;&nbsp;__ARM_common_switch8
<LI><a href="#[2e1]">&gt;&gt;</a>&nbsp;&nbsp;&nbsp;btstack_linked_list_get_first_item
<LI><a href="#[2ce]">&gt;&gt;</a>&nbsp;&nbsp;&nbsp;hci_send_cmd
<LI><a href="#[2e4]">&gt;&gt;</a>&nbsp;&nbsp;&nbsp;hci_get_state
<LI><a href="#[2e5]">&gt;&gt;</a>&nbsp;&nbsp;&nbsp;hci_can_send_command_packet_now
<LI><a href="#[2d0]">&gt;&gt;</a>&nbsp;&nbsp;&nbsp;big_endian_store_16
<LI><a href="#[289]">&gt;&gt;</a>&nbsp;&nbsp;&nbsp;btstack_linked_list_empty
<LI><a href="#[2de]">&gt;&gt;</a>&nbsp;&nbsp;&nbsp;btstack_crypto_cmac_start
<LI><a href="#[2d6]">&gt;&gt;</a>&nbsp;&nbsp;&nbsp;btstack_crypto_cmac_handle_aes_engine_ready
<LI><a href="#[2d5]">&gt;&gt;</a>&nbsp;&nbsp;&nbsp;btstack_crypto_ccm_setup_a_i
<LI><a href="#[2cf]">&gt;&gt;</a>&nbsp;&nbsp;&nbsp;btstack_crypto_ccm_calc_aad_xn
<LI><a href="#[2cc]">&gt;&gt;</a>&nbsp;&nbsp;&nbsp;btstack_crypto_aes128_start
<LI><a href="#[d5]">&gt;&gt;</a>&nbsp;&nbsp;&nbsp;__aeabi_memcpy
</UL>
<BR>[Called By]<UL><LI><a href="#[2e3]">&gt;&gt;</a>&nbsp;&nbsp;&nbsp;btstack_crypto_random_generate
<LI><a href="#[2ca]">&gt;&gt;</a>&nbsp;&nbsp;&nbsp;btstack_crypto_aes128_encrypt
<LI><a href="#[45]">&gt;&gt;</a>&nbsp;&nbsp;&nbsp;btstack_crypto_event_handler
</UL>

<P><STRONG><a name="[2ed]"></a>__log_unused</STRONG> (Thumb, 2 bytes, Stack size 0 bytes, btstack_memory_pool.o(i.__log_unused))
<BR><BR>[Called By]<UL><LI><a href="#[2e9]">&gt;&gt;</a>&nbsp;&nbsp;&nbsp;btstack_memory_pool_free
</UL>

<P><STRONG><a name="[3b0]"></a>__log_unused</STRONG> (Thumb, 2 bytes, Stack size 0 bytes, l2cap_signaling.o(i.__log_unused))
<BR><BR>[Called By]<UL><LI><a href="#[3ae]">&gt;&gt;</a>&nbsp;&nbsp;&nbsp;l2cap_create_signaling_internal
</UL>

<P><STRONG><a name="[3ae]"></a>l2cap_create_signaling_internal</STRONG> (Thumb, 210 bytes, Stack size 40 bytes, l2cap_signaling.o(i.l2cap_create_signaling_internal))
<BR><BR>[Stack]<UL><LI>Max Depth = 64<LI>Call Chain = l2cap_create_signaling_internal &rArr; __aeabi_memcpy
</UL>
<BR>[Calls]<UL><LI><a href="#[239]">&gt;&gt;</a>&nbsp;&nbsp;&nbsp;little_endian_store_16
<LI><a href="#[3af]">&gt;&gt;</a>&nbsp;&nbsp;&nbsp;hci_non_flushable_packet_boundary_flag_supported
<LI><a href="#[3b0]">&gt;&gt;</a>&nbsp;&nbsp;&nbsp;__log_unused
<LI><a href="#[d5]">&gt;&gt;</a>&nbsp;&nbsp;&nbsp;__aeabi_memcpy
</UL>
<BR>[Called By]<UL><LI><a href="#[3b1]">&gt;&gt;</a>&nbsp;&nbsp;&nbsp;l2cap_create_signaling_le
</UL>

<P><STRONG><a name="[1e9]"></a>HWle_set_aes_mode</STRONG> (Thumb, 18 bytes, Stack size 0 bytes, le_security.o(i.HWle_set_aes_mode))
<BR><BR>[Called By]<UL><LI><a href="#[1e8]">&gt;&gt;</a>&nbsp;&nbsp;&nbsp;LEsecurity_HW_aes_encrypt_128
</UL>

<P><STRONG><a name="[1ea]"></a>hw_memcpy32</STRONG> (Thumb, 20 bytes, Stack size 8 bytes, le_security.o(i.hw_memcpy32))
<BR><BR>[Stack]<UL><LI>Max Depth = 8<LI>Call Chain = hw_memcpy32
</UL>
<BR>[Called By]<UL><LI><a href="#[1e8]">&gt;&gt;</a>&nbsp;&nbsp;&nbsp;LEsecurity_HW_aes_encrypt_128
</UL>

<P><STRONG><a name="[1f3]"></a>HW_set_rx_mode</STRONG> (Thumb, 18 bytes, Stack size 0 bytes, le_test.o(i.HW_set_rx_mode))
<BR><BR>[Called By]<UL><LI><a href="#[198]">&gt;&gt;</a>&nbsp;&nbsp;&nbsp;LEtest_Ctrl_Handle_Test_Mode_Event
<LI><a href="#[1f2]">&gt;&gt;</a>&nbsp;&nbsp;&nbsp;_LEtest_Test_Event_Complete
<LI><a href="#[1f1]">&gt;&gt;</a>&nbsp;&nbsp;&nbsp;_LEtest_Prep_For_LE_Test_Rx
</UL>

<P><STRONG><a name="[1ee]"></a>HW_set_slave</STRONG> (Thumb, 18 bytes, Stack size 0 bytes, le_test.o(i.HW_set_slave))
<BR><BR>[Called By]<UL><LI><a href="#[198]">&gt;&gt;</a>&nbsp;&nbsp;&nbsp;LEtest_Ctrl_Handle_Test_Mode_Event
</UL>

<P><STRONG><a name="[1f4]"></a>HWle_clear_tx_enable</STRONG> (Thumb, 12 bytes, Stack size 0 bytes, le_test.o(i.HWle_clear_tx_enable))
<BR><BR>[Called By]<UL><LI><a href="#[197]">&gt;&gt;</a>&nbsp;&nbsp;&nbsp;LEtest_Test_Event_Begin
<LI><a href="#[198]">&gt;&gt;</a>&nbsp;&nbsp;&nbsp;LEtest_Ctrl_Handle_Test_Mode_Event
<LI><a href="#[1f2]">&gt;&gt;</a>&nbsp;&nbsp;&nbsp;_LEtest_Test_Event_Complete
<LI><a href="#[1ef]">&gt;&gt;</a>&nbsp;&nbsp;&nbsp;_LEtest_Packet_Send_Complete
</UL>

<P><STRONG><a name="[1fc]"></a>HWle_set_rx_filters_active</STRONG> (Thumb, 20 bytes, Stack size 0 bytes, le_white_list.o(i.HWle_set_rx_filters_active))
<BR><BR>[Called By]<UL><LI><a href="#[1bb]">&gt;&gt;</a>&nbsp;&nbsp;&nbsp;LEwl_Clear_White_List
<LI><a href="#[1fb]">&gt;&gt;</a>&nbsp;&nbsp;&nbsp;LEwl_Add_Device_To_White_List
</UL>

<P><STRONG><a name="[1fd]"></a>hw_memcpy32</STRONG> (Thumb, 20 bytes, Stack size 8 bytes, le_white_list.o(i.hw_memcpy32))
<BR><BR>[Stack]<UL><LI>Max Depth = 8<LI>Call Chain = hw_memcpy32
</UL>
<BR>[Called By]<UL><LI><a href="#[201]">&gt;&gt;</a>&nbsp;&nbsp;&nbsp;LEwl_Remove_Device_From_White_List
<LI><a href="#[1fb]">&gt;&gt;</a>&nbsp;&nbsp;&nbsp;LEwl_Add_Device_To_White_List
</UL>

<P><STRONG><a name="[396]"></a>__log_unused</STRONG> (Thumb, 2 bytes, Stack size 0 bytes, hci_transport_ram.o(i.__log_unused))
<BR><BR>[Called By]<UL><LI><a href="#[9c]">&gt;&gt;</a>&nbsp;&nbsp;&nbsp;hci_transport_ram_send_packet
<LI><a href="#[51]">&gt;&gt;</a>&nbsp;&nbsp;&nbsp;hci_transport_ram_receive_packet
</UL>

<P><STRONG><a name="[50]"></a>btstack_embedded_process</STRONG> (Thumb, 54 bytes, Stack size 16 bytes, hci_transport_ram.o(i.btstack_embedded_process))
<BR><BR>[Stack]<UL><LI>Max Depth = 16<LI>Call Chain = btstack_embedded_process
</UL>
<BR>[Address Reference Count : 1]<UL><LI> hci_transport_ram.o(i.hci_transport_ram_open)
</UL>
<P><STRONG><a name="[16]"></a>dummy_handler</STRONG> (Thumb, 2 bytes, Stack size 0 bytes, hci_transport_ram.o(i.dummy_handler))
<BR>[Address Reference Count : 1]<UL><LI> hci_transport_ram.o(.data)
</UL>
<P><STRONG><a name="[9b]"></a>hci_transport_ram_can_send_now</STRONG> (Thumb, 12 bytes, Stack size 0 bytes, hci_transport_ram.o(i.hci_transport_ram_can_send_now))
<BR>[Address Reference Count : 1]<UL><LI> hci_transport_ram.o(.constdata)
</UL>
<P><STRONG><a name="[99]"></a>hci_transport_ram_close</STRONG> (Thumb, 20 bytes, Stack size 8 bytes, hci_transport_ram.o(i.hci_transport_ram_close))
<BR><BR>[Stack]<UL><LI>Max Depth = 24<LI>Call Chain = hci_transport_ram_close &rArr; btstack_run_loop_disable_data_source_callbacks
</UL>
<BR>[Calls]<UL><LI><a href="#[300]">&gt;&gt;</a>&nbsp;&nbsp;&nbsp;btstack_run_loop_remove_data_source
<LI><a href="#[2f7]">&gt;&gt;</a>&nbsp;&nbsp;&nbsp;btstack_run_loop_disable_data_source_callbacks
</UL>
<BR>[Address Reference Count : 1]<UL><LI> hci_transport_ram.o(.constdata)
</UL>
<P><STRONG><a name="[98]"></a>hci_transport_ram_open</STRONG> (Thumb, 42 bytes, Stack size 8 bytes, hci_transport_ram.o(i.hci_transport_ram_open))
<BR><BR>[Stack]<UL><LI>Max Depth = 24<LI>Call Chain = hci_transport_ram_open &rArr; btstack_run_loop_enable_data_source_callbacks
</UL>
<BR>[Calls]<UL><LI><a href="#[394]">&gt;&gt;</a>&nbsp;&nbsp;&nbsp;btstack_run_loop_set_data_source_handler
<LI><a href="#[2fe]">&gt;&gt;</a>&nbsp;&nbsp;&nbsp;btstack_run_loop_enable_data_source_callbacks
<LI><a href="#[2f4]">&gt;&gt;</a>&nbsp;&nbsp;&nbsp;btstack_run_loop_add_data_source
<LI><a href="#[395]">&gt;&gt;</a>&nbsp;&nbsp;&nbsp;TRAhcit_Register_Generic_Dispatcher
</UL>
<BR>[Address Reference Count : 1]<UL><LI> hci_transport_ram.o(.constdata)
</UL>
<P><STRONG><a name="[51]"></a>hci_transport_ram_receive_packet</STRONG> (Thumb, 108 bytes, Stack size 40 bytes, hci_transport_ram.o(i.hci_transport_ram_receive_packet))
<BR><BR>[Stack]<UL><LI>Max Depth = 64<LI>Call Chain = hci_transport_ram_receive_packet &rArr; __aeabi_memcpy
</UL>
<BR>[Calls]<UL><LI><a href="#[d5]">&gt;&gt;</a>&nbsp;&nbsp;&nbsp;__aeabi_memcpy
<LI><a href="#[396]">&gt;&gt;</a>&nbsp;&nbsp;&nbsp;__log_unused
</UL>
<BR>[Address Reference Count : 1]<UL><LI> hci_transport_ram.o(i.hci_transport_ram_open)
</UL>
<P><STRONG><a name="[9a]"></a>hci_transport_ram_register_packet_handler</STRONG> (Thumb, 6 bytes, Stack size 0 bytes, hci_transport_ram.o(i.hci_transport_ram_register_packet_handler))
<BR>[Address Reference Count : 1]<UL><LI> hci_transport_ram.o(.constdata)
</UL>
<P><STRONG><a name="[9c]"></a>hci_transport_ram_send_packet</STRONG> (Thumb, 120 bytes, Stack size 32 bytes, hci_transport_ram.o(i.hci_transport_ram_send_packet))
<BR><BR>[Stack]<UL><LI>Max Depth = 272<LI>Call Chain = hci_transport_ram_send_packet &rArr; TRAhcit_Generic_Get_Rx_Buf &rArr; HCeg_Hardware_Error_Event &rArr; HCeg_Prevent_HCI_Event_Queue_from_Overfill &rArr; HCeg_Generate_Event &rArr;  BTq_Enqueue (Cycle)
</UL>
<BR>[Calls]<UL><LI><a href="#[d5]">&gt;&gt;</a>&nbsp;&nbsp;&nbsp;__aeabi_memcpy
<LI><a href="#[396]">&gt;&gt;</a>&nbsp;&nbsp;&nbsp;__log_unused
<LI><a href="#[21a]">&gt;&gt;</a>&nbsp;&nbsp;&nbsp;TRAhcit_Generic_Get_Rx_Buf
<LI><a href="#[219]">&gt;&gt;</a>&nbsp;&nbsp;&nbsp;TRAhcit_Generic_Commit_Rx_Buf
</UL>
<BR>[Address Reference Count : 1]<UL><LI> hci_transport_ram.o(.constdata)
</UL>
<P><STRONG><a name="[a0]"></a>_Dispatch_HC_BB_Command</STRONG> (Thumb, 212 bytes, Stack size 64 bytes, hc_cmd_disp.o(i._Dispatch_HC_BB_Command))
<BR><BR>[Stack]<UL><LI>Max Depth = 216<LI>Call Chain = _Dispatch_HC_BB_Command &rArr; HCeg_Command_Complete_Event &rArr; BTq_Enqueue &rArr; HCeg_Generate_Event &rArr;  BTq_Enqueue (Cycle)
</UL>
<BR>[Calls]<UL><LI><a href="#[21e]">&gt;&gt;</a>&nbsp;&nbsp;&nbsp;HCeg_Set_Event_Mask
<LI><a href="#[125]">&gt;&gt;</a>&nbsp;&nbsp;&nbsp;HCeg_Command_Complete_Event
<LI><a href="#[21f]">&gt;&gt;</a>&nbsp;&nbsp;&nbsp;HCfc_Set_Host_Controller_To_Host_Flow_Control
<LI><a href="#[220]">&gt;&gt;</a>&nbsp;&nbsp;&nbsp;HCfc_Host_Number_Of_Completed_Packets
<LI><a href="#[221]">&gt;&gt;</a>&nbsp;&nbsp;&nbsp;HCfc_Host_Buffer_Size
<LI><a href="#[21d]">&gt;&gt;</a>&nbsp;&nbsp;&nbsp;LMconfig_LM_Read_Local_Name
<LI><a href="#[21c]">&gt;&gt;</a>&nbsp;&nbsp;&nbsp;BTms_Request_HC_Reset
</UL>
<BR>[Address Reference Count : 1]<UL><LI> hc_cmd_disp.o(.constdata)
</UL>
<P><STRONG><a name="[a1]"></a>_Dispatch_Info_Command</STRONG> (Thumb, 200 bytes, Stack size 64 bytes, hc_cmd_disp.o(i._Dispatch_Info_Command))
<BR><BR>[Stack]<UL><LI>Max Depth = 216<LI>Call Chain = _Dispatch_Info_Command &rArr; HCeg_Command_Complete_Event &rArr; BTq_Enqueue &rArr; HCeg_Generate_Event &rArr;  BTq_Enqueue (Cycle)
</UL>
<BR>[Calls]<UL><LI><a href="#[14d]">&gt;&gt;</a>&nbsp;&nbsp;&nbsp;__ARM_common_switch8
<LI><a href="#[125]">&gt;&gt;</a>&nbsp;&nbsp;&nbsp;HCeg_Command_Complete_Event
</UL>
<BR>[Address Reference Count : 1]<UL><LI> hc_cmd_disp.o(.constdata)
</UL>
<P><STRONG><a name="[9d]"></a>_Dispatch_Invalid_OGF_Command</STRONG> (Thumb, 4 bytes, Stack size 0 bytes, hc_cmd_disp.o(i._Dispatch_Invalid_OGF_Command))
<BR>[Address Reference Count : 1]<UL><LI> hc_cmd_disp.o(.constdata)
</UL>
<P><STRONG><a name="[a4]"></a>_Dispatch_LE_Command</STRONG> (Thumb, 524 bytes, Stack size 88 bytes, hc_cmd_disp.o(i._Dispatch_LE_Command))
<BR><BR>[Stack]<UL><LI>Max Depth = 424<LI>Call Chain = _Dispatch_LE_Command &rArr; LEsecurity_Long_Term_Key_Request_Reply &rArr; LEllc_Encode_PDU &rArr; HCeg_Hardware_Error_Event &rArr; HCeg_Prevent_HCI_Event_Queue_from_Overfill &rArr; HCeg_Generate_Event &rArr;  BTq_Enqueue (Cycle)
</UL>
<BR>[Calls]<UL><LI><a href="#[14d]">&gt;&gt;</a>&nbsp;&nbsp;&nbsp;__ARM_common_switch8
<LI><a href="#[1e6]">&gt;&gt;</a>&nbsp;&nbsp;&nbsp;LEconfig_Get_LE_Features_Ref
<LI><a href="#[1b3]">&gt;&gt;</a>&nbsp;&nbsp;&nbsp;LEadv_Set_Advertise_Enable
<LI><a href="#[1d2]">&gt;&gt;</a>&nbsp;&nbsp;&nbsp;LEconnection_Is_Valid_Handle
<LI><a href="#[1c9]">&gt;&gt;</a>&nbsp;&nbsp;&nbsp;LEconnection_Find_Link_Id
<LI><a href="#[158]">&gt;&gt;</a>&nbsp;&nbsp;&nbsp;LEconnection_Find_Link_Entry
<LI><a href="#[125]">&gt;&gt;</a>&nbsp;&nbsp;&nbsp;HCeg_Command_Complete_Event
<LI><a href="#[1dd]">&gt;&gt;</a>&nbsp;&nbsp;&nbsp;LEfreq_Read_Channel_Map
<LI><a href="#[1bb]">&gt;&gt;</a>&nbsp;&nbsp;&nbsp;LEwl_Clear_White_List
<LI><a href="#[223]">&gt;&gt;</a>&nbsp;&nbsp;&nbsp;LEconfig_Set_Random_Address
<LI><a href="#[222]">&gt;&gt;</a>&nbsp;&nbsp;&nbsp;LEconfig_Set_Event_Mask
<LI><a href="#[228]">&gt;&gt;</a>&nbsp;&nbsp;&nbsp;LEconfig_Read_Supported_States
<LI><a href="#[19a]">&gt;&gt;</a>&nbsp;&nbsp;&nbsp;LEconfig_Is_Features_Encryption_Supported
<LI><a href="#[226]">&gt;&gt;</a>&nbsp;&nbsp;&nbsp;LEadv_Set_Scan_Response_Data
<LI><a href="#[224]">&gt;&gt;</a>&nbsp;&nbsp;&nbsp;LEadv_Set_Advertising_Params
<LI><a href="#[225]">&gt;&gt;</a>&nbsp;&nbsp;&nbsp;LEadv_Set_Advertising_Data
<LI><a href="#[1ff]">&gt;&gt;</a>&nbsp;&nbsp;&nbsp;LEadv_Get_Advertising_Enable
<LI><a href="#[1a3]">&gt;&gt;</a>&nbsp;&nbsp;&nbsp;LEadv_Get_Advertising_Channel_Tx_Power
<LI><a href="#[201]">&gt;&gt;</a>&nbsp;&nbsp;&nbsp;LEwl_Remove_Device_From_White_List
<LI><a href="#[227]">&gt;&gt;</a>&nbsp;&nbsp;&nbsp;LEwl_Read_White_List_Size
<LI><a href="#[1fe]">&gt;&gt;</a>&nbsp;&nbsp;&nbsp;LEwl_Can_I_Modify_White_Lists
<LI><a href="#[1fb]">&gt;&gt;</a>&nbsp;&nbsp;&nbsp;LEwl_Add_Device_To_White_List
<LI><a href="#[1f8]">&gt;&gt;</a>&nbsp;&nbsp;&nbsp;LEtest_Transmitter_Test
<LI><a href="#[22a]">&gt;&gt;</a>&nbsp;&nbsp;&nbsp;LEtest_Test_End
<LI><a href="#[1f5]">&gt;&gt;</a>&nbsp;&nbsp;&nbsp;LEtest_Receiver_Test
<LI><a href="#[1ed]">&gt;&gt;</a>&nbsp;&nbsp;&nbsp;LEsecurity_Rand
<LI><a href="#[1ec]">&gt;&gt;</a>&nbsp;&nbsp;&nbsp;LEsecurity_Long_Term_Key_Request_Reply
<LI><a href="#[1eb]">&gt;&gt;</a>&nbsp;&nbsp;&nbsp;LEsecurity_Long_Term_Key_Request_Negative_Reply
<LI><a href="#[1e7]">&gt;&gt;</a>&nbsp;&nbsp;&nbsp;LEsecurity_Encrypt
<LI><a href="#[229]">&gt;&gt;</a>&nbsp;&nbsp;&nbsp;LEscan_Get_Scan_Enable
</UL>
<BR>[Address Reference Count : 1]<UL><LI> hc_cmd_disp.o(.constdata)
</UL>
<P><STRONG><a name="[9e]"></a>_Dispatch_Link_Control_Command</STRONG> (Thumb, 332 bytes, Stack size 128 bytes, hc_cmd_disp.o(i._Dispatch_Link_Control_Command))
<BR><BR>[Stack]<UL><LI>Max Depth = 408<LI>Call Chain = _Dispatch_Link_Control_Command &rArr; LEconnection_Read_Remote_Version_Info &rArr; LEllc_Encode_PDU &rArr; HCeg_Hardware_Error_Event &rArr; HCeg_Prevent_HCI_Event_Queue_from_Overfill &rArr; HCeg_Generate_Event &rArr;  BTq_Enqueue (Cycle)
</UL>
<BR>[Calls]<UL><LI><a href="#[14d]">&gt;&gt;</a>&nbsp;&nbsp;&nbsp;__ARM_common_switch8
<LI><a href="#[130]">&gt;&gt;</a>&nbsp;&nbsp;&nbsp;HCeg_Generate_Event
<LI><a href="#[1d3]">&gt;&gt;</a>&nbsp;&nbsp;&nbsp;LEconnection_Read_Remote_Version_Info
<LI><a href="#[1d2]">&gt;&gt;</a>&nbsp;&nbsp;&nbsp;LEconnection_Is_Valid_Handle
<LI><a href="#[1cb]">&gt;&gt;</a>&nbsp;&nbsp;&nbsp;LEconnection_Find_P_Connection
<LI><a href="#[1c9]">&gt;&gt;</a>&nbsp;&nbsp;&nbsp;LEconnection_Find_Link_Id
<LI><a href="#[158]">&gt;&gt;</a>&nbsp;&nbsp;&nbsp;LEconnection_Find_Link_Entry
<LI><a href="#[1c6]">&gt;&gt;</a>&nbsp;&nbsp;&nbsp;LEconnection_Disconnect
<LI><a href="#[14b]">&gt;&gt;</a>&nbsp;&nbsp;&nbsp;HCeg_Command_Status_Event
<LI><a href="#[125]">&gt;&gt;</a>&nbsp;&nbsp;&nbsp;HCeg_Command_Complete_Event
</UL>
<BR>[Address Reference Count : 1]<UL><LI> hc_cmd_disp.o(.constdata)
</UL>
<P><STRONG><a name="[9f]"></a>_Dispatch_Link_Policy_Command</STRONG> (Thumb, 4 bytes, Stack size 0 bytes, hc_cmd_disp.o(i._Dispatch_Link_Policy_Command))
<BR>[Address Reference Count : 1]<UL><LI> hc_cmd_disp.o(.constdata)
</UL>
<P><STRONG><a name="[a2]"></a>_Dispatch_Local_Status_Command</STRONG> (Thumb, 4 bytes, Stack size 0 bytes, hc_cmd_disp.o(i._Dispatch_Local_Status_Command))
<BR>[Address Reference Count : 1]<UL><LI> hc_cmd_disp.o(.constdata)
</UL>
<P><STRONG><a name="[a3]"></a>_Dispatch_Test_Command</STRONG> (Thumb, 4 bytes, Stack size 0 bytes, hc_cmd_disp.o(i._Dispatch_Test_Command))
<BR>[Address Reference Count : 1]<UL><LI> hc_cmd_disp.o(.constdata)
</UL>
<P><STRONG><a name="[215]"></a>HCIparam_Get_Uint16</STRONG> (Thumb, 12 bytes, Stack size 0 bytes, tc_cmd_disp.o(i.HCIparam_Get_Uint16))
<BR><BR>[Called By]<UL><LI><a href="#[14a]">&gt;&gt;</a>&nbsp;&nbsp;&nbsp;TCI_Dispatch_Prop_Command
</UL>

<P><STRONG><a name="[44f]"></a>_fadd1</STRONG> (Thumb, 0 bytes, Stack size unknown bytes, faddsub.o(x$fpl$fadd), UNUSED)
<BR><BR>[Called By]<UL><LI><a href="#[44e]">&gt;&gt;</a>&nbsp;&nbsp;&nbsp;_fsub
</UL>

<P><STRONG><a name="[44d]"></a>_fsub1</STRONG> (Thumb, 0 bytes, Stack size unknown bytes, faddsub.o(x$fpl$fsub), UNUSED)
<BR><BR>[Called By]<UL><LI><a href="#[44c]">&gt;&gt;</a>&nbsp;&nbsp;&nbsp;_fadd
</UL>

<P><STRONG><a name="[e8]"></a>_fp_digits</STRONG> (Thumb, 412 bytes, Stack size 96 bytes, _printf_fp_dec.o(.text))
<BR><BR>[Stack]<UL><LI>Max Depth = 272<LI>Call Chain = _fp_digits &rArr; _btod_etento &rArr; _btod_emul &rArr; btod_internal_mul &rArr; __ARM_common_ll_muluu
</UL>
<BR>[Calls]<UL><LI><a href="#[eb]">&gt;&gt;</a>&nbsp;&nbsp;&nbsp;_btod_ediv
<LI><a href="#[ec]">&gt;&gt;</a>&nbsp;&nbsp;&nbsp;_btod_emul
<LI><a href="#[ea]">&gt;&gt;</a>&nbsp;&nbsp;&nbsp;_btod_d2e
<LI><a href="#[e9]">&gt;&gt;</a>&nbsp;&nbsp;&nbsp;_btod_etento
<LI><a href="#[ed]">&gt;&gt;</a>&nbsp;&nbsp;&nbsp;_ll_udiv10
</UL>
<BR>[Called By]<UL><LI><a href="#[78]">&gt;&gt;</a>&nbsp;&nbsp;&nbsp;_printf_fp_dec_real
</UL>

<P><STRONG><a name="[3a]"></a>_printf_input_char</STRONG> (Thumb, 10 bytes, Stack size 0 bytes, _printf_char_common.o(.text))
<BR>[Address Reference Count : 1]<UL><LI> _printf_char_common.o(.text)
</UL>
<P><STRONG><a name="[f6]"></a>btod_internal_mul</STRONG> (Thumb, 492 bytes, Stack size 56 bytes, btod.o(.text))
<BR><BR>[Stack]<UL><LI>Max Depth = 80<LI>Call Chain = btod_internal_mul &rArr; __ARM_common_ll_muluu
</UL>
<BR>[Calls]<UL><LI><a href="#[f7]">&gt;&gt;</a>&nbsp;&nbsp;&nbsp;__ARM_common_ll_muluu
</UL>
<BR>[Called By]<UL><LI><a href="#[f8]">&gt;&gt;</a>&nbsp;&nbsp;&nbsp;_btod_emuld
<LI><a href="#[ec]">&gt;&gt;</a>&nbsp;&nbsp;&nbsp;_btod_emul
</UL>

<P><STRONG><a name="[f9]"></a>btod_internal_div</STRONG> (Thumb, 520 bytes, Stack size 64 bytes, btod.o(.text))
<BR><BR>[Stack]<UL><LI>Max Depth = 64<LI>Call Chain = btod_internal_div
</UL>
<BR>[Called By]<UL><LI><a href="#[fa]">&gt;&gt;</a>&nbsp;&nbsp;&nbsp;_btod_edivd
<LI><a href="#[eb]">&gt;&gt;</a>&nbsp;&nbsp;&nbsp;_btod_ediv
</UL>
<P>
<H3>
Undefined Global Symbols
</H3>
<P><STRONG><a name="[fd]"></a>_call_atexit_fns</STRONG> (ARM, 0 bytes, Stack size 0 bytes, UNDEFINED)
<BR><BR>[Called By]<UL><LI><a href="#[c2]">&gt;&gt;</a>&nbsp;&nbsp;&nbsp;exit
</UL>

<P><STRONG><a name="[f1]"></a>_printf_mbtowc</STRONG> (ARM, 0 bytes, Stack size 0 bytes, UNDEFINED)
<BR><BR>[Called By]<UL><LI><a href="#[f0]">&gt;&gt;</a>&nbsp;&nbsp;&nbsp;_printf_cs_common
</UL>

<P><STRONG><a name="[cd]"></a>_printf_truncate_signed</STRONG> (ARM, 0 bytes, Stack size 0 bytes, UNDEFINED)
<BR><BR>[Called By]<UL><LI><a href="#[b1]">&gt;&gt;</a>&nbsp;&nbsp;&nbsp;_printf_int_dec
</UL>

<P><STRONG><a name="[ce]"></a>_printf_truncate_unsigned</STRONG> (ARM, 0 bytes, Stack size 0 bytes, UNDEFINED)
<BR><BR>[Called By]<UL><LI><a href="#[b4]">&gt;&gt;</a>&nbsp;&nbsp;&nbsp;_printf_int_hex
<LI><a href="#[b1]">&gt;&gt;</a>&nbsp;&nbsp;&nbsp;_printf_int_dec
</UL>
<HR></body></html>
