<html>
<body>
<pre>
<h1>µVision Build Log</h1>
<h2>Tool Versions:</h2>
IDE-Version: ¦ÌVision V5.30.0.0
Copyright (C) 2020 ARM Ltd and ARM Germany GmbH. All rights reserved.
License Information: 1 crabull@163.com, 2, LIC=ATTRA-1DCBX-2ZBW4-FXN23-EHBE5-T78TJ
 
Tool Versions:
Toolchain:       MDK-ARM Plus  Version: 5.30.0.0
Toolchain Path:  C:\Keil_v5\ARM\ARMCC\Bin
C Compiler:      Armcc.exe V5.06 update 6 (build 750)
Assembler:       Armasm.exe V5.06 update 6 (build 750)
Linker/Locator:  ArmLink.exe V5.06 update 6 (build 750)
Library Manager: ArmAr.exe V5.06 update 6 (build 750)
Hex Converter:   FromElf.exe V5.06 update 6 (build 750)
CPU DLL:         SARMCM3.DLL V5.30.0.0
Dialog DLL:      DARMCM1.DLL V1.19.3.0
Target DLL:      UL2CM3.DLL V1.163.3.0
Dialog DLL:      TARMCM1.DLL V1.14.2.0
 
<h2>Project:</h2>
D:\work\XC_SDK\XC6xx_ble_sdk\Proj\BTlowpower_Demo\MDK\Xinc_ble_sdk.uvprojx
Project File Date:  11/29/2021

<h2>Output:</h2>
*** Using Compiler 'V5.06 update 6 (build 750)', folder: 'C:\Keil_v5\ARM\ARMCC\Bin'
Rebuild target 'ble-sdk'
compiling core_cm0.c...
assembling startup_xinc.s...
compiling system_xinc.c...
compiling patch.c...
compiling ble_idle.c...
..\..\..\Bsp\ble_idle.c(20): warning:  #223-D: function "Timer_disable" declared implicitly
      Timer_disable(1);
..\..\..\Bsp\ble_idle.c(38): warning:  #223-D: function "Timer_Register_Callback" declared implicitly
  	  Timer_Register_Callback(system_wakeup, 1);
..\..\..\Bsp\ble_idle.c(49): warning:  #223-D: function "ble_lowpower_remaining_clock" declared implicitly
          VAL = ble_lowpower_remaining_clock(0);
..\..\..\Bsp\ble_idle.c(66): warning:  #223-D: function "timer_current_count" declared implicitly
  				VAL = timer_current_count(0);
..\..\..\Bsp\ble_idle.c(87): warning:  #223-D: function "Init_Timer" declared implicitly
          Init_Timer(1, VAL); 
..\..\..\Bsp\ble_idle.c(89): warning:  #223-D: function "ble_enter_lowpower" declared implicitly
          ble_enter_lowpower();
..\..\..\Bsp\ble_idle.c(109): warning:  #223-D: function "ble_exit_lowpower" declared implicitly
          ble_exit_lowpower(VAL);
..\..\..\Bsp\ble_idle.c(47): warning:  #550-D: variable "VAL1"  was set but never used
          uint32_t    VAL, VAL1;
..\..\..\Bsp\ble_idle.c: 8 warnings, 0 errors
compiling bsp_retarget.c...
compiling rf_driver.c...
..\..\..\Bsp\rf_driver.c(590): warning:  #1-D: last line of file ends without a newline
  }
..\..\..\Bsp\rf_driver.c: 1 warning, 0 errors
compiling bsp_systick.c...
compiling main.c...
..\..\..\Bsp\bsp_wdog.h(6): warning:  #1-D: last line of file ends without a newline
  #endif
..\main.c(190): warning:  #223-D: function "ble_system_idle_init" declared implicitly
      ble_system_idle_init();
..\main.c: 2 warnings, 0 errors
compiling bsp_wdog.c...
..\..\..\Bsp\bsp_wdog.h(6): warning:  #1-D: last line of file ends without a newline
  #endif
..\..\..\Bsp\bsp_wdog.c(50): warning:  #1-D: last line of file ends without a newline
  }
..\..\..\Bsp\bsp_wdog.c: 2 warnings, 0 errors
compiling bsp_gpio.c...
..\..\..\Bsp\bsp_wdog.h(6): warning:  #1-D: last line of file ends without a newline
  #endif
..\..\..\Bsp\bsp_gpio.c(321): warning:  #186-D: pointless comparison of unsigned integer with zero
  		if(num>=0 && num<=4)
..\..\..\Bsp\bsp_gpio.c: 2 warnings, 0 errors
compiling bsp_spi_master.c...
..\..\..\Bsp\bsp_wdog.h(6): warning:  #1-D: last line of file ends without a newline
  #endif
..\..\..\Bsp\bsp_spi_master.c(70): warning:  #223-D: function "memset" declared implicitly
      memset(txbuff,0,PACKET_FULL_LEN+4);
..\..\..\Bsp\bsp_spi_master.c: 2 warnings, 0 errors
linking...
Program Size: Code=74060 RO-data=7148 RW-data=728 ZI-data=10736  
After Build - User command #1: fromelf --bin --output=s.bin .\Objects\Xinc_ble_sdk.axf
After Build - User command #2: Xincboot_tool s.bin download.bin
Xinc v3.1 build Mar 19 2019 23:08:55
USAGE: [Xincboot_tool] <input FILE> <output FILE> 
Input: s.bin download.bin 
Input file "s.bin" raw size = 0x13e0c byte 
 -): 
".\Objects\Xinc_ble_sdk.axf" - 0 Error(s), 17 Warning(s).

<h2>Software Packages used:</h2>

Package Vendor: ARM
                http://www.keil.com/pack/ARM.CMSIS.5.7.0.pack
                ARM.CMSIS.5.7.0
                CMSIS (Cortex Microcontroller Software Interface Standard)

<h2>Collection of Component include folders:</h2>
  .\RTE\_ble-sdk
  C:\Users\crabu\AppData\Local\Arm\Packs\ARM\CMSIS\5.7.0\Device\ARM\ARMCM0\Include

<h2>Collection of Component Files used:</h2>
Build Time Elapsed:  00:00:01
</pre>
</body>
</html>
