<!doctype html public "-//w3c//dtd html 4.0 transitional//en">
<html><head>
<title>Static Call Graph - [.\Objects\Xinc_ble_sdk.axf]</title></head>
<body><HR>
<H1>Static Call Graph for image .\Objects\Xinc_ble_sdk.axf</H1><HR>
<BR><P>#&#060CALLGRAPH&#062# ARM Linker, 5060750: Last Updated: Tue Jan 04 17:54:44 2022
<BR><P>
<H3>Maximum Stack Usage =        688 bytes + Unknown(Functions without stacksize, Cycles, Untraceable Function Pointers)</H3><H3>
Call chain for Maximum Stack Depth:</H3>
att_packet_handler &rArr; att_server_handle_can_send_now &rArr; att_server_process_validated_request &rArr; sm_request_pairing &rArr; sm_send_security_request_for_connection &rArr; sm_run &rArr; btstack_crypto_aes128_encrypt &rArr; btstack_crypto_run &rArr; btstack_crypto_cmac_start &rArr; btstack_crypto_cmac_handle_aes_engine_ready &rArr; btstack_crypto_aes128_start &rArr; hci_send_cmd &rArr; hci_send_cmd_va_arg &rArr; hci_emit_transport_packet_sent &rArr; hci_emit_event &rArr; hci_dump_packet &rArr; printf_packet &rArr; printf_hexdump &rArr; __2printf &rArr; _printf_char_file &rArr; _printf_char_common &rArr; __printf
<P>
<H3>
Functions with no stack information
</H3><UL>
 <LI><a href="#[e5]">__user_initial_stackheap</a>
</UL>
</UL>
<P>
<H3>
Mutually Recursive functions
</H3> <LI><a href="#[17]">NMI_Handler</a>&nbsp;&nbsp;&nbsp;&rArr;&nbsp;&nbsp;&nbsp;<a href="#[17]">NMI_Handler</a><BR>
 <LI><a href="#[18]">HardFault_Handler</a>&nbsp;&nbsp;&nbsp;&rArr;&nbsp;&nbsp;&nbsp;<a href="#[18]">HardFault_Handler</a><BR>
 <LI><a href="#[19]">MemManage_Handler</a>&nbsp;&nbsp;&nbsp;&rArr;&nbsp;&nbsp;&nbsp;<a href="#[19]">MemManage_Handler</a><BR>
 <LI><a href="#[1a]">BusFault_Handler</a>&nbsp;&nbsp;&nbsp;&rArr;&nbsp;&nbsp;&nbsp;<a href="#[1a]">BusFault_Handler</a><BR>
 <LI><a href="#[1b]">UsageFault_Handler</a>&nbsp;&nbsp;&nbsp;&rArr;&nbsp;&nbsp;&nbsp;<a href="#[1b]">UsageFault_Handler</a><BR>
 <LI><a href="#[1c]">SVC_Handler</a>&nbsp;&nbsp;&nbsp;&rArr;&nbsp;&nbsp;&nbsp;<a href="#[1c]">SVC_Handler</a><BR>
 <LI><a href="#[1d]">DebugMon_Handler</a>&nbsp;&nbsp;&nbsp;&rArr;&nbsp;&nbsp;&nbsp;<a href="#[1d]">DebugMon_Handler</a><BR>
 <LI><a href="#[33]">AES_Handler</a>&nbsp;&nbsp;&nbsp;&rArr;&nbsp;&nbsp;&nbsp;<a href="#[33]">AES_Handler</a><BR>
 <LI><a href="#[115]">HCeg_Generate_Event</a>&nbsp;&nbsp;&nbsp;&rArr;&nbsp;&nbsp;&nbsp;<a href="#[114]">BTq_Enqueue</a><BR>
 <LI><a href="#[2ab]">btstack_run_loop_assert</a>&nbsp;&nbsp;&nbsp;&rArr;&nbsp;&nbsp;&nbsp;<a href="#[209]">hci_dump_log</a><BR>
 <LI><a href="#[366]">sm_start_calculating_ltk_from_ediv_and_rand</a>&nbsp;&nbsp;&nbsp;&rArr;&nbsp;&nbsp;&nbsp;<a href="#[355]">sm_run</a><BR>
 <LI><a href="#[bb]">_sys_exit</a>&nbsp;&nbsp;&nbsp;&rArr;&nbsp;&nbsp;&nbsp;<a href="#[bb]">_sys_exit</a><BR>
</UL>
<P>
<H3>
Function Pointers
</H3><UL>
 <LI><a href="#[33]">AES_Handler</a> from startup_xinc.o(.text) referenced from startup_xinc.o(RESET)
 <LI><a href="#[20]">BLE_Handler</a> from sys_irq.o(i.BLE_Handler) referenced from startup_xinc.o(RESET)
 <LI><a href="#[1a]">BusFault_Handler</a> from startup_xinc.o(.text) referenced from startup_xinc.o(RESET)
 <LI><a href="#[22]">CPR_Handler</a> from startup_xinc.o(.text) referenced from startup_xinc.o(RESET)
 <LI><a href="#[21]">DMAS_Handler</a> from startup_xinc.o(.text) referenced from startup_xinc.o(RESET)
 <LI><a href="#[1d]">DebugMon_Handler</a> from startup_xinc.o(.text) referenced from startup_xinc.o(RESET)
 <LI><a href="#[31]">GADC_Handler</a> from startup_xinc.o(.text) referenced from startup_xinc.o(RESET)
 <LI><a href="#[23]">GPIO_Handler</a> from bsp_gpio.o(i.GPIO_Handler) referenced from startup_xinc.o(RESET)
 <LI><a href="#[39]">HCI_Generic_register_hcit</a> from sys_main.o(i.HCI_Generic_register_hcit) referenced from sys_main.o(i.SYS_Main_Initialise)
 <LI><a href="#[18]">HardFault_Handler</a> from startup_xinc.o(.text) referenced from startup_xinc.o(RESET)
 <LI><a href="#[2a]">I2C_Handler</a> from startup_xinc.o(.text) referenced from startup_xinc.o(RESET)
 <LI><a href="#[2f]">KBS_Handler</a> from startup_xinc.o(.text) referenced from startup_xinc.o(RESET)
 <LI><a href="#[a]">LE_LL_Connection_Update_Req</a> from le_link_layer.o(i.LE_LL_Connection_Update_Req) referenced 2 times from le_link_layer.o(.data)
 <LI><a href="#[d]">LE_LL_Enc_Req</a> from le_link_layer.o(i.LE_LL_Enc_Req) referenced 2 times from le_link_layer.o(.data)
 <LI><a href="#[11]">LE_LL_Feature_Req</a> from le_link_layer.o(i.LE_LL_Feature_Req) referenced 2 times from le_link_layer.o(.data)
 <LI><a href="#[12]">LE_LL_Pause_Enc_Req</a> from le_link_layer.o(i.LE_LL_Pause_Enc_Req) referenced 2 times from le_link_layer.o(.data)
 <LI><a href="#[13]">LE_LL_Pause_Enc_Rsp</a> from le_link_layer.o(i.LE_LL_Pause_Enc_Rsp) referenced 2 times from le_link_layer.o(.data)
 <LI><a href="#[15]">LE_LL_Reject_Ind</a> from le_link_layer.o(i.LE_LL_Reject_Ind) referenced 2 times from le_link_layer.o(.data)
 <LI><a href="#[f]">LE_LL_Start_Enc_Rsp</a> from le_link_layer.o(i.LE_LL_Start_Enc_Rsp) referenced 2 times from le_link_layer.o(.data)
 <LI><a href="#[c]">LE_LL_Terminate_Ind</a> from le_link_layer.o(i.LE_LL_Terminate_Ind) referenced 2 times from le_link_layer.o(.data)
 <LI><a href="#[e]">LE_LL_UnSupported_Pdu</a> from le_link_layer.o(i.LE_LL_UnSupported_Pdu) referenced 6 times from le_link_layer.o(.data)
 <LI><a href="#[10]">LE_LL_Unknown_Rsp</a> from le_link_layer.o(i.LE_LL_Unknown_Rsp) referenced 2 times from le_link_layer.o(.data)
 <LI><a href="#[14]">LE_LL_Version_Ind</a> from le_link_layer.o(i.LE_LL_Version_Ind) referenced 2 times from le_link_layer.o(.data)
 <LI><a href="#[b]">LEfreq_Update_Channel_Map_Req</a> from le_frequency.o(i.LEfreq_Update_Channel_Map_Req) referenced 2 times from le_link_layer.o(.data)
 <LI><a href="#[19]">MemManage_Handler</a> from startup_xinc.o(.text) referenced from startup_xinc.o(RESET)
 <LI><a href="#[17]">NMI_Handler</a> from startup_xinc.o(.text) referenced from startup_xinc.o(RESET)
 <LI><a href="#[1e]">PendSV_Handler</a> from startup_xinc.o(.text) referenced from startup_xinc.o(RESET)
 <LI><a href="#[30]">QDEC_Handler</a> from startup_xinc.o(.text) referenced from startup_xinc.o(RESET)
 <LI><a href="#[24]">RTC_Handler</a> from startup_xinc.o(.text) referenced from startup_xinc.o(RESET)
 <LI><a href="#[16]">Reset_Handler</a> from startup_xinc.o(.text) referenced from startup_xinc.o(RESET)
 <LI><a href="#[32]">SIM_Handler</a> from startup_xinc.o(.text) referenced from startup_xinc.o(RESET)
 <LI><a href="#[2d]">SPI0_Handler</a> from startup_xinc.o(.text) referenced from startup_xinc.o(RESET)
 <LI><a href="#[2e]">SPI1_Handler</a> from startup_xinc.o(.text) referenced from startup_xinc.o(RESET)
 <LI><a href="#[1c]">SVC_Handler</a> from startup_xinc.o(.text) referenced from startup_xinc.o(RESET)
 <LI><a href="#[1f]">SysTick_Handler</a> from bsp_systick.o(i.SysTick_Handler) referenced from startup_xinc.o(RESET)
 <LI><a href="#[34]">SystemInit</a> from system_xinc.o(i.SystemInit) referenced from startup_xinc.o(.text)
 <LI><a href="#[25]">TIMER0_Handler</a> from startup_xinc.o(.text) referenced from startup_xinc.o(RESET)
 <LI><a href="#[26]">TIMER1_Handler</a> from startup_xinc.o(.text) referenced from startup_xinc.o(RESET)
 <LI><a href="#[27]">TIMER2_Handler</a> from startup_xinc.o(.text) referenced from startup_xinc.o(RESET)
 <LI><a href="#[28]">TIMER3_Handler</a> from startup_xinc.o(.text) referenced from startup_xinc.o(RESET)
 <LI><a href="#[8]">TRAhcit_Generic_Dispatcher</a> from tra_hcit.o(i.TRAhcit_Generic_Dispatcher) referenced 2 times from tra_hcit.o(.data)
 <LI><a href="#[2b]">UART0_Handler</a> from bsp_uart.o(i.UART0_Handler) referenced from startup_xinc.o(RESET)
 <LI><a href="#[2c]">UART1_Handler</a> from bsp_uart.o(i.UART1_Handler) referenced from startup_xinc.o(RESET)
 <LI><a href="#[1b]">UsageFault_Handler</a> from startup_xinc.o(.text) referenced from startup_xinc.o(RESET)
 <LI><a href="#[29]">WDT_Handler</a> from startup_xinc.o(.text) referenced from startup_xinc.o(RESET)
 <LI><a href="#[7d]">_Dispatch_HC_BB_Command</a> from hc_cmd_disp.o(i._Dispatch_HC_BB_Command) referenced from hc_cmd_disp.o(.constdata)
 <LI><a href="#[7e]">_Dispatch_Info_Command</a> from hc_cmd_disp.o(i._Dispatch_Info_Command) referenced from hc_cmd_disp.o(.constdata)
 <LI><a href="#[7a]">_Dispatch_Invalid_OGF_Command</a> from hc_cmd_disp.o(i._Dispatch_Invalid_OGF_Command) referenced 2 times from hc_cmd_disp.o(.constdata)
 <LI><a href="#[81]">_Dispatch_LE_Command</a> from hc_cmd_disp.o(i._Dispatch_LE_Command) referenced from hc_cmd_disp.o(.constdata)
 <LI><a href="#[7b]">_Dispatch_Link_Control_Command</a> from hc_cmd_disp.o(i._Dispatch_Link_Control_Command) referenced from hc_cmd_disp.o(.constdata)
 <LI><a href="#[7c]">_Dispatch_Link_Policy_Command</a> from hc_cmd_disp.o(i._Dispatch_Link_Policy_Command) referenced from hc_cmd_disp.o(.constdata)
 <LI><a href="#[7f]">_Dispatch_Local_Status_Command</a> from hc_cmd_disp.o(i._Dispatch_Local_Status_Command) referenced from hc_cmd_disp.o(.constdata)
 <LI><a href="#[80]">_Dispatch_Test_Command</a> from hc_cmd_disp.o(i._Dispatch_Test_Command) referenced from hc_cmd_disp.o(.constdata)
 <LI><a href="#[82]">__main</a> from __main.o(!!!main) referenced from startup_xinc.o(.text)
 <LI><a href="#[38]">_get_lc_ctype</a> from lc_ctype_c.o(locale$$code) referenced from rt_ctype_table.o(.text)
 <LI><a href="#[66]">_printf_fp_dec_real</a> from _printf_fp_dec.o(.text) referenced from printf1.o(x$fpl$printf1)
 <LI><a href="#[67]">_printf_fp_hex_real</a> from _printf_fp_hex.o(.text) referenced from printf2.o(x$fpl$printf2)
 <LI><a href="#[37]">_printf_input_char</a> from _printf_char_common.o(.text) referenced from _printf_char_common.o(.text)
 <LI><a href="#[3b]">att_event_packet_handler</a> from att_server.o(i.att_event_packet_handler) referenced from att_server.o(i.att_server_init)
 <LI><a href="#[3a]">att_packet_handler</a> from att_dispatch.o(i.att_packet_handler) referenced from att_dispatch.o(i.att_dispatch_register_client)
 <LI><a href="#[3a]">att_packet_handler</a> from att_dispatch.o(i.att_packet_handler) referenced from att_dispatch.o(i.att_dispatch_register_server)
 <LI><a href="#[3c]">att_packet_handler</a> from att_server.o(i.att_packet_handler) referenced from att_server.o(i.att_server_init)
 <LI><a href="#[3f]">att_packet_handler</a> from btstack.o(i.att_packet_handler) referenced from btstack.o(i.ble_stack_init)
 <LI><a href="#[68]">att_read_callback</a> from main.o(i.att_read_callback) referenced from main.o(.constdata)
 <LI><a href="#[3d]">att_server_read_callback</a> from att_server.o(i.att_server_read_callback) referenced from att_server.o(i.att_server_init)
 <LI><a href="#[3e]">att_server_write_callback</a> from att_server.o(i.att_server_write_callback) referenced from att_server.o(i.att_server_init)
 <LI><a href="#[69]">att_write_callback</a> from main.o(i.att_write_callback) referenced from main.o(.constdata)
 <LI><a href="#[40]">btstack_crypto_event_handler</a> from btstack_crypto.o(i.btstack_crypto_event_handler) referenced from btstack_crypto.o(i.btstack_crypto_init)
 <LI><a href="#[48]">btstack_embedded_process</a> from hci_transport_ram.o(i.btstack_embedded_process) referenced from hci_transport_ram.o(i.hci_transport_ram_open)
 <LI><a href="#[6b]">btstack_run_loop_embedded_add_data_source</a> from btstack_run_loop_embedded.o(i.btstack_run_loop_embedded_add_data_source) referenced from btstack_run_loop_embedded.o(.constdata)
 <LI><a href="#[70]">btstack_run_loop_embedded_add_timer</a> from btstack_run_loop_embedded.o(i.btstack_run_loop_embedded_add_timer) referenced from btstack_run_loop_embedded.o(.constdata)
 <LI><a href="#[6e]">btstack_run_loop_embedded_disable_data_source_callbacks</a> from btstack_run_loop_embedded.o(i.btstack_run_loop_embedded_disable_data_source_callbacks) referenced from btstack_run_loop_embedded.o(.constdata)
 <LI><a href="#[73]">btstack_run_loop_embedded_dump_timer</a> from btstack_run_loop_embedded.o(i.btstack_run_loop_embedded_dump_timer) referenced from btstack_run_loop_embedded.o(.constdata)
 <LI><a href="#[6d]">btstack_run_loop_embedded_enable_data_source_callbacks</a> from btstack_run_loop_embedded.o(i.btstack_run_loop_embedded_enable_data_source_callbacks) referenced from btstack_run_loop_embedded.o(.constdata)
 <LI><a href="#[72]">btstack_run_loop_embedded_execute</a> from btstack_run_loop_embedded.o(i.btstack_run_loop_embedded_execute) referenced from btstack_run_loop_embedded.o(.constdata)
 <LI><a href="#[74]">btstack_run_loop_embedded_get_time_ms</a> from btstack_run_loop_embedded.o(i.btstack_run_loop_embedded_get_time_ms) referenced from btstack_run_loop_embedded.o(.constdata)
 <LI><a href="#[6a]">btstack_run_loop_embedded_init</a> from btstack_run_loop_embedded.o(i.btstack_run_loop_embedded_init) referenced from btstack_run_loop_embedded.o(.constdata)
 <LI><a href="#[6c]">btstack_run_loop_embedded_remove_data_source</a> from btstack_run_loop_embedded.o(i.btstack_run_loop_embedded_remove_data_source) referenced from btstack_run_loop_embedded.o(.constdata)
 <LI><a href="#[71]">btstack_run_loop_embedded_remove_timer</a> from btstack_run_loop_embedded.o(i.btstack_run_loop_embedded_remove_timer) referenced from btstack_run_loop_embedded.o(.constdata)
 <LI><a href="#[6f]">btstack_run_loop_embedded_set_timer</a> from btstack_run_loop_embedded.o(i.btstack_run_loop_embedded_set_timer) referenced from btstack_run_loop_embedded.o(.constdata)
 <LI><a href="#[41]">btstack_run_loop_embedded_tick_handler</a> from btstack_run_loop_embedded.o(i.btstack_run_loop_embedded_tick_handler) referenced from btstack_run_loop_embedded.o(i.btstack_run_loop_embedded_init)
 <LI><a href="#[42]">data_can_send_now</a> from main.o(i.data_can_send_now) referenced from main.o(i.data_can_send_now)
 <LI><a href="#[42]">data_can_send_now</a> from main.o(i.data_can_send_now) referenced from main.o(i.data_sent)
 <LI><a href="#[7]">dummy_handler</a> from btstack_tick.o(i.dummy_handler) referenced 4 times from btstack_tick.o(.data)
 <LI><a href="#[7]">dummy_handler</a> from btstack_tick.o(i.dummy_handler) referenced from btstack_tick.o(i.hal_tick_set_handler)
 <LI><a href="#[36]">fputc</a> from bsp_retarget.o(i.fputc) referenced from _printf_char_file.o(.text)
 <LI><a href="#[44]">gatt_client_att_packet_handler</a> from gatt_client.o(i.gatt_client_att_packet_handler) referenced from gatt_client.o(i.gatt_client_init)
 <LI><a href="#[43]">gatt_client_event_packet_handler</a> from gatt_client.o(i.gatt_client_event_packet_handler) referenced from gatt_client.o(i.gatt_client_init)
 <LI><a href="#[4d]">gatt_client_timeout_handler</a> from gatt_client.o(i.gatt_client_timeout_handler) referenced from gatt_client.o(i.provide_context_for_conn_handle_and_start_timer)
 <LI><a href="#[47]">hci_halting_timeout_handler</a> from hci.o(i.hci_halting_timeout_handler) referenced from hci.o(i.hci_run)
 <LI><a href="#[46]">hci_initialization_timeout_handler</a> from hci.o(i.hci_initialization_timeout_handler) referenced from hci.o(i.hci_initializing_run)
 <LI><a href="#[78]">hci_transport_ram_can_send_now</a> from hci_transport_ram.o(i.hci_transport_ram_can_send_now) referenced from hci_transport_ram.o(.constdata)
 <LI><a href="#[76]">hci_transport_ram_close</a> from hci_transport_ram.o(i.hci_transport_ram_close) referenced from hci_transport_ram.o(.constdata)
 <LI><a href="#[75]">hci_transport_ram_open</a> from hci_transport_ram.o(i.hci_transport_ram_open) referenced from hci_transport_ram.o(.constdata)
 <LI><a href="#[49]">hci_transport_ram_receive_packet</a> from hci_transport_ram.o(i.hci_transport_ram_receive_packet) referenced from hci_transport_ram.o(i.hci_transport_ram_open)
 <LI><a href="#[77]">hci_transport_ram_register_packet_handler</a> from hci_transport_ram.o(i.hci_transport_ram_register_packet_handler) referenced from hci_transport_ram.o(.constdata)
 <LI><a href="#[79]">hci_transport_ram_send_packet</a> from hci_transport_ram.o(i.hci_transport_ram_send_packet) referenced from hci_transport_ram.o(.constdata)
 <LI><a href="#[4b]">l2cap_acl_handler</a> from l2cap.o(i.l2cap_acl_handler) referenced from l2cap.o(i.l2cap_init)
 <LI><a href="#[4a]">l2cap_hci_event_handler</a> from l2cap.o(i.l2cap_hci_event_handler) referenced from l2cap.o(i.l2cap_init)
 <LI><a href="#[4c]">packet_handler</a> from main.o(i.packet_handler) referenced from main.o(.constdata)
 <LI><a href="#[45]">packet_handler</a> from hci.o(i.packet_handler) referenced from hci.o(i.hci_init)
 <LI><a href="#[4c]">packet_handler</a> from main.o(i.packet_handler) referenced from main.o(i.packet_handler)
 <LI><a href="#[57]">sm_event_packet_handler</a> from sm.o(i.sm_event_packet_handler) referenced from sm.o(i.sm_init)
 <LI><a href="#[5e]">sm_handle_encryption_result_address_resolution</a> from sm.o(i.sm_handle_encryption_result_address_resolution) referenced from sm.o(i.sm_run)
 <LI><a href="#[5b]">sm_handle_encryption_result_dkg_dhk</a> from sm.o(i.sm_handle_encryption_result_dkg_dhk) referenced from sm.o(i.sm_run)
 <LI><a href="#[5a]">sm_handle_encryption_result_dkg_irk</a> from sm.o(i.sm_handle_encryption_result_dkg_irk) referenced from sm.o(i.sm_run)
 <LI><a href="#[60]">sm_handle_encryption_result_enc_a</a> from sm.o(i.sm_handle_encryption_result_enc_a) referenced from sm.o(i.sm_run)
 <LI><a href="#[50]">sm_handle_encryption_result_enc_b</a> from sm.o(i.sm_handle_encryption_result_enc_b) referenced from sm.o(i.sm_handle_encryption_result_enc_a)
 <LI><a href="#[61]">sm_handle_encryption_result_enc_c</a> from sm.o(i.sm_handle_encryption_result_enc_c) referenced from sm.o(i.sm_run)
 <LI><a href="#[52]">sm_handle_encryption_result_enc_csrk</a> from sm.o(i.sm_handle_encryption_result_enc_csrk) referenced from sm.o(i.sm_handle_encryption_result_enc_ph3_ltk)
 <LI><a href="#[51]">sm_handle_encryption_result_enc_d</a> from sm.o(i.sm_handle_encryption_result_enc_d) referenced from sm.o(i.sm_handle_encryption_result_enc_c)
 <LI><a href="#[53]">sm_handle_encryption_result_enc_ph3_ltk</a> from sm.o(i.sm_handle_encryption_result_enc_ph3_ltk) referenced from sm.o(i.sm_handle_encryption_result_enc_ph3_y)
 <LI><a href="#[63]">sm_handle_encryption_result_enc_ph3_y</a> from sm.o(i.sm_handle_encryption_result_enc_ph3_y) referenced from sm.o(i.sm_run)
 <LI><a href="#[54]">sm_handle_encryption_result_enc_ph4_ltk</a> from sm.o(i.sm_handle_encryption_result_enc_ph4_ltk) referenced from sm.o(i.sm_handle_encryption_result_enc_ph4_y)
 <LI><a href="#[64]">sm_handle_encryption_result_enc_ph4_y</a> from sm.o(i.sm_handle_encryption_result_enc_ph4_y) referenced from sm.o(i.sm_run)
 <LI><a href="#[62]">sm_handle_encryption_result_enc_stk</a> from sm.o(i.sm_handle_encryption_result_enc_stk) referenced from sm.o(i.sm_run)
 <LI><a href="#[5d]">sm_handle_encryption_result_rau</a> from sm.o(i.sm_handle_encryption_result_rau) referenced from sm.o(i.sm_run)
 <LI><a href="#[4e]">sm_handle_random_result_er</a> from sm.o(i.sm_handle_random_result_er) referenced from sm.o(i.sm_event_packet_handler)
 <LI><a href="#[55]">sm_handle_random_result_ir</a> from sm.o(i.sm_handle_random_result_ir) referenced from sm.o(i.sm_handle_random_result_er)
 <LI><a href="#[59]">sm_handle_random_result_ph2_random</a> from sm.o(i.sm_handle_random_result_ph2_random) referenced from sm.o(i.sm_pdu_handler)
 <LI><a href="#[5f]">sm_handle_random_result_ph2_tk</a> from sm.o(i.sm_handle_random_result_ph2_tk) referenced from sm.o(i.sm_run)
 <LI><a href="#[56]">sm_handle_random_result_ph3_div</a> from sm.o(i.sm_handle_random_result_ph3_div) referenced from sm.o(i.sm_handle_random_result_ph3_random)
 <LI><a href="#[4f]">sm_handle_random_result_ph3_random</a> from sm.o(i.sm_handle_random_result_ph3_random) referenced from sm.o(i.sm_event_packet_handler)
 <LI><a href="#[5c]">sm_handle_random_result_rau</a> from sm.o(i.sm_handle_random_result_rau) referenced from sm.o(i.sm_run)
 <LI><a href="#[58]">sm_pdu_handler</a> from sm.o(i.sm_pdu_handler) referenced from sm.o(i.sm_init)
 <LI><a href="#[65]">sm_timeout_handler</a> from sm.o(i.sm_timeout_handler) referenced from sm.o(i.sm_timeout_start)
</UL>
<P>
<H3>
Global Symbols
</H3>
<P><STRONG><a name="[82]"></a>__main</STRONG> (Thumb, 8 bytes, Stack size 0 bytes, __main.o(!!!main))
<BR><BR>[Calls]<UL><LI><a href="#[85]">&gt;&gt;</a>&nbsp;&nbsp;&nbsp;__rt_entry
<LI><a href="#[84]">&gt;&gt;</a>&nbsp;&nbsp;&nbsp;__scatterload
</UL>

<P><STRONG><a name="[84]"></a>__scatterload</STRONG> (Thumb, 0 bytes, Stack size unknown bytes, __scatter.o(!!!scatter))
<BR><BR>[Called By]<UL><LI><a href="#[82]">&gt;&gt;</a>&nbsp;&nbsp;&nbsp;__main
</UL>

<P><STRONG><a name="[86]"></a>__scatterload_rt2</STRONG> (Thumb, 52 bytes, Stack size unknown bytes, __scatter.o(!!!scatter), UNUSED)
<BR><BR>[Calls]<UL><LI><a href="#[85]">&gt;&gt;</a>&nbsp;&nbsp;&nbsp;__rt_entry
</UL>

<P><STRONG><a name="[370]"></a>__scatterload_rt2_thumb_only</STRONG> (Thumb, 0 bytes, Stack size unknown bytes, __scatter.o(!!!scatter), UNUSED)

<P><STRONG><a name="[371]"></a>__scatterload_null</STRONG> (Thumb, 0 bytes, Stack size unknown bytes, __scatter.o(!!!scatter), UNUSED)

<P><STRONG><a name="[372]"></a>__scatterload_zeroinit</STRONG> (Thumb, 28 bytes, Stack size unknown bytes, __scatter_zi.o(!!handler_zi), UNUSED)

<P><STRONG><a name="[c9]"></a>_printf_percent</STRONG> (Thumb, 0 bytes, Stack size unknown bytes, _printf_percent.o(.ARM.Collect$$_printf_percent$$00000000))
<BR><BR>[Called By]<UL><LI><a href="#[c7]">&gt;&gt;</a>&nbsp;&nbsp;&nbsp;__printf
</UL>

<P><STRONG><a name="[87]"></a>_printf_n</STRONG> (Thumb, 0 bytes, Stack size unknown bytes, _printf_n.o(.ARM.Collect$$_printf_percent$$00000001))
<BR><BR>[Stack]<UL><LI>Max Depth = 96 + Unknown Stack Size
<LI>Call Chain = _printf_n &rArr; _printf_p &rArr; _printf_f &rArr; _printf_e &rArr; _printf_g &rArr; _printf_a &rArr; _printf_ll &rArr; _printf_i &rArr; _printf_d &rArr; _printf_u &rArr; _printf_o &rArr; _printf_x &rArr; _printf_int_hex &rArr; _printf_longlong_hex &rArr; _printf_int_common &rArr; _printf_post_padding
</UL>
<BR>[Calls]<UL><LI><a href="#[88]">&gt;&gt;</a>&nbsp;&nbsp;&nbsp;_printf_p
<LI><a href="#[89]">&gt;&gt;</a>&nbsp;&nbsp;&nbsp;_printf_charcount
</UL>

<P><STRONG><a name="[88]"></a>_printf_p</STRONG> (Thumb, 0 bytes, Stack size unknown bytes, _printf_p.o(.ARM.Collect$$_printf_percent$$00000002))
<BR><BR>[Stack]<UL><LI>Max Depth = 96 + Unknown Stack Size
<LI>Call Chain = _printf_p &rArr; _printf_f &rArr; _printf_e &rArr; _printf_g &rArr; _printf_a &rArr; _printf_ll &rArr; _printf_i &rArr; _printf_d &rArr; _printf_u &rArr; _printf_o &rArr; _printf_x &rArr; _printf_int_hex &rArr; _printf_longlong_hex &rArr; _printf_int_common &rArr; _printf_post_padding
</UL>
<BR>[Calls]<UL><LI><a href="#[8a]">&gt;&gt;</a>&nbsp;&nbsp;&nbsp;_printf_f
<LI><a href="#[8b]">&gt;&gt;</a>&nbsp;&nbsp;&nbsp;_printf_hex_ptr
</UL>
<BR>[Called By]<UL><LI><a href="#[87]">&gt;&gt;</a>&nbsp;&nbsp;&nbsp;_printf_n
</UL>

<P><STRONG><a name="[8a]"></a>_printf_f</STRONG> (Thumb, 0 bytes, Stack size unknown bytes, _printf_f.o(.ARM.Collect$$_printf_percent$$00000003))
<BR><BR>[Stack]<UL><LI>Max Depth = 96 + Unknown Stack Size
<LI>Call Chain = _printf_f &rArr; _printf_e &rArr; _printf_g &rArr; _printf_a &rArr; _printf_ll &rArr; _printf_i &rArr; _printf_d &rArr; _printf_u &rArr; _printf_o &rArr; _printf_x &rArr; _printf_int_hex &rArr; _printf_longlong_hex &rArr; _printf_int_common &rArr; _printf_post_padding
</UL>
<BR>[Calls]<UL><LI><a href="#[8d]">&gt;&gt;</a>&nbsp;&nbsp;&nbsp;_printf_fp_dec
<LI><a href="#[8c]">&gt;&gt;</a>&nbsp;&nbsp;&nbsp;_printf_e
</UL>
<BR>[Called By]<UL><LI><a href="#[88]">&gt;&gt;</a>&nbsp;&nbsp;&nbsp;_printf_p
</UL>

<P><STRONG><a name="[8c]"></a>_printf_e</STRONG> (Thumb, 0 bytes, Stack size unknown bytes, _printf_e.o(.ARM.Collect$$_printf_percent$$00000004))
<BR><BR>[Stack]<UL><LI>Max Depth = 96 + Unknown Stack Size
<LI>Call Chain = _printf_e &rArr; _printf_g &rArr; _printf_a &rArr; _printf_ll &rArr; _printf_i &rArr; _printf_d &rArr; _printf_u &rArr; _printf_o &rArr; _printf_x &rArr; _printf_int_hex &rArr; _printf_longlong_hex &rArr; _printf_int_common &rArr; _printf_post_padding
</UL>
<BR>[Calls]<UL><LI><a href="#[8d]">&gt;&gt;</a>&nbsp;&nbsp;&nbsp;_printf_fp_dec
<LI><a href="#[8e]">&gt;&gt;</a>&nbsp;&nbsp;&nbsp;_printf_g
</UL>
<BR>[Called By]<UL><LI><a href="#[8a]">&gt;&gt;</a>&nbsp;&nbsp;&nbsp;_printf_f
</UL>

<P><STRONG><a name="[8e]"></a>_printf_g</STRONG> (Thumb, 0 bytes, Stack size unknown bytes, _printf_g.o(.ARM.Collect$$_printf_percent$$00000005))
<BR><BR>[Stack]<UL><LI>Max Depth = 96 + Unknown Stack Size
<LI>Call Chain = _printf_g &rArr; _printf_a &rArr; _printf_ll &rArr; _printf_i &rArr; _printf_d &rArr; _printf_u &rArr; _printf_o &rArr; _printf_x &rArr; _printf_int_hex &rArr; _printf_longlong_hex &rArr; _printf_int_common &rArr; _printf_post_padding
</UL>
<BR>[Calls]<UL><LI><a href="#[8d]">&gt;&gt;</a>&nbsp;&nbsp;&nbsp;_printf_fp_dec
<LI><a href="#[8f]">&gt;&gt;</a>&nbsp;&nbsp;&nbsp;_printf_a
</UL>
<BR>[Called By]<UL><LI><a href="#[8c]">&gt;&gt;</a>&nbsp;&nbsp;&nbsp;_printf_e
</UL>

<P><STRONG><a name="[8f]"></a>_printf_a</STRONG> (Thumb, 0 bytes, Stack size unknown bytes, _printf_a.o(.ARM.Collect$$_printf_percent$$00000006))
<BR><BR>[Stack]<UL><LI>Max Depth = 96 + Unknown Stack Size
<LI>Call Chain = _printf_a &rArr; _printf_ll &rArr; _printf_i &rArr; _printf_d &rArr; _printf_u &rArr; _printf_o &rArr; _printf_x &rArr; _printf_int_hex &rArr; _printf_longlong_hex &rArr; _printf_int_common &rArr; _printf_post_padding
</UL>
<BR>[Calls]<UL><LI><a href="#[91]">&gt;&gt;</a>&nbsp;&nbsp;&nbsp;_printf_fp_hex
<LI><a href="#[90]">&gt;&gt;</a>&nbsp;&nbsp;&nbsp;_printf_ll
</UL>
<BR>[Called By]<UL><LI><a href="#[8e]">&gt;&gt;</a>&nbsp;&nbsp;&nbsp;_printf_g
</UL>

<P><STRONG><a name="[90]"></a>_printf_ll</STRONG> (Thumb, 0 bytes, Stack size unknown bytes, _printf_ll.o(.ARM.Collect$$_printf_percent$$00000007))
<BR><BR>[Stack]<UL><LI>Max Depth = 96 + Unknown Stack Size
<LI>Call Chain = _printf_ll &rArr; _printf_i &rArr; _printf_d &rArr; _printf_u &rArr; _printf_o &rArr; _printf_x &rArr; _printf_int_hex &rArr; _printf_longlong_hex &rArr; _printf_int_common &rArr; _printf_post_padding
</UL>
<BR>[Calls]<UL><LI><a href="#[92]">&gt;&gt;</a>&nbsp;&nbsp;&nbsp;_printf_i
</UL>
<BR>[Called By]<UL><LI><a href="#[8f]">&gt;&gt;</a>&nbsp;&nbsp;&nbsp;_printf_a
</UL>

<P><STRONG><a name="[92]"></a>_printf_i</STRONG> (Thumb, 0 bytes, Stack size unknown bytes, _printf_i.o(.ARM.Collect$$_printf_percent$$00000008))
<BR><BR>[Stack]<UL><LI>Max Depth = 96 + Unknown Stack Size
<LI>Call Chain = _printf_i &rArr; _printf_d &rArr; _printf_u &rArr; _printf_o &rArr; _printf_x &rArr; _printf_int_hex &rArr; _printf_longlong_hex &rArr; _printf_int_common &rArr; _printf_post_padding
</UL>
<BR>[Calls]<UL><LI><a href="#[93]">&gt;&gt;</a>&nbsp;&nbsp;&nbsp;_printf_d
<LI><a href="#[94]">&gt;&gt;</a>&nbsp;&nbsp;&nbsp;_printf_int_dec
</UL>
<BR>[Called By]<UL><LI><a href="#[90]">&gt;&gt;</a>&nbsp;&nbsp;&nbsp;_printf_ll
</UL>

<P><STRONG><a name="[93]"></a>_printf_d</STRONG> (Thumb, 0 bytes, Stack size unknown bytes, _printf_d.o(.ARM.Collect$$_printf_percent$$00000009))
<BR><BR>[Stack]<UL><LI>Max Depth = 96 + Unknown Stack Size
<LI>Call Chain = _printf_d &rArr; _printf_u &rArr; _printf_o &rArr; _printf_x &rArr; _printf_int_hex &rArr; _printf_longlong_hex &rArr; _printf_int_common &rArr; _printf_post_padding
</UL>
<BR>[Calls]<UL><LI><a href="#[95]">&gt;&gt;</a>&nbsp;&nbsp;&nbsp;_printf_u
<LI><a href="#[94]">&gt;&gt;</a>&nbsp;&nbsp;&nbsp;_printf_int_dec
</UL>
<BR>[Called By]<UL><LI><a href="#[92]">&gt;&gt;</a>&nbsp;&nbsp;&nbsp;_printf_i
</UL>

<P><STRONG><a name="[95]"></a>_printf_u</STRONG> (Thumb, 0 bytes, Stack size unknown bytes, _printf_u.o(.ARM.Collect$$_printf_percent$$0000000A))
<BR><BR>[Stack]<UL><LI>Max Depth = 96 + Unknown Stack Size
<LI>Call Chain = _printf_u &rArr; _printf_o &rArr; _printf_x &rArr; _printf_int_hex &rArr; _printf_longlong_hex &rArr; _printf_int_common &rArr; _printf_post_padding
</UL>
<BR>[Calls]<UL><LI><a href="#[96]">&gt;&gt;</a>&nbsp;&nbsp;&nbsp;_printf_o
<LI><a href="#[94]">&gt;&gt;</a>&nbsp;&nbsp;&nbsp;_printf_int_dec
</UL>
<BR>[Called By]<UL><LI><a href="#[93]">&gt;&gt;</a>&nbsp;&nbsp;&nbsp;_printf_d
</UL>

<P><STRONG><a name="[96]"></a>_printf_o</STRONG> (Thumb, 0 bytes, Stack size unknown bytes, _printf_o.o(.ARM.Collect$$_printf_percent$$0000000B))
<BR><BR>[Stack]<UL><LI>Max Depth = 96 + Unknown Stack Size
<LI>Call Chain = _printf_o &rArr; _printf_x &rArr; _printf_int_hex &rArr; _printf_longlong_hex &rArr; _printf_int_common &rArr; _printf_post_padding
</UL>
<BR>[Calls]<UL><LI><a href="#[98]">&gt;&gt;</a>&nbsp;&nbsp;&nbsp;_printf_int_oct
<LI><a href="#[97]">&gt;&gt;</a>&nbsp;&nbsp;&nbsp;_printf_x
</UL>
<BR>[Called By]<UL><LI><a href="#[95]">&gt;&gt;</a>&nbsp;&nbsp;&nbsp;_printf_u
</UL>

<P><STRONG><a name="[97]"></a>_printf_x</STRONG> (Thumb, 0 bytes, Stack size unknown bytes, _printf_x.o(.ARM.Collect$$_printf_percent$$0000000C))
<BR><BR>[Stack]<UL><LI>Max Depth = 96 + Unknown Stack Size
<LI>Call Chain = _printf_x &rArr; _printf_int_hex &rArr; _printf_longlong_hex &rArr; _printf_int_common &rArr; _printf_post_padding
</UL>
<BR>[Calls]<UL><LI><a href="#[99]">&gt;&gt;</a>&nbsp;&nbsp;&nbsp;_printf_lli
<LI><a href="#[9a]">&gt;&gt;</a>&nbsp;&nbsp;&nbsp;_printf_int_hex
</UL>
<BR>[Called By]<UL><LI><a href="#[96]">&gt;&gt;</a>&nbsp;&nbsp;&nbsp;_printf_o
</UL>

<P><STRONG><a name="[99]"></a>_printf_lli</STRONG> (Thumb, 0 bytes, Stack size unknown bytes, _printf_lli.o(.ARM.Collect$$_printf_percent$$0000000D))
<BR><BR>[Stack]<UL><LI>Max Depth = 88 + Unknown Stack Size
<LI>Call Chain = _printf_lli &rArr; _printf_lld &rArr; _printf_llu &rArr; _printf_llo &rArr; _printf_llx &rArr; _printf_l &rArr; _printf_c &rArr; _printf_s &rArr; _printf_lc &rArr; _printf_wchar &rArr; _printf_lcs_common &rArr; _printf_wctomb &rArr; _wcrtomb &rArr; __rt_ctype_table
</UL>
<BR>[Calls]<UL><LI><a href="#[9b]">&gt;&gt;</a>&nbsp;&nbsp;&nbsp;_printf_lld
<LI><a href="#[9c]">&gt;&gt;</a>&nbsp;&nbsp;&nbsp;_printf_longlong_dec
</UL>
<BR>[Called By]<UL><LI><a href="#[97]">&gt;&gt;</a>&nbsp;&nbsp;&nbsp;_printf_x
</UL>

<P><STRONG><a name="[9b]"></a>_printf_lld</STRONG> (Thumb, 0 bytes, Stack size unknown bytes, _printf_lld.o(.ARM.Collect$$_printf_percent$$0000000E))
<BR><BR>[Stack]<UL><LI>Max Depth = 88 + Unknown Stack Size
<LI>Call Chain = _printf_lld &rArr; _printf_llu &rArr; _printf_llo &rArr; _printf_llx &rArr; _printf_l &rArr; _printf_c &rArr; _printf_s &rArr; _printf_lc &rArr; _printf_wchar &rArr; _printf_lcs_common &rArr; _printf_wctomb &rArr; _wcrtomb &rArr; __rt_ctype_table
</UL>
<BR>[Calls]<UL><LI><a href="#[9d]">&gt;&gt;</a>&nbsp;&nbsp;&nbsp;_printf_llu
<LI><a href="#[9c]">&gt;&gt;</a>&nbsp;&nbsp;&nbsp;_printf_longlong_dec
</UL>
<BR>[Called By]<UL><LI><a href="#[99]">&gt;&gt;</a>&nbsp;&nbsp;&nbsp;_printf_lli
</UL>

<P><STRONG><a name="[9d]"></a>_printf_llu</STRONG> (Thumb, 0 bytes, Stack size unknown bytes, _printf_llu.o(.ARM.Collect$$_printf_percent$$0000000F))
<BR><BR>[Stack]<UL><LI>Max Depth = 88 + Unknown Stack Size
<LI>Call Chain = _printf_llu &rArr; _printf_llo &rArr; _printf_llx &rArr; _printf_l &rArr; _printf_c &rArr; _printf_s &rArr; _printf_lc &rArr; _printf_wchar &rArr; _printf_lcs_common &rArr; _printf_wctomb &rArr; _wcrtomb &rArr; __rt_ctype_table
</UL>
<BR>[Calls]<UL><LI><a href="#[9e]">&gt;&gt;</a>&nbsp;&nbsp;&nbsp;_printf_llo
<LI><a href="#[9c]">&gt;&gt;</a>&nbsp;&nbsp;&nbsp;_printf_longlong_dec
</UL>
<BR>[Called By]<UL><LI><a href="#[9b]">&gt;&gt;</a>&nbsp;&nbsp;&nbsp;_printf_lld
</UL>

<P><STRONG><a name="[9e]"></a>_printf_llo</STRONG> (Thumb, 0 bytes, Stack size unknown bytes, _printf_llo.o(.ARM.Collect$$_printf_percent$$00000010))
<BR><BR>[Stack]<UL><LI>Max Depth = 88 + Unknown Stack Size
<LI>Call Chain = _printf_llo &rArr; _printf_llx &rArr; _printf_l &rArr; _printf_c &rArr; _printf_s &rArr; _printf_lc &rArr; _printf_wchar &rArr; _printf_lcs_common &rArr; _printf_wctomb &rArr; _wcrtomb &rArr; __rt_ctype_table
</UL>
<BR>[Calls]<UL><LI><a href="#[9f]">&gt;&gt;</a>&nbsp;&nbsp;&nbsp;_printf_llx
<LI><a href="#[a0]">&gt;&gt;</a>&nbsp;&nbsp;&nbsp;_printf_ll_oct
</UL>
<BR>[Called By]<UL><LI><a href="#[9d]">&gt;&gt;</a>&nbsp;&nbsp;&nbsp;_printf_llu
</UL>

<P><STRONG><a name="[9f]"></a>_printf_llx</STRONG> (Thumb, 0 bytes, Stack size unknown bytes, _printf_llx.o(.ARM.Collect$$_printf_percent$$00000011))
<BR><BR>[Stack]<UL><LI>Max Depth = 88 + Unknown Stack Size
<LI>Call Chain = _printf_llx &rArr; _printf_l &rArr; _printf_c &rArr; _printf_s &rArr; _printf_lc &rArr; _printf_wchar &rArr; _printf_lcs_common &rArr; _printf_wctomb &rArr; _wcrtomb &rArr; __rt_ctype_table
</UL>
<BR>[Calls]<UL><LI><a href="#[a1]">&gt;&gt;</a>&nbsp;&nbsp;&nbsp;_printf_l
<LI><a href="#[a2]">&gt;&gt;</a>&nbsp;&nbsp;&nbsp;_printf_ll_hex
</UL>
<BR>[Called By]<UL><LI><a href="#[9e]">&gt;&gt;</a>&nbsp;&nbsp;&nbsp;_printf_llo
</UL>

<P><STRONG><a name="[a1]"></a>_printf_l</STRONG> (Thumb, 0 bytes, Stack size unknown bytes, _printf_l.o(.ARM.Collect$$_printf_percent$$00000012))
<BR><BR>[Stack]<UL><LI>Max Depth = 88 + Unknown Stack Size
<LI>Call Chain = _printf_l &rArr; _printf_c &rArr; _printf_s &rArr; _printf_lc &rArr; _printf_wchar &rArr; _printf_lcs_common &rArr; _printf_wctomb &rArr; _wcrtomb &rArr; __rt_ctype_table
</UL>
<BR>[Calls]<UL><LI><a href="#[a3]">&gt;&gt;</a>&nbsp;&nbsp;&nbsp;_printf_c
</UL>
<BR>[Called By]<UL><LI><a href="#[9f]">&gt;&gt;</a>&nbsp;&nbsp;&nbsp;_printf_llx
</UL>

<P><STRONG><a name="[a3]"></a>_printf_c</STRONG> (Thumb, 0 bytes, Stack size unknown bytes, _printf_c.o(.ARM.Collect$$_printf_percent$$00000013))
<BR><BR>[Stack]<UL><LI>Max Depth = 88 + Unknown Stack Size
<LI>Call Chain = _printf_c &rArr; _printf_s &rArr; _printf_lc &rArr; _printf_wchar &rArr; _printf_lcs_common &rArr; _printf_wctomb &rArr; _wcrtomb &rArr; __rt_ctype_table
</UL>
<BR>[Calls]<UL><LI><a href="#[a5]">&gt;&gt;</a>&nbsp;&nbsp;&nbsp;_printf_char
<LI><a href="#[a4]">&gt;&gt;</a>&nbsp;&nbsp;&nbsp;_printf_s
</UL>
<BR>[Called By]<UL><LI><a href="#[a1]">&gt;&gt;</a>&nbsp;&nbsp;&nbsp;_printf_l
</UL>

<P><STRONG><a name="[a4]"></a>_printf_s</STRONG> (Thumb, 0 bytes, Stack size unknown bytes, _printf_s.o(.ARM.Collect$$_printf_percent$$00000014))
<BR><BR>[Stack]<UL><LI>Max Depth = 88 + Unknown Stack Size
<LI>Call Chain = _printf_s &rArr; _printf_lc &rArr; _printf_wchar &rArr; _printf_lcs_common &rArr; _printf_wctomb &rArr; _wcrtomb &rArr; __rt_ctype_table
</UL>
<BR>[Calls]<UL><LI><a href="#[a6]">&gt;&gt;</a>&nbsp;&nbsp;&nbsp;_printf_lc
<LI><a href="#[a7]">&gt;&gt;</a>&nbsp;&nbsp;&nbsp;_printf_string
</UL>
<BR>[Called By]<UL><LI><a href="#[a3]">&gt;&gt;</a>&nbsp;&nbsp;&nbsp;_printf_c
</UL>

<P><STRONG><a name="[a6]"></a>_printf_lc</STRONG> (Thumb, 0 bytes, Stack size unknown bytes, _printf_lc.o(.ARM.Collect$$_printf_percent$$00000015))
<BR><BR>[Stack]<UL><LI>Max Depth = 88 + Unknown Stack Size
<LI>Call Chain = _printf_lc &rArr; _printf_wchar &rArr; _printf_lcs_common &rArr; _printf_wctomb &rArr; _wcrtomb &rArr; __rt_ctype_table
</UL>
<BR>[Calls]<UL><LI><a href="#[a9]">&gt;&gt;</a>&nbsp;&nbsp;&nbsp;_printf_wchar
<LI><a href="#[a8]">&gt;&gt;</a>&nbsp;&nbsp;&nbsp;_printf_ls
</UL>
<BR>[Called By]<UL><LI><a href="#[a4]">&gt;&gt;</a>&nbsp;&nbsp;&nbsp;_printf_s
</UL>

<P><STRONG><a name="[a8]"></a>_printf_ls</STRONG> (Thumb, 0 bytes, Stack size unknown bytes, _printf_ls.o(.ARM.Collect$$_printf_percent$$00000016))
<BR><BR>[Stack]<UL><LI>Max Depth = 88 + Unknown Stack Size
<LI>Call Chain = _printf_ls &rArr; _printf_wstring &rArr; _printf_lcs_common &rArr; _printf_wctomb &rArr; _wcrtomb &rArr; __rt_ctype_table
</UL>
<BR>[Calls]<UL><LI><a href="#[ab]">&gt;&gt;</a>&nbsp;&nbsp;&nbsp;_printf_wstring
<LI><a href="#[aa]">&gt;&gt;</a>&nbsp;&nbsp;&nbsp;_printf_percent_end
</UL>
<BR>[Called By]<UL><LI><a href="#[a6]">&gt;&gt;</a>&nbsp;&nbsp;&nbsp;_printf_lc
</UL>

<P><STRONG><a name="[aa]"></a>_printf_percent_end</STRONG> (Thumb, 0 bytes, Stack size unknown bytes, _printf_percent_end.o(.ARM.Collect$$_printf_percent$$00000017))
<BR><BR>[Called By]<UL><LI><a href="#[a8]">&gt;&gt;</a>&nbsp;&nbsp;&nbsp;_printf_ls
</UL>

<P><STRONG><a name="[b4]"></a>__rt_lib_init</STRONG> (Thumb, 0 bytes, Stack size unknown bytes, libinit.o(.ARM.Collect$$libinit$$00000000))
<BR><BR>[Called By]<UL><LI><a href="#[b3]">&gt;&gt;</a>&nbsp;&nbsp;&nbsp;__rt_entry_li
</UL>

<P><STRONG><a name="[373]"></a>__rt_lib_init_fp_1</STRONG> (Thumb, 0 bytes, Stack size unknown bytes, libinit2.o(.ARM.Collect$$libinit$$00000002))

<P><STRONG><a name="[374]"></a>__rt_lib_init_heap_1</STRONG> (Thumb, 0 bytes, Stack size unknown bytes, libinit2.o(.ARM.Collect$$libinit$$0000000A))

<P><STRONG><a name="[ac]"></a>__rt_lib_init_lc_common</STRONG> (Thumb, 0 bytes, Stack size unknown bytes, libinit2.o(.ARM.Collect$$libinit$$0000000F))
<BR><BR>[Calls]<UL><LI><a href="#[ad]">&gt;&gt;</a>&nbsp;&nbsp;&nbsp;__rt_locale
</UL>

<P><STRONG><a name="[375]"></a>__rt_lib_init_preinit_1</STRONG> (Thumb, 0 bytes, Stack size unknown bytes, libinit2.o(.ARM.Collect$$libinit$$00000004))

<P><STRONG><a name="[376]"></a>__rt_lib_init_rand_1</STRONG> (Thumb, 0 bytes, Stack size unknown bytes, libinit2.o(.ARM.Collect$$libinit$$0000000E))

<P><STRONG><a name="[377]"></a>__rt_lib_init_user_alloc_1</STRONG> (Thumb, 0 bytes, Stack size unknown bytes, libinit2.o(.ARM.Collect$$libinit$$0000000C))

<P><STRONG><a name="[378]"></a>__rt_lib_init_lc_collate_1</STRONG> (Thumb, 0 bytes, Stack size unknown bytes, libinit2.o(.ARM.Collect$$libinit$$00000011))

<P><STRONG><a name="[ae]"></a>__rt_lib_init_lc_ctype_2</STRONG> (Thumb, 0 bytes, Stack size unknown bytes, libinit2.o(.ARM.Collect$$libinit$$00000012))
<BR><BR>[Stack]<UL><LI>Max Depth = 24 + Unknown Stack Size
<LI>Call Chain = __rt_lib_init_lc_ctype_2 &rArr; _get_lc_ctype &rArr; strcmp
</UL>
<BR>[Calls]<UL><LI><a href="#[38]">&gt;&gt;</a>&nbsp;&nbsp;&nbsp;_get_lc_ctype
</UL>

<P><STRONG><a name="[379]"></a>__rt_lib_init_lc_ctype_1</STRONG> (Thumb, 0 bytes, Stack size unknown bytes, libinit2.o(.ARM.Collect$$libinit$$00000013))

<P><STRONG><a name="[37a]"></a>__rt_lib_init_lc_monetary_1</STRONG> (Thumb, 0 bytes, Stack size unknown bytes, libinit2.o(.ARM.Collect$$libinit$$00000015))

<P><STRONG><a name="[af]"></a>__rt_lib_init_lc_numeric_2</STRONG> (Thumb, 0 bytes, Stack size unknown bytes, libinit2.o(.ARM.Collect$$libinit$$00000016))
<BR><BR>[Stack]<UL><LI>Max Depth = 24 + Unknown Stack Size
<LI>Call Chain = __rt_lib_init_lc_numeric_2 &rArr; _get_lc_numeric &rArr; strcmp
</UL>
<BR>[Calls]<UL><LI><a href="#[b0]">&gt;&gt;</a>&nbsp;&nbsp;&nbsp;_get_lc_numeric
</UL>

<P><STRONG><a name="[37b]"></a>__rt_lib_init_alloca_1</STRONG> (Thumb, 0 bytes, Stack size unknown bytes, libinit2.o(.ARM.Collect$$libinit$$0000002E))

<P><STRONG><a name="[37c]"></a>__rt_lib_init_argv_1</STRONG> (Thumb, 0 bytes, Stack size unknown bytes, libinit2.o(.ARM.Collect$$libinit$$0000002C))

<P><STRONG><a name="[37d]"></a>__rt_lib_init_atexit_1</STRONG> (Thumb, 0 bytes, Stack size unknown bytes, libinit2.o(.ARM.Collect$$libinit$$0000001B))

<P><STRONG><a name="[37e]"></a>__rt_lib_init_clock_1</STRONG> (Thumb, 0 bytes, Stack size unknown bytes, libinit2.o(.ARM.Collect$$libinit$$00000021))

<P><STRONG><a name="[37f]"></a>__rt_lib_init_cpp_1</STRONG> (Thumb, 0 bytes, Stack size unknown bytes, libinit2.o(.ARM.Collect$$libinit$$00000032))

<P><STRONG><a name="[380]"></a>__rt_lib_init_exceptions_1</STRONG> (Thumb, 0 bytes, Stack size unknown bytes, libinit2.o(.ARM.Collect$$libinit$$00000030))

<P><STRONG><a name="[381]"></a>__rt_lib_init_fp_trap_1</STRONG> (Thumb, 0 bytes, Stack size unknown bytes, libinit2.o(.ARM.Collect$$libinit$$0000001F))

<P><STRONG><a name="[382]"></a>__rt_lib_init_getenv_1</STRONG> (Thumb, 0 bytes, Stack size unknown bytes, libinit2.o(.ARM.Collect$$libinit$$00000023))

<P><STRONG><a name="[383]"></a>__rt_lib_init_lc_numeric_1</STRONG> (Thumb, 0 bytes, Stack size unknown bytes, libinit2.o(.ARM.Collect$$libinit$$00000017))

<P><STRONG><a name="[384]"></a>__rt_lib_init_lc_time_1</STRONG> (Thumb, 0 bytes, Stack size unknown bytes, libinit2.o(.ARM.Collect$$libinit$$00000019))

<P><STRONG><a name="[385]"></a>__rt_lib_init_return</STRONG> (Thumb, 0 bytes, Stack size unknown bytes, libinit2.o(.ARM.Collect$$libinit$$00000033))

<P><STRONG><a name="[386]"></a>__rt_lib_init_signal_1</STRONG> (Thumb, 0 bytes, Stack size unknown bytes, libinit2.o(.ARM.Collect$$libinit$$0000001D))

<P><STRONG><a name="[387]"></a>__rt_lib_init_stdio_1</STRONG> (Thumb, 0 bytes, Stack size unknown bytes, libinit2.o(.ARM.Collect$$libinit$$00000025))

<P><STRONG><a name="[b9]"></a>__rt_lib_shutdown</STRONG> (Thumb, 0 bytes, Stack size unknown bytes, libshutdown.o(.ARM.Collect$$libshutdown$$00000000))
<BR><BR>[Called By]<UL><LI><a href="#[b8]">&gt;&gt;</a>&nbsp;&nbsp;&nbsp;__rt_exit_ls
</UL>

<P><STRONG><a name="[388]"></a>__rt_lib_shutdown_cpp_1</STRONG> (Thumb, 0 bytes, Stack size unknown bytes, libshutdown2.o(.ARM.Collect$$libshutdown$$00000002))

<P><STRONG><a name="[389]"></a>__rt_lib_shutdown_fp_trap_1</STRONG> (Thumb, 0 bytes, Stack size unknown bytes, libshutdown2.o(.ARM.Collect$$libshutdown$$00000007))

<P><STRONG><a name="[38a]"></a>__rt_lib_shutdown_heap_1</STRONG> (Thumb, 0 bytes, Stack size unknown bytes, libshutdown2.o(.ARM.Collect$$libshutdown$$0000000F))

<P><STRONG><a name="[38b]"></a>__rt_lib_shutdown_return</STRONG> (Thumb, 0 bytes, Stack size unknown bytes, libshutdown2.o(.ARM.Collect$$libshutdown$$00000010))

<P><STRONG><a name="[38c]"></a>__rt_lib_shutdown_signal_1</STRONG> (Thumb, 0 bytes, Stack size unknown bytes, libshutdown2.o(.ARM.Collect$$libshutdown$$0000000A))

<P><STRONG><a name="[38d]"></a>__rt_lib_shutdown_stdio_1</STRONG> (Thumb, 0 bytes, Stack size unknown bytes, libshutdown2.o(.ARM.Collect$$libshutdown$$00000004))

<P><STRONG><a name="[38e]"></a>__rt_lib_shutdown_user_alloc_1</STRONG> (Thumb, 0 bytes, Stack size unknown bytes, libshutdown2.o(.ARM.Collect$$libshutdown$$0000000C))

<P><STRONG><a name="[85]"></a>__rt_entry</STRONG> (Thumb, 0 bytes, Stack size unknown bytes, __rtentry.o(.ARM.Collect$$rtentry$$00000000))
<BR><BR>[Called By]<UL><LI><a href="#[82]">&gt;&gt;</a>&nbsp;&nbsp;&nbsp;__main
<LI><a href="#[86]">&gt;&gt;</a>&nbsp;&nbsp;&nbsp;__scatterload_rt2
</UL>

<P><STRONG><a name="[38f]"></a>__rt_entry_presh_1</STRONG> (Thumb, 0 bytes, Stack size unknown bytes, __rtentry2.o(.ARM.Collect$$rtentry$$00000002))

<P><STRONG><a name="[b1]"></a>__rt_entry_sh</STRONG> (Thumb, 0 bytes, Stack size unknown bytes, __rtentry4.o(.ARM.Collect$$rtentry$$00000004))
<BR><BR>[Stack]<UL><LI>Max Depth = 8 + Unknown Stack Size
<LI>Call Chain = __rt_entry_sh &rArr; __user_setup_stackheap
</UL>
<BR>[Calls]<UL><LI><a href="#[b2]">&gt;&gt;</a>&nbsp;&nbsp;&nbsp;__user_setup_stackheap
</UL>

<P><STRONG><a name="[b3]"></a>__rt_entry_li</STRONG> (Thumb, 0 bytes, Stack size unknown bytes, __rtentry2.o(.ARM.Collect$$rtentry$$0000000A))
<BR><BR>[Calls]<UL><LI><a href="#[b4]">&gt;&gt;</a>&nbsp;&nbsp;&nbsp;__rt_lib_init
</UL>

<P><STRONG><a name="[390]"></a>__rt_entry_postsh_1</STRONG> (Thumb, 0 bytes, Stack size unknown bytes, __rtentry2.o(.ARM.Collect$$rtentry$$00000009))

<P><STRONG><a name="[b5]"></a>__rt_entry_main</STRONG> (Thumb, 0 bytes, Stack size unknown bytes, __rtentry2.o(.ARM.Collect$$rtentry$$0000000D))
<BR><BR>[Stack]<UL><LI>Max Depth = 480 + Unknown Stack Size
<LI>Call Chain = __rt_entry_main &rArr; main &rArr; gap_advertisements_set_params &rArr; hci_le_advertisements_set_params &rArr; gap_advertisments_changed &rArr; hci_run &rArr; hci_initializing_run &rArr; hci_send_cmd &rArr; hci_send_cmd_va_arg &rArr; hci_emit_transport_packet_sent &rArr; hci_emit_event &rArr; hci_dump_packet &rArr; printf_packet &rArr; printf_hexdump &rArr; __2printf &rArr; _printf_char_file &rArr; _printf_char_common &rArr; __printf
</UL>
<BR>[Calls]<UL><LI><a href="#[b6]">&gt;&gt;</a>&nbsp;&nbsp;&nbsp;main
<LI><a href="#[b7]">&gt;&gt;</a>&nbsp;&nbsp;&nbsp;exit
</UL>

<P><STRONG><a name="[391]"></a>__rt_entry_postli_1</STRONG> (Thumb, 0 bytes, Stack size unknown bytes, __rtentry2.o(.ARM.Collect$$rtentry$$0000000C))

<P><STRONG><a name="[ec]"></a>__rt_exit</STRONG> (Thumb, 0 bytes, Stack size unknown bytes, rtexit.o(.ARM.Collect$$rtexit$$00000000))
<BR><BR>[Called By]<UL><LI><a href="#[b7]">&gt;&gt;</a>&nbsp;&nbsp;&nbsp;exit
</UL>

<P><STRONG><a name="[b8]"></a>__rt_exit_ls</STRONG> (Thumb, 0 bytes, Stack size unknown bytes, rtexit2.o(.ARM.Collect$$rtexit$$00000003))
<BR><BR>[Calls]<UL><LI><a href="#[b9]">&gt;&gt;</a>&nbsp;&nbsp;&nbsp;__rt_lib_shutdown
</UL>

<P><STRONG><a name="[392]"></a>__rt_exit_prels_1</STRONG> (Thumb, 0 bytes, Stack size unknown bytes, rtexit2.o(.ARM.Collect$$rtexit$$00000002))

<P><STRONG><a name="[ba]"></a>__rt_exit_exit</STRONG> (Thumb, 0 bytes, Stack size unknown bytes, rtexit2.o(.ARM.Collect$$rtexit$$00000004))
<BR><BR>[Calls]<UL><LI><a href="#[bb]">&gt;&gt;</a>&nbsp;&nbsp;&nbsp;_sys_exit
</UL>

<P><STRONG><a name="[cb]"></a>__aeabi_memcpy4</STRONG> (Thumb, 56 bytes, Stack size 0 bytes, rt_memcpy.o(.emb_text))
<BR><BR>[Called By]<UL><LI><a href="#[183]">&gt;&gt;</a>&nbsp;&nbsp;&nbsp;LEll_Decode_Advertising_ChannelPDU
<LI><a href="#[ca]">&gt;&gt;</a>&nbsp;&nbsp;&nbsp;__aeabi_memcpy
</UL>

<P><STRONG><a name="[393]"></a>__aeabi_memcpy8</STRONG> (Thumb, 0 bytes, Stack size 0 bytes, rt_memcpy.o(.emb_text), UNUSED)

<P><STRONG><a name="[16]"></a>Reset_Handler</STRONG> (Thumb, 14 bytes, Stack size 0 bytes, startup_xinc.o(.text))
<BR>[Address Reference Count : 1]<UL><LI> startup_xinc.o(RESET)
</UL>
<P><STRONG><a name="[17]"></a>NMI_Handler</STRONG> (Thumb, 2 bytes, Stack size 0 bytes, startup_xinc.o(.text))
<BR><BR>[Calls]<UL><LI><a href="#[17]">&gt;&gt;</a>&nbsp;&nbsp;&nbsp;NMI_Handler
</UL>
<BR>[Called By]<UL><LI><a href="#[17]">&gt;&gt;</a>&nbsp;&nbsp;&nbsp;NMI_Handler
</UL>
<BR>[Address Reference Count : 1]<UL><LI> startup_xinc.o(RESET)
</UL>
<P><STRONG><a name="[18]"></a>HardFault_Handler</STRONG> (Thumb, 2 bytes, Stack size 0 bytes, startup_xinc.o(.text))
<BR><BR>[Calls]<UL><LI><a href="#[18]">&gt;&gt;</a>&nbsp;&nbsp;&nbsp;HardFault_Handler
</UL>
<BR>[Called By]<UL><LI><a href="#[18]">&gt;&gt;</a>&nbsp;&nbsp;&nbsp;HardFault_Handler
</UL>
<BR>[Address Reference Count : 1]<UL><LI> startup_xinc.o(RESET)
</UL>
<P><STRONG><a name="[19]"></a>MemManage_Handler</STRONG> (Thumb, 2 bytes, Stack size 0 bytes, startup_xinc.o(.text))
<BR><BR>[Calls]<UL><LI><a href="#[19]">&gt;&gt;</a>&nbsp;&nbsp;&nbsp;MemManage_Handler
</UL>
<BR>[Called By]<UL><LI><a href="#[19]">&gt;&gt;</a>&nbsp;&nbsp;&nbsp;MemManage_Handler
</UL>
<BR>[Address Reference Count : 1]<UL><LI> startup_xinc.o(RESET)
</UL>
<P><STRONG><a name="[1a]"></a>BusFault_Handler</STRONG> (Thumb, 2 bytes, Stack size 0 bytes, startup_xinc.o(.text))
<BR><BR>[Calls]<UL><LI><a href="#[1a]">&gt;&gt;</a>&nbsp;&nbsp;&nbsp;BusFault_Handler
</UL>
<BR>[Called By]<UL><LI><a href="#[1a]">&gt;&gt;</a>&nbsp;&nbsp;&nbsp;BusFault_Handler
</UL>
<BR>[Address Reference Count : 1]<UL><LI> startup_xinc.o(RESET)
</UL>
<P><STRONG><a name="[1b]"></a>UsageFault_Handler</STRONG> (Thumb, 2 bytes, Stack size 0 bytes, startup_xinc.o(.text))
<BR><BR>[Calls]<UL><LI><a href="#[1b]">&gt;&gt;</a>&nbsp;&nbsp;&nbsp;UsageFault_Handler
</UL>
<BR>[Called By]<UL><LI><a href="#[1b]">&gt;&gt;</a>&nbsp;&nbsp;&nbsp;UsageFault_Handler
</UL>
<BR>[Address Reference Count : 1]<UL><LI> startup_xinc.o(RESET)
</UL>
<P><STRONG><a name="[1c]"></a>SVC_Handler</STRONG> (Thumb, 2 bytes, Stack size 0 bytes, startup_xinc.o(.text))
<BR><BR>[Calls]<UL><LI><a href="#[1c]">&gt;&gt;</a>&nbsp;&nbsp;&nbsp;SVC_Handler
</UL>
<BR>[Called By]<UL><LI><a href="#[1c]">&gt;&gt;</a>&nbsp;&nbsp;&nbsp;SVC_Handler
</UL>
<BR>[Address Reference Count : 1]<UL><LI> startup_xinc.o(RESET)
</UL>
<P><STRONG><a name="[1d]"></a>DebugMon_Handler</STRONG> (Thumb, 2 bytes, Stack size 0 bytes, startup_xinc.o(.text))
<BR><BR>[Calls]<UL><LI><a href="#[1d]">&gt;&gt;</a>&nbsp;&nbsp;&nbsp;DebugMon_Handler
</UL>
<BR>[Called By]<UL><LI><a href="#[1d]">&gt;&gt;</a>&nbsp;&nbsp;&nbsp;DebugMon_Handler
</UL>
<BR>[Address Reference Count : 1]<UL><LI> startup_xinc.o(RESET)
</UL>
<P><STRONG><a name="[33]"></a>AES_Handler</STRONG> (Thumb, 0 bytes, Stack size 0 bytes, startup_xinc.o(.text))
<BR><BR>[Calls]<UL><LI><a href="#[33]">&gt;&gt;</a>&nbsp;&nbsp;&nbsp;AES_Handler
</UL>
<BR>[Called By]<UL><LI><a href="#[33]">&gt;&gt;</a>&nbsp;&nbsp;&nbsp;AES_Handler
</UL>
<BR>[Address Reference Count : 1]<UL><LI> startup_xinc.o(RESET)
</UL>
<P><STRONG><a name="[22]"></a>CPR_Handler</STRONG> (Thumb, 0 bytes, Stack size 0 bytes, startup_xinc.o(.text))
<BR>[Address Reference Count : 1]<UL><LI> startup_xinc.o(RESET)
</UL>
<P><STRONG><a name="[21]"></a>DMAS_Handler</STRONG> (Thumb, 0 bytes, Stack size 0 bytes, startup_xinc.o(.text))
<BR>[Address Reference Count : 1]<UL><LI> startup_xinc.o(RESET)
</UL>
<P><STRONG><a name="[31]"></a>GADC_Handler</STRONG> (Thumb, 0 bytes, Stack size 0 bytes, startup_xinc.o(.text))
<BR>[Address Reference Count : 1]<UL><LI> startup_xinc.o(RESET)
</UL>
<P><STRONG><a name="[2a]"></a>I2C_Handler</STRONG> (Thumb, 0 bytes, Stack size 0 bytes, startup_xinc.o(.text))
<BR>[Address Reference Count : 1]<UL><LI> startup_xinc.o(RESET)
</UL>
<P><STRONG><a name="[2f]"></a>KBS_Handler</STRONG> (Thumb, 0 bytes, Stack size 0 bytes, startup_xinc.o(.text))
<BR>[Address Reference Count : 1]<UL><LI> startup_xinc.o(RESET)
</UL>
<P><STRONG><a name="[1e]"></a>PendSV_Handler</STRONG> (Thumb, 0 bytes, Stack size 0 bytes, startup_xinc.o(.text))
<BR>[Address Reference Count : 1]<UL><LI> startup_xinc.o(RESET)
</UL>
<P><STRONG><a name="[30]"></a>QDEC_Handler</STRONG> (Thumb, 0 bytes, Stack size 0 bytes, startup_xinc.o(.text))
<BR>[Address Reference Count : 1]<UL><LI> startup_xinc.o(RESET)
</UL>
<P><STRONG><a name="[24]"></a>RTC_Handler</STRONG> (Thumb, 0 bytes, Stack size 0 bytes, startup_xinc.o(.text))
<BR>[Address Reference Count : 1]<UL><LI> startup_xinc.o(RESET)
</UL>
<P><STRONG><a name="[32]"></a>SIM_Handler</STRONG> (Thumb, 0 bytes, Stack size 0 bytes, startup_xinc.o(.text))
<BR>[Address Reference Count : 1]<UL><LI> startup_xinc.o(RESET)
</UL>
<P><STRONG><a name="[2d]"></a>SPI0_Handler</STRONG> (Thumb, 0 bytes, Stack size 0 bytes, startup_xinc.o(.text))
<BR>[Address Reference Count : 1]<UL><LI> startup_xinc.o(RESET)
</UL>
<P><STRONG><a name="[2e]"></a>SPI1_Handler</STRONG> (Thumb, 0 bytes, Stack size 0 bytes, startup_xinc.o(.text))
<BR>[Address Reference Count : 1]<UL><LI> startup_xinc.o(RESET)
</UL>
<P><STRONG><a name="[25]"></a>TIMER0_Handler</STRONG> (Thumb, 0 bytes, Stack size 0 bytes, startup_xinc.o(.text))
<BR>[Address Reference Count : 1]<UL><LI> startup_xinc.o(RESET)
</UL>
<P><STRONG><a name="[26]"></a>TIMER1_Handler</STRONG> (Thumb, 0 bytes, Stack size 0 bytes, startup_xinc.o(.text))
<BR>[Address Reference Count : 1]<UL><LI> startup_xinc.o(RESET)
</UL>
<P><STRONG><a name="[27]"></a>TIMER2_Handler</STRONG> (Thumb, 0 bytes, Stack size 0 bytes, startup_xinc.o(.text))
<BR>[Address Reference Count : 1]<UL><LI> startup_xinc.o(RESET)
</UL>
<P><STRONG><a name="[28]"></a>TIMER3_Handler</STRONG> (Thumb, 0 bytes, Stack size 0 bytes, startup_xinc.o(.text))
<BR>[Address Reference Count : 1]<UL><LI> startup_xinc.o(RESET)
</UL>
<P><STRONG><a name="[29]"></a>WDT_Handler</STRONG> (Thumb, 0 bytes, Stack size 0 bytes, startup_xinc.o(.text))
<BR>[Address Reference Count : 1]<UL><LI> startup_xinc.o(RESET)
</UL>
<P><STRONG><a name="[e5]"></a>__user_initial_stackheap</STRONG> (Thumb, 0 bytes, Stack size unknown bytes, startup_xinc.o(.text))
<BR><BR>[Called By]<UL><LI><a href="#[b2]">&gt;&gt;</a>&nbsp;&nbsp;&nbsp;__user_setup_stackheap
</UL>

<P><STRONG><a name="[394]"></a>__I$use$semihosting</STRONG> (Thumb, 0 bytes, Stack size 0 bytes, use_no_semi.o(.text), UNUSED)

<P><STRONG><a name="[395]"></a>__use_no_semihosting_swi</STRONG> (Thumb, 2 bytes, Stack size 0 bytes, use_no_semi.o(.text), UNUSED)

<P><STRONG><a name="[13b]"></a>__aeabi_uldivmod</STRONG> (Thumb, 258 bytes, Stack size 32 bytes, lludiv.o(.text))
<BR><BR>[Stack]<UL><LI>Max Depth = 32<LI>Call Chain = __aeabi_uldivmod
</UL>
<BR>[Called By]<UL><LI><a href="#[f8]">&gt;&gt;</a>&nbsp;&nbsp;&nbsp;HWdelay_Calibrate
</UL>

<P><STRONG><a name="[396]"></a>_ll_udiv</STRONG> (Thumb, 0 bytes, Stack size 32 bytes, lludiv.o(.text), UNUSED)

<P><STRONG><a name="[bc]"></a>vprintf</STRONG> (Thumb, 12 bytes, Stack size 8 bytes, vprintf.o(.text))
<BR><BR>[Stack]<UL><LI>Max Depth = 120 + Unknown Stack Size
<LI>Call Chain = vprintf &rArr; _printf_char_file &rArr; _printf_char_common &rArr; __printf
</UL>
<BR>[Calls]<UL><LI><a href="#[bd]">&gt;&gt;</a>&nbsp;&nbsp;&nbsp;_printf_char_file
</UL>
<BR>[Called By]<UL><LI><a href="#[308]">&gt;&gt;</a>&nbsp;&nbsp;&nbsp;hci_dump_log_va_arg
</UL>

<P><STRONG><a name="[be]"></a>__2printf</STRONG> (Thumb, 22 bytes, Stack size 24 bytes, __2printf.o(.text))
<BR><BR>[Stack]<UL><LI>Max Depth = 136 + Unknown Stack Size
<LI>Call Chain = __2printf &rArr; _printf_char_file &rArr; _printf_char_common &rArr; __printf
</UL>
<BR>[Calls]<UL><LI><a href="#[bd]">&gt;&gt;</a>&nbsp;&nbsp;&nbsp;_printf_char_file
</UL>
<BR>[Called By]<UL><LI><a href="#[4c]">&gt;&gt;</a>&nbsp;&nbsp;&nbsp;packet_handler
<LI><a href="#[69]">&gt;&gt;</a>&nbsp;&nbsp;&nbsp;att_write_callback
<LI><a href="#[68]">&gt;&gt;</a>&nbsp;&nbsp;&nbsp;att_read_callback
<LI><a href="#[1e9]">&gt;&gt;</a>&nbsp;&nbsp;&nbsp;retarget_init
<LI><a href="#[33c]">&gt;&gt;</a>&nbsp;&nbsp;&nbsp;printf_hexdump
<LI><a href="#[23]">&gt;&gt;</a>&nbsp;&nbsp;&nbsp;GPIO_Handler
<LI><a href="#[308]">&gt;&gt;</a>&nbsp;&nbsp;&nbsp;hci_dump_log_va_arg
<LI><a href="#[309]">&gt;&gt;</a>&nbsp;&nbsp;&nbsp;printf_timestamp
<LI><a href="#[30b]">&gt;&gt;</a>&nbsp;&nbsp;&nbsp;printf_packet
</UL>

<P><STRONG><a name="[c0]"></a>_printf_pre_padding</STRONG> (Thumb, 44 bytes, Stack size 16 bytes, _printf_pad.o(.text))
<BR><BR>[Stack]<UL><LI>Max Depth = 16<LI>Call Chain = _printf_pre_padding
</UL>
<BR>[Called By]<UL><LI><a href="#[df]">&gt;&gt;</a>&nbsp;&nbsp;&nbsp;_printf_fp_infnan
<LI><a href="#[67]">&gt;&gt;</a>&nbsp;&nbsp;&nbsp;_printf_fp_hex_real
<LI><a href="#[66]">&gt;&gt;</a>&nbsp;&nbsp;&nbsp;_printf_fp_dec_real
<LI><a href="#[d5]">&gt;&gt;</a>&nbsp;&nbsp;&nbsp;_printf_wctomb
<LI><a href="#[c5]">&gt;&gt;</a>&nbsp;&nbsp;&nbsp;_printf_int_common
<LI><a href="#[bf]">&gt;&gt;</a>&nbsp;&nbsp;&nbsp;_printf_str
</UL>

<P><STRONG><a name="[c1]"></a>_printf_post_padding</STRONG> (Thumb, 34 bytes, Stack size 16 bytes, _printf_pad.o(.text))
<BR><BR>[Stack]<UL><LI>Max Depth = 16<LI>Call Chain = _printf_post_padding
</UL>
<BR>[Called By]<UL><LI><a href="#[df]">&gt;&gt;</a>&nbsp;&nbsp;&nbsp;_printf_fp_infnan
<LI><a href="#[67]">&gt;&gt;</a>&nbsp;&nbsp;&nbsp;_printf_fp_hex_real
<LI><a href="#[66]">&gt;&gt;</a>&nbsp;&nbsp;&nbsp;_printf_fp_dec_real
<LI><a href="#[d5]">&gt;&gt;</a>&nbsp;&nbsp;&nbsp;_printf_wctomb
<LI><a href="#[c5]">&gt;&gt;</a>&nbsp;&nbsp;&nbsp;_printf_int_common
<LI><a href="#[bf]">&gt;&gt;</a>&nbsp;&nbsp;&nbsp;_printf_str
</UL>

<P><STRONG><a name="[bf]"></a>_printf_str</STRONG> (Thumb, 82 bytes, Stack size 16 bytes, _printf_str.o(.text))
<BR><BR>[Stack]<UL><LI>Max Depth = 32<LI>Call Chain = _printf_str &rArr; _printf_post_padding
</UL>
<BR>[Calls]<UL><LI><a href="#[c1]">&gt;&gt;</a>&nbsp;&nbsp;&nbsp;_printf_post_padding
<LI><a href="#[c0]">&gt;&gt;</a>&nbsp;&nbsp;&nbsp;_printf_pre_padding
</UL>
<BR>[Called By]<UL><LI><a href="#[d1]">&gt;&gt;</a>&nbsp;&nbsp;&nbsp;_printf_cs_common
</UL>

<P><STRONG><a name="[94]"></a>_printf_int_dec</STRONG> (Thumb, 90 bytes, Stack size 32 bytes, _printf_dec.o(.text))
<BR><BR>[Stack]<UL><LI>Max Depth = 88<LI>Call Chain = _printf_int_dec &rArr; _printf_int_common &rArr; _printf_post_padding
</UL>
<BR>[Calls]<UL><LI><a href="#[c4]">&gt;&gt;</a>&nbsp;&nbsp;&nbsp;__rt_udiv10
<LI><a href="#[c5]">&gt;&gt;</a>&nbsp;&nbsp;&nbsp;_printf_int_common
<LI><a href="#[c3]">&gt;&gt;</a>&nbsp;&nbsp;&nbsp;_printf_truncate_unsigned
<LI><a href="#[c2]">&gt;&gt;</a>&nbsp;&nbsp;&nbsp;_printf_truncate_signed
</UL>
<BR>[Called By]<UL><LI><a href="#[93]">&gt;&gt;</a>&nbsp;&nbsp;&nbsp;_printf_d
<LI><a href="#[92]">&gt;&gt;</a>&nbsp;&nbsp;&nbsp;_printf_i
<LI><a href="#[95]">&gt;&gt;</a>&nbsp;&nbsp;&nbsp;_printf_u
</UL>

<P><STRONG><a name="[c6]"></a>_printf_longlong_hex</STRONG> (Thumb, 88 bytes, Stack size 24 bytes, _printf_hex_int_ll_ptr.o(.text))
<BR><BR>[Stack]<UL><LI>Max Depth = 80<LI>Call Chain = _printf_longlong_hex &rArr; _printf_int_common &rArr; _printf_post_padding
</UL>
<BR>[Calls]<UL><LI><a href="#[c5]">&gt;&gt;</a>&nbsp;&nbsp;&nbsp;_printf_int_common
</UL>
<BR>[Called By]<UL><LI><a href="#[8b]">&gt;&gt;</a>&nbsp;&nbsp;&nbsp;_printf_hex_ptr
<LI><a href="#[a2]">&gt;&gt;</a>&nbsp;&nbsp;&nbsp;_printf_ll_hex
<LI><a href="#[9a]">&gt;&gt;</a>&nbsp;&nbsp;&nbsp;_printf_int_hex
</UL>

<P><STRONG><a name="[9a]"></a>_printf_int_hex</STRONG> (Thumb, 28 bytes, Stack size 16 bytes, _printf_hex_int_ll_ptr.o(.text))
<BR><BR>[Stack]<UL><LI>Max Depth = 96<LI>Call Chain = _printf_int_hex &rArr; _printf_longlong_hex &rArr; _printf_int_common &rArr; _printf_post_padding
</UL>
<BR>[Calls]<UL><LI><a href="#[c3]">&gt;&gt;</a>&nbsp;&nbsp;&nbsp;_printf_truncate_unsigned
<LI><a href="#[c6]">&gt;&gt;</a>&nbsp;&nbsp;&nbsp;_printf_longlong_hex
</UL>
<BR>[Called By]<UL><LI><a href="#[97]">&gt;&gt;</a>&nbsp;&nbsp;&nbsp;_printf_x
</UL>

<P><STRONG><a name="[a2]"></a>_printf_ll_hex</STRONG> (Thumb, 10 bytes, Stack size 0 bytes, _printf_hex_int_ll_ptr.o(.text))
<BR><BR>[Stack]<UL><LI>Max Depth = 80<LI>Call Chain = _printf_ll_hex &rArr; _printf_longlong_hex &rArr; _printf_int_common &rArr; _printf_post_padding
</UL>
<BR>[Calls]<UL><LI><a href="#[c6]">&gt;&gt;</a>&nbsp;&nbsp;&nbsp;_printf_longlong_hex
</UL>
<BR>[Called By]<UL><LI><a href="#[9f]">&gt;&gt;</a>&nbsp;&nbsp;&nbsp;_printf_llx
</UL>

<P><STRONG><a name="[8b]"></a>_printf_hex_ptr</STRONG> (Thumb, 22 bytes, Stack size 8 bytes, _printf_hex_int_ll_ptr.o(.text))
<BR><BR>[Stack]<UL><LI>Max Depth = 88<LI>Call Chain = _printf_hex_ptr &rArr; _printf_longlong_hex &rArr; _printf_int_common &rArr; _printf_post_padding
</UL>
<BR>[Calls]<UL><LI><a href="#[c6]">&gt;&gt;</a>&nbsp;&nbsp;&nbsp;_printf_longlong_hex
</UL>
<BR>[Called By]<UL><LI><a href="#[88]">&gt;&gt;</a>&nbsp;&nbsp;&nbsp;_printf_p
</UL>

<P><STRONG><a name="[c7]"></a>__printf</STRONG> (Thumb, 386 bytes, Stack size 32 bytes, __printf_flags_ss_wp.o(.text))
<BR><BR>[Stack]<UL><LI>Max Depth = 32 + Unknown Stack Size
<LI>Call Chain = __printf
</UL>
<BR>[Calls]<UL><LI><a href="#[c9]">&gt;&gt;</a>&nbsp;&nbsp;&nbsp;_printf_percent
<LI><a href="#[c8]">&gt;&gt;</a>&nbsp;&nbsp;&nbsp;_is_digit
</UL>
<BR>[Called By]<UL><LI><a href="#[d3]">&gt;&gt;</a>&nbsp;&nbsp;&nbsp;_printf_char_common
</UL>

<P><STRONG><a name="[243]"></a>memcmp</STRONG> (Thumb, 90 bytes, Stack size 8 bytes, memcmp.o(.text))
<BR><BR>[Stack]<UL><LI>Max Depth = 8<LI>Call Chain = memcmp
</UL>
<BR>[Called By]<UL><LI><a href="#[2e5]">&gt;&gt;</a>&nbsp;&nbsp;&nbsp;report_gatt_characteristics
<LI><a href="#[2ef]">&gt;&gt;</a>&nbsp;&nbsp;&nbsp;is_value_valid
<LI><a href="#[2cb]">&gt;&gt;</a>&nbsp;&nbsp;&nbsp;hci_connection_for_bd_addr_and_type
<LI><a href="#[31b]">&gt;&gt;</a>&nbsp;&nbsp;&nbsp;hci_replace_bd_addr_placeholder
<LI><a href="#[355]">&gt;&gt;</a>&nbsp;&nbsp;&nbsp;sm_run
<LI><a href="#[35d]">&gt;&gt;</a>&nbsp;&nbsp;&nbsp;sm_key_distribution_handle_all_received
<LI><a href="#[51]">&gt;&gt;</a>&nbsp;&nbsp;&nbsp;sm_handle_encryption_result_enc_d
<LI><a href="#[5e]">&gt;&gt;</a>&nbsp;&nbsp;&nbsp;sm_handle_encryption_result_address_resolution
<LI><a href="#[245]">&gt;&gt;</a>&nbsp;&nbsp;&nbsp;is_Bluetooth_Base_UUID
<LI><a href="#[235]">&gt;&gt;</a>&nbsp;&nbsp;&nbsp;handle_find_by_type_value_request2
<LI><a href="#[242]">&gt;&gt;</a>&nbsp;&nbsp;&nbsp;att_iterator_match_uuid
</UL>

<P><STRONG><a name="[307]"></a>strlen</STRONG> (Thumb, 62 bytes, Stack size 12 bytes, strlen.o(.text))
<BR><BR>[Stack]<UL><LI>Max Depth = 12<LI>Call Chain = strlen
</UL>
<BR>[Called By]<UL><LI><a href="#[275]">&gt;&gt;</a>&nbsp;&nbsp;&nbsp;wbit
<LI><a href="#[306]">&gt;&gt;</a>&nbsp;&nbsp;&nbsp;hci_cmd_create_from_template
</UL>

<P><STRONG><a name="[ca]"></a>__aeabi_memcpy</STRONG> (Thumb, 130 bytes, Stack size 24 bytes, rt_memcpy.o(.text))
<BR><BR>[Stack]<UL><LI>Max Depth = 24<LI>Call Chain = __aeabi_memcpy
</UL>
<BR>[Calls]<UL><LI><a href="#[cb]">&gt;&gt;</a>&nbsp;&nbsp;&nbsp;__aeabi_memcpy4
</UL>
<BR>[Called By]<UL><LI><a href="#[2fa]">&gt;&gt;</a>&nbsp;&nbsp;&nbsp;send_gatt_prepare_write_request
<LI><a href="#[269]">&gt;&gt;</a>&nbsp;&nbsp;&nbsp;att_write_request
<LI><a href="#[22f]">&gt;&gt;</a>&nbsp;&nbsp;&nbsp;att_find_by_type_value_request
<LI><a href="#[68]">&gt;&gt;</a>&nbsp;&nbsp;&nbsp;att_read_callback
<LI><a href="#[2cd]">&gt;&gt;</a>&nbsp;&nbsp;&nbsp;gap_get_connection_parameter_range
<LI><a href="#[20c]">&gt;&gt;</a>&nbsp;&nbsp;&nbsp;hci_run
<LI><a href="#[31b]">&gt;&gt;</a>&nbsp;&nbsp;&nbsp;hci_replace_bd_addr_placeholder
<LI><a href="#[2c3]">&gt;&gt;</a>&nbsp;&nbsp;&nbsp;event_handler
<LI><a href="#[206]">&gt;&gt;</a>&nbsp;&nbsp;&nbsp;acl_handler
<LI><a href="#[26a]">&gt;&gt;</a>&nbsp;&nbsp;&nbsp;bd_addr_copy
<LI><a href="#[334]">&gt;&gt;</a>&nbsp;&nbsp;&nbsp;le_device_db_info
<LI><a href="#[333]">&gt;&gt;</a>&nbsp;&nbsp;&nbsp;le_device_db_encryption_set
<LI><a href="#[332]">&gt;&gt;</a>&nbsp;&nbsp;&nbsp;le_device_db_add
<LI><a href="#[330]">&gt;&gt;</a>&nbsp;&nbsp;&nbsp;l2cap_send_connectionless
<LI><a href="#[2da]">&gt;&gt;</a>&nbsp;&nbsp;&nbsp;hci_le_advertisements_set_params
<LI><a href="#[2dd]">&gt;&gt;</a>&nbsp;&nbsp;&nbsp;gap_local_bd_addr
<LI><a href="#[2dc]">&gt;&gt;</a>&nbsp;&nbsp;&nbsp;gap_le_get_own_address
<LI><a href="#[366]">&gt;&gt;</a>&nbsp;&nbsp;&nbsp;sm_start_calculating_ltk_from_ediv_and_rand
<LI><a href="#[355]">&gt;&gt;</a>&nbsp;&nbsp;&nbsp;sm_run
<LI><a href="#[58]">&gt;&gt;</a>&nbsp;&nbsp;&nbsp;sm_pdu_handler
<LI><a href="#[359]">&gt;&gt;</a>&nbsp;&nbsp;&nbsp;sm_init_setup
<LI><a href="#[5d]">&gt;&gt;</a>&nbsp;&nbsp;&nbsp;sm_handle_encryption_result_rau
<LI><a href="#[34e]">&gt;&gt;</a>&nbsp;&nbsp;&nbsp;sm_dm_r_prime
<LI><a href="#[34b]">&gt;&gt;</a>&nbsp;&nbsp;&nbsp;sm_c1_t3
<LI><a href="#[349]">&gt;&gt;</a>&nbsp;&nbsp;&nbsp;sm_ah_r_prime
<LI><a href="#[348]">&gt;&gt;</a>&nbsp;&nbsp;&nbsp;sm_address_resolution_start_lookup
<LI><a href="#[3c]">&gt;&gt;</a>&nbsp;&nbsp;&nbsp;att_packet_handler
<LI><a href="#[2e4]">&gt;&gt;</a>&nbsp;&nbsp;&nbsp;uuid_add_bluetooth_prefix
<LI><a href="#[327]">&gt;&gt;</a>&nbsp;&nbsp;&nbsp;l2cap_create_signaling_internal
<LI><a href="#[287]">&gt;&gt;</a>&nbsp;&nbsp;&nbsp;btstack_crypto_run
<LI><a href="#[40]">&gt;&gt;</a>&nbsp;&nbsp;&nbsp;btstack_crypto_event_handler
<LI><a href="#[29a]">&gt;&gt;</a>&nbsp;&nbsp;&nbsp;btstack_crypto_cmac_start
<LI><a href="#[296]">&gt;&gt;</a>&nbsp;&nbsp;&nbsp;btstack_crypto_cmac_handle_encryption_result
<LI><a href="#[292]">&gt;&gt;</a>&nbsp;&nbsp;&nbsp;btstack_crypto_ccm_setup_a_i
<LI><a href="#[24b]">&gt;&gt;</a>&nbsp;&nbsp;&nbsp;prepare_handle_value
<LI><a href="#[23a]">&gt;&gt;</a>&nbsp;&nbsp;&nbsp;handle_read_by_group_type_request2
<LI><a href="#[23c]">&gt;&gt;</a>&nbsp;&nbsp;&nbsp;handle_prepare_write_request
<LI><a href="#[234]">&gt;&gt;</a>&nbsp;&nbsp;&nbsp;handle_find_information_request2
<LI><a href="#[20d]">&gt;&gt;</a>&nbsp;&nbsp;&nbsp;att_copy_value
<LI><a href="#[325]">&gt;&gt;</a>&nbsp;&nbsp;&nbsp;l2cap_le_signaling_handler_dispatch
<LI><a href="#[323]">&gt;&gt;</a>&nbsp;&nbsp;&nbsp;l2cap_run
<LI><a href="#[306]">&gt;&gt;</a>&nbsp;&nbsp;&nbsp;hci_cmd_create_from_template
<LI><a href="#[79]">&gt;&gt;</a>&nbsp;&nbsp;&nbsp;hci_transport_ram_send_packet
<LI><a href="#[49]">&gt;&gt;</a>&nbsp;&nbsp;&nbsp;hci_transport_ram_receive_packet
</UL>

<P><STRONG><a name="[397]"></a>__rt_memcpy</STRONG> (Thumb, 0 bytes, Stack size 24 bytes, rt_memcpy.o(.text), UNUSED)

<P><STRONG><a name="[cc]"></a>__aeabi_memset</STRONG> (Thumb, 18 bytes, Stack size 8 bytes, aeabi_memset.o(.text))
<BR><BR>[Stack]<UL><LI>Max Depth = 8<LI>Call Chain = __aeabi_memset
</UL>
<BR>[Calls]<UL><LI><a href="#[cd]">&gt;&gt;</a>&nbsp;&nbsp;&nbsp;_memset
</UL>
<BR>[Called By]<UL><LI><a href="#[355]">&gt;&gt;</a>&nbsp;&nbsp;&nbsp;sm_run
</UL>

<P><STRONG><a name="[ce]"></a>_memset_w</STRONG> (Thumb, 26 bytes, Stack size 0 bytes, rt_memclr.o(.text))
<BR><BR>[Called By]<UL><LI><a href="#[d0]">&gt;&gt;</a>&nbsp;&nbsp;&nbsp;__rt_memclr_w
<LI><a href="#[cd]">&gt;&gt;</a>&nbsp;&nbsp;&nbsp;_memset
</UL>

<P><STRONG><a name="[cd]"></a>_memset</STRONG> (Thumb, 30 bytes, Stack size 0 bytes, rt_memclr.o(.text))
<BR><BR>[Calls]<UL><LI><a href="#[ce]">&gt;&gt;</a>&nbsp;&nbsp;&nbsp;_memset_w
</UL>
<BR>[Called By]<UL><LI><a href="#[cf]">&gt;&gt;</a>&nbsp;&nbsp;&nbsp;__aeabi_memclr
<LI><a href="#[cc]">&gt;&gt;</a>&nbsp;&nbsp;&nbsp;__aeabi_memset
</UL>

<P><STRONG><a name="[cf]"></a>__aeabi_memclr</STRONG> (Thumb, 4 bytes, Stack size 0 bytes, rt_memclr.o(.text))
<BR><BR>[Calls]<UL><LI><a href="#[cd]">&gt;&gt;</a>&nbsp;&nbsp;&nbsp;_memset
</UL>
<BR>[Called By]<UL><LI><a href="#[343]">&gt;&gt;</a>&nbsp;&nbsp;&nbsp;spi_flash_Read_128bitsID
<LI><a href="#[312]">&gt;&gt;</a>&nbsp;&nbsp;&nbsp;hci_state_reset
<LI><a href="#[2a7]">&gt;&gt;</a>&nbsp;&nbsp;&nbsp;btstack_memory_hci_connection_get
<LI><a href="#[34e]">&gt;&gt;</a>&nbsp;&nbsp;&nbsp;sm_dm_r_prime
<LI><a href="#[34c]">&gt;&gt;</a>&nbsp;&nbsp;&nbsp;sm_d1_d_prime
<LI><a href="#[349]">&gt;&gt;</a>&nbsp;&nbsp;&nbsp;sm_ah_r_prime
<LI><a href="#[2a4]">&gt;&gt;</a>&nbsp;&nbsp;&nbsp;btstack_memory_gatt_client_get
<LI><a href="#[29a]">&gt;&gt;</a>&nbsp;&nbsp;&nbsp;btstack_crypto_cmac_start
<LI><a href="#[306]">&gt;&gt;</a>&nbsp;&nbsp;&nbsp;hci_cmd_create_from_template
</UL>

<P><STRONG><a name="[398]"></a>__rt_memclr</STRONG> (Thumb, 0 bytes, Stack size 0 bytes, rt_memclr.o(.text), UNUSED)

<P><STRONG><a name="[19a]"></a>__aeabi_memclr4</STRONG> (Thumb, 0 bytes, Stack size 0 bytes, rt_memclr.o(.text))
<BR><BR>[Called By]<UL><LI><a href="#[27c]">&gt;&gt;</a>&nbsp;&nbsp;&nbsp;hci_init
<LI><a href="#[20c]">&gt;&gt;</a>&nbsp;&nbsp;&nbsp;hci_run
<LI><a href="#[155]">&gt;&gt;</a>&nbsp;&nbsp;&nbsp;LEllc_Encode_PDU
<LI><a href="#[1a1]">&gt;&gt;</a>&nbsp;&nbsp;&nbsp;LEconnection_Encrypt_Payload
<LI><a href="#[199]">&gt;&gt;</a>&nbsp;&nbsp;&nbsp;LEconnection_Decrypt_Incoming_Pdu
<LI><a href="#[1c2]">&gt;&gt;</a>&nbsp;&nbsp;&nbsp;LEsecurity_HW_aes_encrypt_128
</UL>

<P><STRONG><a name="[399]"></a>__aeabi_memclr8</STRONG> (Thumb, 0 bytes, Stack size 0 bytes, rt_memclr.o(.text), UNUSED)

<P><STRONG><a name="[d0]"></a>__rt_memclr_w</STRONG> (Thumb, 4 bytes, Stack size 0 bytes, rt_memclr.o(.text), UNUSED)
<BR><BR>[Calls]<UL><LI><a href="#[ce]">&gt;&gt;</a>&nbsp;&nbsp;&nbsp;_memset_w
</UL>

<P><STRONG><a name="[338]"></a>__aeabi_uread4</STRONG> (Thumb, 34 bytes, Stack size 0 bytes, uread4.o(.text))
<BR><BR>[Called By]<UL><LI><a href="#[337]">&gt;&gt;</a>&nbsp;&nbsp;&nbsp;little_endian_read_32
</UL>

<P><STRONG><a name="[39a]"></a>__rt_uread4</STRONG> (Thumb, 0 bytes, Stack size 0 bytes, uread4.o(.text), UNUSED)

<P><STRONG><a name="[39b]"></a>__aeabi_uidiv</STRONG> (Thumb, 0 bytes, Stack size 0 bytes, aeabi_sdiv.o(.text), UNUSED)

<P><STRONG><a name="[139]"></a>__aeabi_uidivmod</STRONG> (Thumb, 20 bytes, Stack size 0 bytes, aeabi_sdiv.o(.text))
<BR><BR>[Called By]<UL><LI><a href="#[2be]">&gt;&gt;</a>&nbsp;&nbsp;&nbsp;hci_dump_packet
<LI><a href="#[13a]">&gt;&gt;</a>&nbsp;&nbsp;&nbsp;HWdelay_Wait_For_ms
<LI><a href="#[f8]">&gt;&gt;</a>&nbsp;&nbsp;&nbsp;HWdelay_Calibrate
<LI><a href="#[13c]">&gt;&gt;</a>&nbsp;&nbsp;&nbsp;HWdelay_Calibrate_
<LI><a href="#[309]">&gt;&gt;</a>&nbsp;&nbsp;&nbsp;printf_timestamp
<LI><a href="#[a]">&gt;&gt;</a>&nbsp;&nbsp;&nbsp;LE_LL_Connection_Update_Req
<LI><a href="#[1a6]">&gt;&gt;</a>&nbsp;&nbsp;&nbsp;LEfreq_Get_Next_Data_Channel_Frequency
<LI><a href="#[169]">&gt;&gt;</a>&nbsp;&nbsp;&nbsp;LEconnection_Handle_Connection_Event
<LI><a href="#[2b4]">&gt;&gt;</a>&nbsp;&nbsp;&nbsp;btstack_run_loop_embedded_ticks_for_ms
</UL>

<P><STRONG><a name="[39c]"></a>__aeabi_idiv</STRONG> (Thumb, 0 bytes, Stack size 8 bytes, aeabi_sdiv.o(.text), UNUSED)

<P><STRONG><a name="[e0]"></a>__aeabi_idivmod</STRONG> (Thumb, 326 bytes, Stack size 8 bytes, aeabi_sdiv.o(.text))
<BR><BR>[Stack]<UL><LI>Max Depth = 8<LI>Call Chain = __aeabi_idivmod
</UL>
<BR>[Called By]<UL><LI><a href="#[309]">&gt;&gt;</a>&nbsp;&nbsp;&nbsp;printf_timestamp
<LI><a href="#[da]">&gt;&gt;</a>&nbsp;&nbsp;&nbsp;_btod_etento
<LI><a href="#[67]">&gt;&gt;</a>&nbsp;&nbsp;&nbsp;_printf_fp_hex_real
</UL>

<P><STRONG><a name="[39d]"></a>__use_two_region_memory</STRONG> (Thumb, 2 bytes, Stack size 0 bytes, heapauxi.o(.text), UNUSED)

<P><STRONG><a name="[39e]"></a>__rt_heap_escrow$2region</STRONG> (Thumb, 2 bytes, Stack size 0 bytes, heapauxi.o(.text), UNUSED)

<P><STRONG><a name="[39f]"></a>__rt_heap_expand$2region</STRONG> (Thumb, 2 bytes, Stack size 0 bytes, heapauxi.o(.text), UNUSED)

<P><STRONG><a name="[c2]"></a>_printf_truncate_signed</STRONG> (Thumb, 18 bytes, Stack size 0 bytes, _printf_truncate.o(.text))
<BR><BR>[Called By]<UL><LI><a href="#[94]">&gt;&gt;</a>&nbsp;&nbsp;&nbsp;_printf_int_dec
</UL>

<P><STRONG><a name="[c3]"></a>_printf_truncate_unsigned</STRONG> (Thumb, 18 bytes, Stack size 0 bytes, _printf_truncate.o(.text))
<BR><BR>[Called By]<UL><LI><a href="#[98]">&gt;&gt;</a>&nbsp;&nbsp;&nbsp;_printf_int_oct
<LI><a href="#[9a]">&gt;&gt;</a>&nbsp;&nbsp;&nbsp;_printf_int_hex
<LI><a href="#[94]">&gt;&gt;</a>&nbsp;&nbsp;&nbsp;_printf_int_dec
</UL>

<P><STRONG><a name="[c5]"></a>_printf_int_common</STRONG> (Thumb, 176 bytes, Stack size 40 bytes, _printf_intcommon.o(.text))
<BR><BR>[Stack]<UL><LI>Max Depth = 56<LI>Call Chain = _printf_int_common &rArr; _printf_post_padding
</UL>
<BR>[Calls]<UL><LI><a href="#[c1]">&gt;&gt;</a>&nbsp;&nbsp;&nbsp;_printf_post_padding
<LI><a href="#[c0]">&gt;&gt;</a>&nbsp;&nbsp;&nbsp;_printf_pre_padding
</UL>
<BR>[Called By]<UL><LI><a href="#[d8]">&gt;&gt;</a>&nbsp;&nbsp;&nbsp;_printf_longlong_oct
<LI><a href="#[9c]">&gt;&gt;</a>&nbsp;&nbsp;&nbsp;_printf_longlong_dec
<LI><a href="#[c6]">&gt;&gt;</a>&nbsp;&nbsp;&nbsp;_printf_longlong_hex
<LI><a href="#[94]">&gt;&gt;</a>&nbsp;&nbsp;&nbsp;_printf_int_dec
</UL>

<P><STRONG><a name="[89]"></a>_printf_charcount</STRONG> (Thumb, 38 bytes, Stack size 0 bytes, _printf_charcount.o(.text))
<BR><BR>[Called By]<UL><LI><a href="#[87]">&gt;&gt;</a>&nbsp;&nbsp;&nbsp;_printf_n
</UL>

<P><STRONG><a name="[d1]"></a>_printf_cs_common</STRONG> (Thumb, 22 bytes, Stack size 8 bytes, _printf_char.o(.text))
<BR><BR>[Stack]<UL><LI>Max Depth = 40<LI>Call Chain = _printf_cs_common &rArr; _printf_str &rArr; _printf_post_padding
</UL>
<BR>[Calls]<UL><LI><a href="#[d2]">&gt;&gt;</a>&nbsp;&nbsp;&nbsp;_printf_mbtowc (Weak Reference)
<LI><a href="#[bf]">&gt;&gt;</a>&nbsp;&nbsp;&nbsp;_printf_str
</UL>
<BR>[Called By]<UL><LI><a href="#[a7]">&gt;&gt;</a>&nbsp;&nbsp;&nbsp;_printf_string
<LI><a href="#[a5]">&gt;&gt;</a>&nbsp;&nbsp;&nbsp;_printf_char
</UL>

<P><STRONG><a name="[a5]"></a>_printf_char</STRONG> (Thumb, 16 bytes, Stack size 0 bytes, _printf_char.o(.text))
<BR><BR>[Stack]<UL><LI>Max Depth = 40<LI>Call Chain = _printf_char &rArr; _printf_cs_common &rArr; _printf_str &rArr; _printf_post_padding
</UL>
<BR>[Calls]<UL><LI><a href="#[d1]">&gt;&gt;</a>&nbsp;&nbsp;&nbsp;_printf_cs_common
</UL>
<BR>[Called By]<UL><LI><a href="#[a3]">&gt;&gt;</a>&nbsp;&nbsp;&nbsp;_printf_c
</UL>

<P><STRONG><a name="[a7]"></a>_printf_string</STRONG> (Thumb, 8 bytes, Stack size 0 bytes, _printf_char.o(.text))
<BR><BR>[Stack]<UL><LI>Max Depth = 40<LI>Call Chain = _printf_string &rArr; _printf_cs_common &rArr; _printf_str &rArr; _printf_post_padding
</UL>
<BR>[Calls]<UL><LI><a href="#[d1]">&gt;&gt;</a>&nbsp;&nbsp;&nbsp;_printf_cs_common
</UL>
<BR>[Called By]<UL><LI><a href="#[a4]">&gt;&gt;</a>&nbsp;&nbsp;&nbsp;_printf_s
</UL>

<P><STRONG><a name="[bd]"></a>_printf_char_file</STRONG> (Thumb, 34 bytes, Stack size 16 bytes, _printf_char_file.o(.text))
<BR><BR>[Stack]<UL><LI>Max Depth = 112 + Unknown Stack Size
<LI>Call Chain = _printf_char_file &rArr; _printf_char_common &rArr; __printf
</UL>
<BR>[Calls]<UL><LI><a href="#[d4]">&gt;&gt;</a>&nbsp;&nbsp;&nbsp;ferror
<LI><a href="#[d3]">&gt;&gt;</a>&nbsp;&nbsp;&nbsp;_printf_char_common
</UL>
<BR>[Called By]<UL><LI><a href="#[be]">&gt;&gt;</a>&nbsp;&nbsp;&nbsp;__2printf
<LI><a href="#[bc]">&gt;&gt;</a>&nbsp;&nbsp;&nbsp;vprintf
</UL>

<P><STRONG><a name="[d5]"></a>_printf_wctomb</STRONG> (Thumb, 182 bytes, Stack size 56 bytes, _printf_wctomb.o(.text))
<BR><BR>[Stack]<UL><LI>Max Depth = 80<LI>Call Chain = _printf_wctomb &rArr; _wcrtomb &rArr; __rt_ctype_table
</UL>
<BR>[Calls]<UL><LI><a href="#[d6]">&gt;&gt;</a>&nbsp;&nbsp;&nbsp;_wcrtomb
<LI><a href="#[c1]">&gt;&gt;</a>&nbsp;&nbsp;&nbsp;_printf_post_padding
<LI><a href="#[c0]">&gt;&gt;</a>&nbsp;&nbsp;&nbsp;_printf_pre_padding
</UL>
<BR>[Called By]<UL><LI><a href="#[e1]">&gt;&gt;</a>&nbsp;&nbsp;&nbsp;_printf_lcs_common
</UL>

<P><STRONG><a name="[9c]"></a>_printf_longlong_dec</STRONG> (Thumb, 94 bytes, Stack size 32 bytes, _printf_longlong_dec.o(.text))
<BR><BR>[Stack]<UL><LI>Max Depth = 88<LI>Call Chain = _printf_longlong_dec &rArr; _printf_int_common &rArr; _printf_post_padding
</UL>
<BR>[Calls]<UL><LI><a href="#[d7]">&gt;&gt;</a>&nbsp;&nbsp;&nbsp;_ll_udiv10
<LI><a href="#[c5]">&gt;&gt;</a>&nbsp;&nbsp;&nbsp;_printf_int_common
</UL>
<BR>[Called By]<UL><LI><a href="#[9d]">&gt;&gt;</a>&nbsp;&nbsp;&nbsp;_printf_llu
<LI><a href="#[9b]">&gt;&gt;</a>&nbsp;&nbsp;&nbsp;_printf_lld
<LI><a href="#[99]">&gt;&gt;</a>&nbsp;&nbsp;&nbsp;_printf_lli
</UL>

<P><STRONG><a name="[d8]"></a>_printf_longlong_oct</STRONG> (Thumb, 68 bytes, Stack size 16 bytes, _printf_oct_int_ll.o(.text))
<BR><BR>[Stack]<UL><LI>Max Depth = 72<LI>Call Chain = _printf_longlong_oct &rArr; _printf_int_common &rArr; _printf_post_padding
</UL>
<BR>[Calls]<UL><LI><a href="#[c5]">&gt;&gt;</a>&nbsp;&nbsp;&nbsp;_printf_int_common
</UL>
<BR>[Called By]<UL><LI><a href="#[a0]">&gt;&gt;</a>&nbsp;&nbsp;&nbsp;_printf_ll_oct
<LI><a href="#[98]">&gt;&gt;</a>&nbsp;&nbsp;&nbsp;_printf_int_oct
</UL>

<P><STRONG><a name="[98]"></a>_printf_int_oct</STRONG> (Thumb, 24 bytes, Stack size 8 bytes, _printf_oct_int_ll.o(.text))
<BR><BR>[Stack]<UL><LI>Max Depth = 80<LI>Call Chain = _printf_int_oct &rArr; _printf_longlong_oct &rArr; _printf_int_common &rArr; _printf_post_padding
</UL>
<BR>[Calls]<UL><LI><a href="#[d8]">&gt;&gt;</a>&nbsp;&nbsp;&nbsp;_printf_longlong_oct
<LI><a href="#[c3]">&gt;&gt;</a>&nbsp;&nbsp;&nbsp;_printf_truncate_unsigned
</UL>
<BR>[Called By]<UL><LI><a href="#[96]">&gt;&gt;</a>&nbsp;&nbsp;&nbsp;_printf_o
</UL>

<P><STRONG><a name="[a0]"></a>_printf_ll_oct</STRONG> (Thumb, 10 bytes, Stack size 0 bytes, _printf_oct_int_ll.o(.text))
<BR><BR>[Stack]<UL><LI>Max Depth = 72<LI>Call Chain = _printf_ll_oct &rArr; _printf_longlong_oct &rArr; _printf_int_common &rArr; _printf_post_padding
</UL>
<BR>[Calls]<UL><LI><a href="#[d8]">&gt;&gt;</a>&nbsp;&nbsp;&nbsp;_printf_longlong_oct
</UL>
<BR>[Called By]<UL><LI><a href="#[9e]">&gt;&gt;</a>&nbsp;&nbsp;&nbsp;_printf_llo
</UL>

<P><STRONG><a name="[c4]"></a>__rt_udiv10</STRONG> (Thumb, 40 bytes, Stack size 0 bytes, rtudiv10.o(.text))
<BR><BR>[Called By]<UL><LI><a href="#[66]">&gt;&gt;</a>&nbsp;&nbsp;&nbsp;_printf_fp_dec_real
<LI><a href="#[94]">&gt;&gt;</a>&nbsp;&nbsp;&nbsp;_printf_int_dec
</UL>

<P><STRONG><a name="[d7]"></a>_ll_udiv10</STRONG> (Thumb, 122 bytes, Stack size 16 bytes, lludiv10.o(.text))
<BR><BR>[Stack]<UL><LI>Max Depth = 16<LI>Call Chain = _ll_udiv10
</UL>
<BR>[Called By]<UL><LI><a href="#[d9]">&gt;&gt;</a>&nbsp;&nbsp;&nbsp;_fp_digits
<LI><a href="#[9c]">&gt;&gt;</a>&nbsp;&nbsp;&nbsp;_printf_longlong_dec
</UL>

<P><STRONG><a name="[3a0]"></a>__lib_sel_fp_printf</STRONG> (Thumb, 2 bytes, Stack size 0 bytes, _printf_fp_dec.o(.text), UNUSED)

<P><STRONG><a name="[66]"></a>_printf_fp_dec_real</STRONG> (Thumb, 620 bytes, Stack size 96 bytes, _printf_fp_dec.o(.text))
<BR><BR>[Stack]<UL><LI>Max Depth = 368<LI>Call Chain = _printf_fp_dec_real &rArr; _fp_digits &rArr; _btod_etento &rArr; _btod_emul &rArr; btod_internal_mul &rArr; __ARM_common_ll_muluu
</UL>
<BR>[Calls]<UL><LI><a href="#[df]">&gt;&gt;</a>&nbsp;&nbsp;&nbsp;_printf_fp_infnan
<LI><a href="#[ad]">&gt;&gt;</a>&nbsp;&nbsp;&nbsp;__rt_locale
<LI><a href="#[d9]">&gt;&gt;</a>&nbsp;&nbsp;&nbsp;_fp_digits
<LI><a href="#[de]">&gt;&gt;</a>&nbsp;&nbsp;&nbsp;__ARM_fpclassify
<LI><a href="#[c4]">&gt;&gt;</a>&nbsp;&nbsp;&nbsp;__rt_udiv10
<LI><a href="#[c1]">&gt;&gt;</a>&nbsp;&nbsp;&nbsp;_printf_post_padding
<LI><a href="#[c0]">&gt;&gt;</a>&nbsp;&nbsp;&nbsp;_printf_pre_padding
</UL>
<BR>[Address Reference Count : 1]<UL><LI> printf1.o(x$fpl$printf1)
</UL>
<P><STRONG><a name="[67]"></a>_printf_fp_hex_real</STRONG> (Thumb, 718 bytes, Stack size 72 bytes, _printf_fp_hex.o(.text))
<BR><BR>[Stack]<UL><LI>Max Depth = 112<LI>Call Chain = _printf_fp_hex_real &rArr; _printf_fp_infnan &rArr; _printf_post_padding
</UL>
<BR>[Calls]<UL><LI><a href="#[df]">&gt;&gt;</a>&nbsp;&nbsp;&nbsp;_printf_fp_infnan
<LI><a href="#[de]">&gt;&gt;</a>&nbsp;&nbsp;&nbsp;__ARM_fpclassify
<LI><a href="#[e0]">&gt;&gt;</a>&nbsp;&nbsp;&nbsp;__aeabi_idivmod
<LI><a href="#[c1]">&gt;&gt;</a>&nbsp;&nbsp;&nbsp;_printf_post_padding
<LI><a href="#[c0]">&gt;&gt;</a>&nbsp;&nbsp;&nbsp;_printf_pre_padding
</UL>
<BR>[Address Reference Count : 1]<UL><LI> printf2.o(x$fpl$printf2)
</UL>
<P><STRONG><a name="[d3]"></a>_printf_char_common</STRONG> (Thumb, 32 bytes, Stack size 64 bytes, _printf_char_common.o(.text))
<BR><BR>[Stack]<UL><LI>Max Depth = 96 + Unknown Stack Size
<LI>Call Chain = _printf_char_common &rArr; __printf
</UL>
<BR>[Calls]<UL><LI><a href="#[c7]">&gt;&gt;</a>&nbsp;&nbsp;&nbsp;__printf
</UL>
<BR>[Called By]<UL><LI><a href="#[bd]">&gt;&gt;</a>&nbsp;&nbsp;&nbsp;_printf_char_file
</UL>

<P><STRONG><a name="[e1]"></a>_printf_lcs_common</STRONG> (Thumb, 22 bytes, Stack size 8 bytes, _printf_wchar.o(.text))
<BR><BR>[Stack]<UL><LI>Max Depth = 88<LI>Call Chain = _printf_lcs_common &rArr; _printf_wctomb &rArr; _wcrtomb &rArr; __rt_ctype_table
</UL>
<BR>[Calls]<UL><LI><a href="#[e2]">&gt;&gt;</a>&nbsp;&nbsp;&nbsp;_printf_wc (Weak Reference)
<LI><a href="#[d5]">&gt;&gt;</a>&nbsp;&nbsp;&nbsp;_printf_wctomb
</UL>
<BR>[Called By]<UL><LI><a href="#[ab]">&gt;&gt;</a>&nbsp;&nbsp;&nbsp;_printf_wstring
<LI><a href="#[a9]">&gt;&gt;</a>&nbsp;&nbsp;&nbsp;_printf_wchar
</UL>

<P><STRONG><a name="[a9]"></a>_printf_wchar</STRONG> (Thumb, 16 bytes, Stack size 0 bytes, _printf_wchar.o(.text))
<BR><BR>[Stack]<UL><LI>Max Depth = 88<LI>Call Chain = _printf_wchar &rArr; _printf_lcs_common &rArr; _printf_wctomb &rArr; _wcrtomb &rArr; __rt_ctype_table
</UL>
<BR>[Calls]<UL><LI><a href="#[e1]">&gt;&gt;</a>&nbsp;&nbsp;&nbsp;_printf_lcs_common
</UL>
<BR>[Called By]<UL><LI><a href="#[a6]">&gt;&gt;</a>&nbsp;&nbsp;&nbsp;_printf_lc
</UL>

<P><STRONG><a name="[ab]"></a>_printf_wstring</STRONG> (Thumb, 8 bytes, Stack size 0 bytes, _printf_wchar.o(.text))
<BR><BR>[Stack]<UL><LI>Max Depth = 88<LI>Call Chain = _printf_wstring &rArr; _printf_lcs_common &rArr; _printf_wctomb &rArr; _wcrtomb &rArr; __rt_ctype_table
</UL>
<BR>[Calls]<UL><LI><a href="#[e1]">&gt;&gt;</a>&nbsp;&nbsp;&nbsp;_printf_lcs_common
</UL>
<BR>[Called By]<UL><LI><a href="#[a8]">&gt;&gt;</a>&nbsp;&nbsp;&nbsp;_printf_ls
</UL>

<P><STRONG><a name="[d6]"></a>_wcrtomb</STRONG> (Thumb, 64 bytes, Stack size 16 bytes, _wcrtomb.o(.text))
<BR><BR>[Stack]<UL><LI>Max Depth = 24<LI>Call Chain = _wcrtomb &rArr; __rt_ctype_table
</UL>
<BR>[Calls]<UL><LI><a href="#[e3]">&gt;&gt;</a>&nbsp;&nbsp;&nbsp;__rt_ctype_table
</UL>
<BR>[Called By]<UL><LI><a href="#[d5]">&gt;&gt;</a>&nbsp;&nbsp;&nbsp;_printf_wctomb
</UL>

<P><STRONG><a name="[3a1]"></a>__user_libspace</STRONG> (Thumb, 8 bytes, Stack size 0 bytes, libspace.o(.text), UNUSED)

<P><STRONG><a name="[e4]"></a>__user_perproc_libspace</STRONG> (Thumb, 0 bytes, Stack size 0 bytes, libspace.o(.text))
<BR><BR>[Called By]<UL><LI><a href="#[b2]">&gt;&gt;</a>&nbsp;&nbsp;&nbsp;__user_setup_stackheap
</UL>

[...]
<BR><BR>[Stack]<UL><LI>Max Depth = 20<LI>Call Chain = _BTq_Initialise_Variable_Chunk_Queue
</UL>
<BR>[Called By]<UL><LI><a href="#[ef]">&gt;&gt;</a>&nbsp;&nbsp;&nbsp;BTq_Initialise
<LI><a href="#[11f]">&gt;&gt;</a>&nbsp;&nbsp;&nbsp;BTq_Reset
</UL>

<P><STRONG><a name="[13f]"></a>HWjal_Set_Rst_Code</STRONG> (Thumb, 16 bytes, Stack size 0 bytes, hw_lc.o(i.HWjal_Set_Rst_Code))
<BR><BR>[Called By]<UL><LI><a href="#[13d]">&gt;&gt;</a>&nbsp;&nbsp;&nbsp;HWlc_Reset
</UL>

<P><STRONG><a name="[13e]"></a>_HWlc_Clear_Jalapeno_Registers</STRONG> (Thumb, 172 bytes, Stack size 24 bytes, hw_lc.o(i._HWlc_Clear_Jalapeno_Registers))
<BR><BR>[Stack]<UL><LI>Max Depth = 24<LI>Call Chain = _HWlc_Clear_Jalapeno_Registers
</UL>
<BR>[Called By]<UL><LI><a href="#[f3]">&gt;&gt;</a>&nbsp;&nbsp;&nbsp;HWlc_Initialise
</UL>

<P><STRONG><a name="[7d]"></a>_Dispatch_HC_BB_Command</STRONG> (Thumb, 208 bytes, Stack size 64 bytes, hc_cmd_disp.o(i._Dispatch_HC_BB_Command))
<BR><BR>[Stack]<UL><LI>Max Depth = 216<LI>Call Chain = _Dispatch_HC_BB_Command &rArr; HCeg_Command_Complete_Event &rArr; BTq_Enqueue &rArr; HCeg_Generate_Event &rArr;  BTq_Enqueue (Cycle)
</UL>
<BR>[Calls]<UL><LI><a href="#[10a]">&gt;&gt;</a>&nbsp;&nbsp;&nbsp;HCeg_Command_Complete_Event
<LI><a href="#[1ef]">&gt;&gt;</a>&nbsp;&nbsp;&nbsp;BTms_Request_HC_Reset
<LI><a href="#[1f0]">&gt;&gt;</a>&nbsp;&nbsp;&nbsp;LMconfig_LM_Read_Local_Name
<LI><a href="#[1f2]">&gt;&gt;</a>&nbsp;&nbsp;&nbsp;HCfc_Set_Host_Controller_To_Host_Flow_Control
<LI><a href="#[1f3]">&gt;&gt;</a>&nbsp;&nbsp;&nbsp;HCfc_Host_Number_Of_Completed_Packets
<LI><a href="#[1f4]">&gt;&gt;</a>&nbsp;&nbsp;&nbsp;HCfc_Host_Buffer_Size
<LI><a href="#[1f1]">&gt;&gt;</a>&nbsp;&nbsp;&nbsp;HCeg_Set_Event_Mask
</UL>
<BR>[Address Reference Count : 1]<UL><LI> hc_cmd_disp.o(.constdata)
</UL>
<P><STRONG><a name="[7e]"></a>_Dispatch_Info_Command</STRONG> (Thumb, 200 bytes, Stack size 64 bytes, hc_cmd_disp.o(i._Dispatch_Info_Command))
<BR><BR>[Stack]<UL><LI>Max Depth = 216<LI>Call Chain = _Dispatch_Info_Command &rArr; HCeg_Command_Complete_Event &rArr; BTq_Enqueue &rArr; HCeg_Generate_Event &rArr;  BTq_Enqueue (Cycle)
</UL>
<BR>[Calls]<UL><LI><a href="#[129]">&gt;&gt;</a>&nbsp;&nbsp;&nbsp;__ARM_common_switch8
<LI><a href="#[10a]">&gt;&gt;</a>&nbsp;&nbsp;&nbsp;HCeg_Command_Complete_Event
</UL>
<BR>[Address Reference Count : 1]<UL><LI> hc_cmd_disp.o(.constdata)
</UL>
<P><STRONG><a name="[7a]"></a>_Dispatch_Invalid_OGF_Command</STRONG> (Thumb, 4 bytes, Stack size 0 bytes, hc_cmd_disp.o(i._Dispatch_Invalid_OGF_Command))
<BR>[Address Reference Count : 1]<UL><LI> hc_cmd_disp.o(.constdata)
</UL>
<P><STRONG><a name="[81]"></a>_Dispatch_LE_Command</STRONG> (Thumb, 524 bytes, Stack size 88 bytes, hc_cmd_disp.o(i._Dispatch_LE_Command))
<BR><BR>[Stack]<UL><LI>Max Depth = 424<LI>Call Chain = _Dispatch_LE_Command &rArr; LEsecurity_Long_Term_Key_Request_Reply &rArr; LEllc_Encode_PDU &rArr; HCeg_Hardware_Error_Event &rArr; HCeg_Prevent_HCI_Event_Queue_from_Overfill &rArr; HCeg_Generate_Event &rArr;  BTq_Enqueue (Cycle)
</UL>
<BR>[Calls]<UL><LI><a href="#[129]">&gt;&gt;</a>&nbsp;&nbsp;&nbsp;__ARM_common_switch8
<LI><a href="#[10a]">&gt;&gt;</a>&nbsp;&nbsp;&nbsp;HCeg_Command_Complete_Event
<LI><a href="#[1db]">&gt;&gt;</a>&nbsp;&nbsp;&nbsp;LEwl_Remove_Device_From_White_List
<LI><a href="#[1fa]">&gt;&gt;</a>&nbsp;&nbsp;&nbsp;LEwl_Read_White_List_Size
<LI><a href="#[195]">&gt;&gt;</a>&nbsp;&nbsp;&nbsp;LEwl_Clear_White_List
<LI><a href="#[1d8]">&gt;&gt;</a>&nbsp;&nbsp;&nbsp;LEwl_Can_I_Modify_White_Lists
<LI><a href="#[1d5]">&gt;&gt;</a>&nbsp;&nbsp;&nbsp;LEwl_Add_Device_To_White_List
<LI><a href="#[1d2]">&gt;&gt;</a>&nbsp;&nbsp;&nbsp;LEtest_Transmitter_Test
<LI><a href="#[1fd]">&gt;&gt;</a>&nbsp;&nbsp;&nbsp;LEtest_Test_End
<LI><a href="#[1cf]">&gt;&gt;</a>&nbsp;&nbsp;&nbsp;LEtest_Receiver_Test
<LI><a href="#[1c7]">&gt;&gt;</a>&nbsp;&nbsp;&nbsp;LEsecurity_Rand
<LI><a href="#[1c6]">&gt;&gt;</a>&nbsp;&nbsp;&nbsp;LEsecurity_Long_Term_Key_Request_Reply
<LI><a href="#[1c5]">&gt;&gt;</a>&nbsp;&nbsp;&nbsp;LEsecurity_Long_Term_Key_Request_Negative_Reply
<LI><a href="#[1c1]">&gt;&gt;</a>&nbsp;&nbsp;&nbsp;LEsecurity_Encrypt
<LI><a href="#[1fc]">&gt;&gt;</a>&nbsp;&nbsp;&nbsp;LEscan_Get_Scan_Enable
<LI><a href="#[1b7]">&gt;&gt;</a>&nbsp;&nbsp;&nbsp;LEfreq_Read_Channel_Map
<LI><a href="#[1ac]">&gt;&gt;</a>&nbsp;&nbsp;&nbsp;LEconnection_Is_Valid_Handle
<LI><a href="#[1a3]">&gt;&gt;</a>&nbsp;&nbsp;&nbsp;LEconnection_Find_Link_Id
<LI><a href="#[1f6]">&gt;&gt;</a>&nbsp;&nbsp;&nbsp;LEconfig_Set_Random_Address
<LI><a href="#[1f5]">&gt;&gt;</a>&nbsp;&nbsp;&nbsp;LEconfig_Set_Event_Mask
<LI><a href="#[1fb]">&gt;&gt;</a>&nbsp;&nbsp;&nbsp;LEconfig_Read_Supported_States
<LI><a href="#[170]">&gt;&gt;</a>&nbsp;&nbsp;&nbsp;LEconfig_Is_Features_Encryption_Supported
<LI><a href="#[1c0]">&gt;&gt;</a>&nbsp;&nbsp;&nbsp;LEconfig_Get_LE_Features_Ref
<LI><a href="#[1f9]">&gt;&gt;</a>&nbsp;&nbsp;&nbsp;LEadv_Set_Scan_Response_Data
<LI><a href="#[1f7]">&gt;&gt;</a>&nbsp;&nbsp;&nbsp;LEadv_Set_Advertising_Params
<LI><a href="#[1f8]">&gt;&gt;</a>&nbsp;&nbsp;&nbsp;LEadv_Set_Advertising_Data
<LI><a href="#[18d]">&gt;&gt;</a>&nbsp;&nbsp;&nbsp;LEadv_Set_Advertise_Enable
<LI><a href="#[1d9]">&gt;&gt;</a>&nbsp;&nbsp;&nbsp;LEadv_Get_Advertising_Enable
<LI><a href="#[17d]">&gt;&gt;</a>&nbsp;&nbsp;&nbsp;LEadv_Get_Advertising_Channel_Tx_Power
<LI><a href="#[134]">&gt;&gt;</a>&nbsp;&nbsp;&nbsp;LEconnection_Find_Link_Entry
</UL>
<BR>[Address Reference Count : 1]<UL><LI> hc_cmd_disp.o(.constdata)
</UL>
<P><STRONG><a name="[7b]"></a>_Dispatch_Link_Control_Command</STRONG> (Thumb, 332 bytes, Stack size 128 bytes, hc_cmd_disp.o(i._Dispatch_Link_Control_Command))
<BR><BR>[Stack]<UL><LI>Max Depth = 408<LI>Call Chain = _Dispatch_Link_Control_Command &rArr; LEconnection_Read_Remote_Version_Info &rArr; LEllc_Encode_PDU &rArr; HCeg_Hardware_Error_Event &rArr; HCeg_Prevent_HCI_Event_Queue_from_Overfill &rArr; HCeg_Generate_Event &rArr;  BTq_Enqueue (Cycle)
</UL>
<BR>[Calls]<UL><LI><a href="#[129]">&gt;&gt;</a>&nbsp;&nbsp;&nbsp;__ARM_common_switch8
<LI><a href="#[115]">&gt;&gt;</a>&nbsp;&nbsp;&nbsp;HCeg_Generate_Event
<LI><a href="#[10a]">&gt;&gt;</a>&nbsp;&nbsp;&nbsp;HCeg_Command_Complete_Event
<LI><a href="#[1ad]">&gt;&gt;</a>&nbsp;&nbsp;&nbsp;LEconnection_Read_Remote_Version_Info
<LI><a href="#[1ac]">&gt;&gt;</a>&nbsp;&nbsp;&nbsp;LEconnection_Is_Valid_Handle
<LI><a href="#[1a3]">&gt;&gt;</a>&nbsp;&nbsp;&nbsp;LEconnection_Find_Link_Id
<LI><a href="#[1a0]">&gt;&gt;</a>&nbsp;&nbsp;&nbsp;LEconnection_Disconnect
<LI><a href="#[127]">&gt;&gt;</a>&nbsp;&nbsp;&nbsp;HCeg_Command_Status_Event
<LI><a href="#[1a5]">&gt;&gt;</a>&nbsp;&nbsp;&nbsp;LEconnection_Find_P_Connection
<LI><a href="#[134]">&gt;&gt;</a>&nbsp;&nbsp;&nbsp;LEconnection_Find_Link_Entry
</UL>
<BR>[Address Reference Count : 1]<UL><LI> hc_cmd_disp.o(.constdata)
</UL>
<P><STRONG><a name="[7c]"></a>_Dispatch_Link_Policy_Command</STRONG> (Thumb, 4 bytes, Stack size 0 bytes, hc_cmd_disp.o(i._Dispatch_Link_Policy_Command))
<BR>[Address Reference Count : 1]<UL><LI> hc_cmd_disp.o(.constdata)
</UL>
<P><STRONG><a name="[7f]"></a>_Dispatch_Local_Status_Command</STRONG> (Thumb, 4 bytes, Stack size 0 bytes, hc_cmd_disp.o(i._Dispatch_Local_Status_Command))
<BR>[Address Reference Count : 1]<UL><LI> hc_cmd_disp.o(.constdata)
</UL>
<P><STRONG><a name="[80]"></a>_Dispatch_Test_Command</STRONG> (Thumb, 4 bytes, Stack size 0 bytes, hc_cmd_disp.o(i._Dispatch_Test_Command))
<BR>[Address Reference Count : 1]<UL><LI> hc_cmd_disp.o(.constdata)
</UL>
<P><STRONG><a name="[12c]"></a>_Insert_Bd_Addr_In_PDU</STRONG> (Thumb, 26 bytes, Stack size 0 bytes, hc_event_gen.o(i._Insert_Bd_Addr_In_PDU))
<BR><BR>[Called By]<UL><LI><a href="#[10a]">&gt;&gt;</a>&nbsp;&nbsp;&nbsp;HCeg_Command_Complete_Event
</UL>

<P><STRONG><a name="[160]"></a>HW_set_rx_mode</STRONG> (Thumb, 18 bytes, Stack size 0 bytes, le_connection.o(i.HW_set_rx_mode))
<BR><BR>[Called By]<UL><LI><a href="#[15b]">&gt;&gt;</a>&nbsp;&nbsp;&nbsp;_LEconnection_Close_Connection_Event
<LI><a href="#[15c]">&gt;&gt;</a>&nbsp;&nbsp;&nbsp;LE_LL_Ctrl_Handle_Connection_Event
</UL>

<P><STRONG><a name="[1a8]"></a>HW_set_slave</STRONG> (Thumb, 18 bytes, Stack size 0 bytes, le_connection.o(i.HW_set_slave))
<BR><BR>[Called By]<UL><LI><a href="#[15b]">&gt;&gt;</a>&nbsp;&nbsp;&nbsp;_LEconnection_Close_Connection_Event
<LI><a href="#[169]">&gt;&gt;</a>&nbsp;&nbsp;&nbsp;LEconnection_Handle_Connection_Event
</UL>

<P><STRONG><a name="[1a7]"></a>HWle_abort_tifs_count</STRONG> (Thumb, 18 bytes, Stack size 0 bytes, le_connection.o(i.HWle_abort_tifs_count))
<BR><BR>[Called By]<UL><LI><a href="#[15b]">&gt;&gt;</a>&nbsp;&nbsp;&nbsp;_LEconnection_Close_Connection_Event
<LI><a href="#[169]">&gt;&gt;</a>&nbsp;&nbsp;&nbsp;LEconnection_Handle_Connection_Event
</UL>

<P><STRONG><a name="[19d]"></a>HWle_set_aes_llid</STRONG> (Thumb, 20 bytes, Stack size 0 bytes, le_connection.o(i.HWle_set_aes_llid))
<BR><BR>[Called By]<UL><LI><a href="#[1a1]">&gt;&gt;</a>&nbsp;&nbsp;&nbsp;LEconnection_Encrypt_Payload
<LI><a href="#[199]">&gt;&gt;</a>&nbsp;&nbsp;&nbsp;LEconnection_Decrypt_Incoming_Pdu
</UL>

<P><STRONG><a name="[19b]"></a>HWle_set_aes_mode</STRONG> (Thumb, 18 bytes, Stack size 0 bytes, le_connection.o(i.HWle_set_aes_mode))
<BR><BR>[Called By]<UL><LI><a href="#[1a1]">&gt;&gt;</a>&nbsp;&nbsp;&nbsp;LEconnection_Encrypt_Payload
<LI><a href="#[199]">&gt;&gt;</a>&nbsp;&nbsp;&nbsp;LEconnection_Decrypt_Incoming_Pdu
</UL>

<P><STRONG><a name="[19e]"></a>HWle_set_aes_pkt_length</STRONG> (Thumb, 20 bytes, Stack size 0 bytes, le_connection.o(i.HWle_set_aes_pkt_length))
<BR><BR>[Called By]<UL><LI><a href="#[1a1]">&gt;&gt;</a>&nbsp;&nbsp;&nbsp;LEconnection_Encrypt_Payload
<LI><a href="#[199]">&gt;&gt;</a>&nbsp;&nbsp;&nbsp;LEconnection_Decrypt_Incoming_Pdu
</UL>

<P><STRONG><a name="[161]"></a>HWle_set_rx_mode</STRONG> (Thumb, 18 bytes, Stack size 0 bytes, le_connection.o(i.HWle_set_rx_mode))
<BR><BR>[Called By]<UL><LI><a href="#[169]">&gt;&gt;</a>&nbsp;&nbsp;&nbsp;LEconnection_Handle_Connection_Event
<LI><a href="#[15c]">&gt;&gt;</a>&nbsp;&nbsp;&nbsp;LE_LL_Ctrl_Handle_Connection_Event
</UL>

<P><STRONG><a name="[204]"></a>HWle_set_tx_length_data</STRONG> (Thumb, 20 bytes, Stack size 0 bytes, le_connection.o(i.HWle_set_tx_length_data))
<BR><BR>[Called By]<UL><LI><a href="#[164]">&gt;&gt;</a>&nbsp;&nbsp;&nbsp;_LEconnection_Encode_DataPDU
</UL>

<P><STRONG><a name="[203]"></a>HWle_set_tx_llid</STRONG> (Thumb, 20 bytes, Stack size 0 bytes, le_connection.o(i.HWle_set_tx_llid))
<BR><BR>[Called By]<UL><LI><a href="#[164]">&gt;&gt;</a>&nbsp;&nbsp;&nbsp;_LEconnection_Encode_DataPDU
</UL>

<P><STRONG><a name="[162]"></a>LEconnection_Update_Next_Slave_Connection_Event_Time</STRONG> (Thumb, 68 bytes, Stack size 8 bytes, le_connection.o(i.LEconnection_Update_Next_Slave_Connection_Event_Time))
<BR><BR>[Stack]<UL><LI>Max Depth = 8<LI>Call Chain = LEconnection_Update_Next_Slave_Connection_Event_Time
</UL>
<BR>[Calls]<UL><LI><a href="#[168]">&gt;&gt;</a>&nbsp;&nbsp;&nbsp;HW_Get_Bt_Clk_Avoid_Race
</UL>
<BR>[Called By]<UL><LI><a href="#[15c]">&gt;&gt;</a>&nbsp;&nbsp;&nbsp;LE_LL_Ctrl_Handle_Connection_Event
</UL>

<P><STRONG><a name="[19c]"></a>hw_memcpy32</STRONG> (Thumb, 20 bytes, Stack size 8 bytes, le_connection.o(i.hw_memcpy32))
<BR><BR>[Stack]<UL><LI>Max Depth = 8<LI>Call Chain = hw_memcpy32
</UL>
<BR>[Called By]<UL><LI><a href="#[164]">&gt;&gt;</a>&nbsp;&nbsp;&nbsp;_LEconnection_Encode_DataPDU
<LI><a href="#[163]">&gt;&gt;</a>&nbsp;&nbsp;&nbsp;_LEconnection_Decode_DataPDU
<LI><a href="#[1a1]">&gt;&gt;</a>&nbsp;&nbsp;&nbsp;LEconnection_Encrypt_Payload
<LI><a href="#[199]">&gt;&gt;</a>&nbsp;&nbsp;&nbsp;LEconnection_Decrypt_Incoming_Pdu
</UL>

<P><STRONG><a name="[1bd]"></a>hw_memcpy32</STRONG> (Thumb, 20 bytes, Stack size 8 bytes, le_link_layer.o(i.hw_memcpy32))
<BR><BR>[Stack]<UL><LI>Max Depth = 8<LI>Call Chain = hw_memcpy32
</UL>
<BR>[Called By]<UL><LI><a href="#[18a]">&gt;&gt;</a>&nbsp;&nbsp;&nbsp;LEll_Encode_Advertising_ChannelPDU
</UL>

<P><STRONG><a name="[1ea]"></a>HCIparam_Get_Uint16</STRONG> (Thumb, 12 bytes, Stack size 0 bytes, tc_cmd_disp.o(i.HCIparam_Get_Uint16))
<BR><BR>[Called By]<UL><LI><a href="#[126]">&gt;&gt;</a>&nbsp;&nbsp;&nbsp;TCI_Dispatch_Prop_Command
</UL>

<P><STRONG><a name="[177]"></a>HW_set_rx_mode</STRONG> (Thumb, 18 bytes, Stack size 0 bytes, le_advertise.o(i.HW_set_rx_mode))
<BR><BR>[Called By]<UL><LI><a href="#[16e]">&gt;&gt;</a>&nbsp;&nbsp;&nbsp;LEadv_Handle_Advertising
<LI><a href="#[16b]">&gt;&gt;</a>&nbsp;&nbsp;&nbsp;LEadv_Advertising_Event_Begin
<LI><a href="#[188]">&gt;&gt;</a>&nbsp;&nbsp;&nbsp;_LEadv_Advertising_Event_Complete
<LI><a href="#[189]">&gt;&gt;</a>&nbsp;&nbsp;&nbsp;_LEadv_Advance_For_Next_Adv_Tx
<LI><a href="#[184]">&gt;&gt;</a>&nbsp;&nbsp;&nbsp;LEadv_Prep_For_LE_Scan_Resp_Tx
<LI><a href="#[17b]">&gt;&gt;</a>&nbsp;&nbsp;&nbsp;LEadv_Prep_For_LE_Advert_Tx
</UL>

<P><STRONG><a name="[178]"></a>HW_set_slave</STRONG> (Thumb, 18 bytes, Stack size 0 bytes, le_advertise.o(i.HW_set_slave))
<BR><BR>[Called By]<UL><LI><a href="#[16e]">&gt;&gt;</a>&nbsp;&nbsp;&nbsp;LEadv_Handle_Advertising
<LI><a href="#[16b]">&gt;&gt;</a>&nbsp;&nbsp;&nbsp;LEadv_Advertising_Event_Begin
</UL>

<P><STRONG><a name="[185]"></a>HWle_abort_tifs_count</STRONG> (Thumb, 18 bytes, Stack size 0 bytes, le_advertise.o(i.HWle_abort_tifs_count))
<BR><BR>[Called By]<UL><LI><a href="#[16e]">&gt;&gt;</a>&nbsp;&nbsp;&nbsp;LEadv_Handle_Advertising
<LI><a href="#[188]">&gt;&gt;</a>&nbsp;&nbsp;&nbsp;_LEadv_Advertising_Event_Complete
</UL>

<P><STRONG><a name="[181]"></a>HWle_clear_le_spi_only</STRONG> (Thumb, 12 bytes, Stack size 0 bytes, le_advertise.o(i.HWle_clear_le_spi_only))
<BR><BR>[Called By]<UL><LI><a href="#[16e]">&gt;&gt;</a>&nbsp;&nbsp;&nbsp;LEadv_Handle_Advertising
<LI><a href="#[188]">&gt;&gt;</a>&nbsp;&nbsp;&nbsp;_LEadv_Advertising_Event_Complete
</UL>

<P><STRONG><a name="[182]"></a>HWle_clear_tx_enable</STRONG> (Thumb, 12 bytes, Stack size 0 bytes, le_advertise.o(i.HWle_clear_tx_enable))
<BR><BR>[Called By]<UL><LI><a href="#[16e]">&gt;&gt;</a>&nbsp;&nbsp;&nbsp;LEadv_Handle_Advertising
<LI><a href="#[188]">&gt;&gt;</a>&nbsp;&nbsp;&nbsp;_LEadv_Advertising_Event_Complete
</UL>

<P><STRONG><a name="[17c]"></a>_LEadv_Set_Next_Advertising_Event_Start_Timer</STRONG> (Thumb, 56 bytes, Stack size 16 bytes, le_advertise.o(i._LEadv_Set_Next_Advertising_Event_Start_Timer))
<BR><BR>[Stack]<UL><LI>Max Depth = 40<LI>Call Chain = _LEadv_Set_Next_Advertising_Event_Start_Timer &rArr; HW_Get_Native_Clk_Avoid_Race &rArr; HWdelay_Wait_For_us
</UL>
<BR>[Calls]<UL><LI><a href="#[10b]">&gt;&gt;</a>&nbsp;&nbsp;&nbsp;SYSrand_Get_Rand
<LI><a href="#[122]">&gt;&gt;</a>&nbsp;&nbsp;&nbsp;HW_Get_Native_Clk_Avoid_Race
</UL>
<BR>[Called By]<UL><LI><a href="#[16b]">&gt;&gt;</a>&nbsp;&nbsp;&nbsp;LEadv_Advertising_Event_Begin
<LI><a href="#[18d]">&gt;&gt;</a>&nbsp;&nbsp;&nbsp;LEadv_Set_Advertise_Enable
</UL>

<P><STRONG><a name="[179]"></a>hw_memcpy32</STRONG> (Thumb, 20 bytes, Stack size 8 bytes, le_advertise.o(i.hw_memcpy32))
<BR><BR>[Stack]<UL><LI>Max Depth = 8<LI>Call Chain = hw_memcpy32
</UL>
<BR>[Called By]<UL><LI><a href="#[16e]">&gt;&gt;</a>&nbsp;&nbsp;&nbsp;LEadv_Handle_Advertising
<LI><a href="#[16b]">&gt;&gt;</a>&nbsp;&nbsp;&nbsp;LEadv_Advertising_Event_Begin
</UL>

<P><STRONG><a name="[1c3]"></a>HWle_set_aes_mode</STRONG> (Thumb, 18 bytes, Stack size 0 bytes, le_security.o(i.HWle_set_aes_mode))
<BR><BR>[Called By]<UL><LI><a href="#[1c2]">&gt;&gt;</a>&nbsp;&nbsp;&nbsp;LEsecurity_HW_aes_encrypt_128
</UL>

<P><STRONG><a name="[1c4]"></a>hw_memcpy32</STRONG> (Thumb, 20 bytes, Stack size 8 bytes, le_security.o(i.hw_memcpy32))
<BR><BR>[Stack]<UL><LI>Max Depth = 8<LI>Call Chain = hw_memcpy32
</UL>
<BR>[Called By]<UL><LI><a href="#[1c2]">&gt;&gt;</a>&nbsp;&nbsp;&nbsp;LEsecurity_HW_aes_encrypt_128
</UL>

<P><STRONG><a name="[1cd]"></a>HW_set_rx_mode</STRONG> (Thumb, 18 bytes, Stack size 0 bytes, le_test.o(i.HW_set_rx_mode))
<BR><BR>[Called By]<UL><LI><a href="#[16d]">&gt;&gt;</a>&nbsp;&nbsp;&nbsp;LEtest_Ctrl_Handle_Test_Mode_Event
<LI><a href="#[1cc]">&gt;&gt;</a>&nbsp;&nbsp;&nbsp;_LEtest_Test_Event_Complete
<LI><a href="#[1cb]">&gt;&gt;</a>&nbsp;&nbsp;&nbsp;_LEtest_Prep_For_LE_Test_Rx
</UL>

<P><STRONG><a name="[1c8]"></a>HW_set_slave</STRONG> (Thumb, 18 bytes, Stack size 0 bytes, le_test.o(i.HW_set_slave))
<BR><BR>[Called By]<UL><LI><a href="#[16d]">&gt;&gt;</a>&nbsp;&nbsp;&nbsp;LEtest_Ctrl_Handle_Test_Mode_Event
</UL>

<P><STRONG><a name="[1ce]"></a>HWle_clear_tx_enable</STRONG> (Thumb, 12 bytes, Stack size 0 bytes, le_test.o(i.HWle_clear_tx_enable))
<BR><BR>[Called By]<UL><LI><a href="#[16c]">&gt;&gt;</a>&nbsp;&nbsp;&nbsp;LEtest_Test_Event_Begin
<LI><a href="#[16d]">&gt;&gt;</a>&nbsp;&nbsp;&nbsp;LEtest_Ctrl_Handle_Test_Mode_Event
<LI><a href="#[1cc]">&gt;&gt;</a>&nbsp;&nbsp;&nbsp;_LEtest_Test_Event_Complete
<LI><a href="#[1c9]">&gt;&gt;</a>&nbsp;&nbsp;&nbsp;_LEtest_Packet_Send_Complete
</UL>

<P><STRONG><a name="[1d6]"></a>HWle_set_rx_filters_active</STRONG> (Thumb, 20 bytes, Stack size 0 bytes, le_white_list.o(i.HWle_set_rx_filters_active))
<BR><BR>[Called By]<UL><LI><a href="#[195]">&gt;&gt;</a>&nbsp;&nbsp;&nbsp;LEwl_Clear_White_List
<LI><a href="#[1d5]">&gt;&gt;</a>&nbsp;&nbsp;&nbsp;LEwl_Add_Device_To_White_List
</UL>

<P><STRONG><a name="[1d7]"></a>hw_memcpy32</STRONG> (Thumb, 20 bytes, Stack size 8 bytes, le_white_list.o(i.hw_memcpy32))
<BR><BR>[Stack]<UL><LI>Max Depth = 8<LI>Call Chain = hw_memcpy32
</UL>
<BR>[Called By]<UL><LI><a href="#[1db]">&gt;&gt;</a>&nbsp;&nbsp;&nbsp;LEwl_Remove_Device_From_White_List
<LI><a href="#[1d5]">&gt;&gt;</a>&nbsp;&nbsp;&nbsp;LEwl_Add_Device_To_White_List
</UL>

<P><STRONG><a name="[d9]"></a>_fp_digits</STRONG> (Thumb, 412 bytes, Stack size 96 bytes, _printf_fp_dec.o(.text))
<BR><BR>[Stack]<UL><LI>Max Depth = 272<LI>Call Chain = _fp_digits &rArr; _btod_etento &rArr; _btod_emul &rArr; btod_internal_mul &rArr; __ARM_common_ll_muluu
</UL>
<BR>[Calls]<UL><LI><a href="#[dc]">&gt;&gt;</a>&nbsp;&nbsp;&nbsp;_btod_ediv
<LI><a href="#[dd]">&gt;&gt;</a>&nbsp;&nbsp;&nbsp;_btod_emul
<LI><a href="#[db]">&gt;&gt;</a>&nbsp;&nbsp;&nbsp;_btod_d2e
<LI><a href="#[da]">&gt;&gt;</a>&nbsp;&nbsp;&nbsp;_btod_etento
<LI><a href="#[d7]">&gt;&gt;</a>&nbsp;&nbsp;&nbsp;_ll_udiv10
</UL>
<BR>[Called By]<UL><LI><a href="#[66]">&gt;&gt;</a>&nbsp;&nbsp;&nbsp;_printf_fp_dec_real
</UL>

<P><STRONG><a name="[37]"></a>_printf_input_char</STRONG> (Thumb, 10 bytes, Stack size 0 bytes, _printf_char_common.o(.text))
<BR>[Address Reference Count : 1]<UL><LI> _printf_char_common.o(.text)
</UL>
<P><STRONG><a name="[e6]"></a>btod_internal_mul</STRONG> (Thumb, 492 bytes, Stack size 56 bytes, btod.o(.text))
<BR><BR>[Stack]<UL><LI>Max Depth = 80<LI>Call Chain = btod_internal_mul &rArr; __ARM_common_ll_muluu
</UL>
<BR>[Calls]<UL><LI><a href="#[e7]">&gt;&gt;</a>&nbsp;&nbsp;&nbsp;__ARM_common_ll_muluu
</UL>
<BR>[Called By]<UL><LI><a href="#[e8]">&gt;&gt;</a>&nbsp;&nbsp;&nbsp;_btod_emuld
<LI><a href="#[dd]">&gt;&gt;</a>&nbsp;&nbsp;&nbsp;_btod_emul
</UL>

<P><STRONG><a name="[e9]"></a>btod_internal_div</STRONG> (Thumb, 520 bytes, Stack size 64 bytes, btod.o(.text))
<BR><BR>[Stack]<UL><LI>Max Depth = 64<LI>Call Chain = btod_internal_div
</UL>
<BR>[Called By]<UL><LI><a href="#[ea]">&gt;&gt;</a>&nbsp;&nbsp;&nbsp;_btod_edivd
<LI><a href="#[dc]">&gt;&gt;</a>&nbsp;&nbsp;&nbsp;_btod_ediv
</UL>
<P>
<H3>
Undefined Global Symbols
</H3>
<P><STRONG><a name="[eb]"></a>_call_atexit_fns</STRONG> (ARM, 0 bytes, Stack size 0 bytes, UNDEFINED)
<BR><BR>[Called By]<UL><LI><a href="#[b7]">&gt;&gt;</a>&nbsp;&nbsp;&nbsp;exit
</UL>

<P><STRONG><a name="[d2]"></a>_printf_mbtowc</STRONG> (ARM, 0 bytes, Stack size 0 bytes, UNDEFINED)
<BR><BR>[Called By]<UL><LI><a href="#[d1]">&gt;&gt;</a>&nbsp;&nbsp;&nbsp;_printf_cs_common
</UL>

<P><STRONG><a name="[e2]"></a>_printf_wc</STRONG> (ARM, 0 bytes, Stack size 0 bytes, UNDEFINED)
<BR><BR>[Called By]<UL><LI><a href="#[e1]">&gt;&gt;</a>&nbsp;&nbsp;&nbsp;_printf_lcs_common
</UL>
<HR></body></html>
